Component: ARM Compiler 5.06 update 5 (build 528) Tool: armlink [4d35e2]

==============================================================================

Section Cross References

    glcd_spi_lpc1700.o(i.GLCD_Bargraph) refers to glcd_spi_lpc1700.o(i.GLCD_SetWindow) for GLCD_SetWindow
    glcd_spi_lpc1700.o(i.GLCD_Bargraph) refers to glcd_spi_lpc1700.o(i.wr_cmd) for wr_cmd
    glcd_spi_lpc1700.o(i.GLCD_Bargraph) refers to glcd_spi_lpc1700.o(i.wr_dat_start) for wr_dat_start
    glcd_spi_lpc1700.o(i.GLCD_Bargraph) refers to glcd_spi_lpc1700.o(i.wr_dat_only) for wr_dat_only
    glcd_spi_lpc1700.o(i.GLCD_Bargraph) refers to glcd_spi_lpc1700.o(.data) for .data
    glcd_spi_lpc1700.o(i.GLCD_Bitmap) refers to glcd_spi_lpc1700.o(i.GLCD_SetWindow) for GLCD_SetWindow
    glcd_spi_lpc1700.o(i.GLCD_Bitmap) refers to glcd_spi_lpc1700.o(i.wr_cmd) for wr_cmd
    glcd_spi_lpc1700.o(i.GLCD_Bitmap) refers to glcd_spi_lpc1700.o(i.wr_dat_start) for wr_dat_start
    glcd_spi_lpc1700.o(i.GLCD_Bitmap) refers to glcd_spi_lpc1700.o(i.wr_dat_only) for wr_dat_only
    glcd_spi_lpc1700.o(i.GLCD_Clear) refers to glcd_spi_lpc1700.o(i.GLCD_WindowMax) for GLCD_WindowMax
    glcd_spi_lpc1700.o(i.GLCD_Clear) refers to glcd_spi_lpc1700.o(i.wr_cmd) for wr_cmd
    glcd_spi_lpc1700.o(i.GLCD_Clear) refers to glcd_spi_lpc1700.o(i.wr_dat_start) for wr_dat_start
    glcd_spi_lpc1700.o(i.GLCD_Clear) refers to glcd_spi_lpc1700.o(i.wr_dat_only) for wr_dat_only
    glcd_spi_lpc1700.o(i.GLCD_ClearLn) refers to glcd_spi_lpc1700.o(i.GLCD_WindowMax) for GLCD_WindowMax
    glcd_spi_lpc1700.o(i.GLCD_ClearLn) refers to glcd_spi_lpc1700.o(i.GLCD_DisplayString) for GLCD_DisplayString
    glcd_spi_lpc1700.o(i.GLCD_DisplayChar) refers to glcd_spi_lpc1700.o(i.GLCD_DrawChar) for GLCD_DrawChar
    glcd_spi_lpc1700.o(i.GLCD_DisplayChar) refers to glcd_spi_lpc1700.o(.constdata) for .constdata
    glcd_spi_lpc1700.o(i.GLCD_DisplayString) refers to glcd_spi_lpc1700.o(i.GLCD_DisplayChar) for GLCD_DisplayChar
    glcd_spi_lpc1700.o(i.GLCD_DrawChar) refers to glcd_spi_lpc1700.o(i.GLCD_SetWindow) for GLCD_SetWindow
    glcd_spi_lpc1700.o(i.GLCD_DrawChar) refers to glcd_spi_lpc1700.o(i.wr_cmd) for wr_cmd
    glcd_spi_lpc1700.o(i.GLCD_DrawChar) refers to glcd_spi_lpc1700.o(i.wr_dat_start) for wr_dat_start
    glcd_spi_lpc1700.o(i.GLCD_DrawChar) refers to glcd_spi_lpc1700.o(i.wr_dat_only) for wr_dat_only
    glcd_spi_lpc1700.o(i.GLCD_DrawChar) refers to glcd_spi_lpc1700.o(.data) for .data
    glcd_spi_lpc1700.o(i.GLCD_Init) refers to glcd_spi_lpc1700.o(i.rd_id_man) for rd_id_man
    glcd_spi_lpc1700.o(i.GLCD_Init) refers to glcd_spi_lpc1700.o(i.wr_cmd) for wr_cmd
    glcd_spi_lpc1700.o(i.GLCD_Init) refers to glcd_spi_lpc1700.o(i.spi_tran) for spi_tran
    glcd_spi_lpc1700.o(i.GLCD_Init) refers to glcd_spi_lpc1700.o(i.wr_reg) for wr_reg
    glcd_spi_lpc1700.o(i.GLCD_Init) refers to glcd_spi_lpc1700.o(i.delay) for delay
    glcd_spi_lpc1700.o(i.GLCD_Init) refers to glcd_spi_lpc1700.o(.data) for .data
    glcd_spi_lpc1700.o(i.GLCD_PutPixel) refers to glcd_spi_lpc1700.o(i.wr_reg) for wr_reg
    glcd_spi_lpc1700.o(i.GLCD_PutPixel) refers to glcd_spi_lpc1700.o(i.wr_cmd) for wr_cmd
    glcd_spi_lpc1700.o(i.GLCD_PutPixel) refers to glcd_spi_lpc1700.o(i.wr_dat) for wr_dat
    glcd_spi_lpc1700.o(i.GLCD_PutPixel) refers to glcd_spi_lpc1700.o(.data) for .data
    glcd_spi_lpc1700.o(i.GLCD_SetBackColor) refers to glcd_spi_lpc1700.o(.data) for .data
    glcd_spi_lpc1700.o(i.GLCD_SetTextColor) refers to glcd_spi_lpc1700.o(.data) for .data
    glcd_spi_lpc1700.o(i.GLCD_SetWindow) refers to glcd_spi_lpc1700.o(i.wr_reg) for wr_reg
    glcd_spi_lpc1700.o(i.GLCD_SetWindow) refers to glcd_spi_lpc1700.o(.data) for .data
    glcd_spi_lpc1700.o(i.GLCD_WindowMax) refers to glcd_spi_lpc1700.o(i.GLCD_SetWindow) for GLCD_SetWindow
    glcd_spi_lpc1700.o(i.GLCD_WrCmd) refers to glcd_spi_lpc1700.o(i.wr_cmd) for wr_cmd
    glcd_spi_lpc1700.o(i.GLCD_WrReg) refers to glcd_spi_lpc1700.o(i.wr_reg) for wr_reg
    glcd_spi_lpc1700.o(i.rd_id_man) refers to glcd_spi_lpc1700.o(i.spi_tran_man) for spi_tran_man
    glcd_spi_lpc1700.o(i.spi_tran_man) refers to glcd_spi_lpc1700.o(i.delay) for delay
    glcd_spi_lpc1700.o(i.wr_cmd) refers to glcd_spi_lpc1700.o(i.spi_tran) for spi_tran
    glcd_spi_lpc1700.o(i.wr_dat) refers to glcd_spi_lpc1700.o(i.spi_tran) for spi_tran
    glcd_spi_lpc1700.o(i.wr_dat_only) refers to glcd_spi_lpc1700.o(i.spi_tran) for spi_tran
    glcd_spi_lpc1700.o(i.wr_dat_start) refers to glcd_spi_lpc1700.o(i.spi_tran) for spi_tran
    glcd_spi_lpc1700.o(i.wr_reg) refers to glcd_spi_lpc1700.o(i.wr_cmd) for wr_cmd
    glcd_spi_lpc1700.o(i.wr_reg) refers to glcd_spi_lpc1700.o(i.wr_dat) for wr_dat
    lfsr113.o(i.lfsr113) refers to lfsr113.o(.data) for .data
    random.o(i.next_event) refers to lfsr113.o(i.lfsr113) for lfsr113
    random.o(i.next_event) refers to random.o(.data) for .data
[...]
    Removing led.o(i.LED_set), (32 bytes).
    Removing led.o(i.LED_setup), (36 bytes).
    Removing led.o(.constdata), (8 bytes).
    Removing rtx_conf_cm.o(.constdata), (4 bytes).
    Removing rtx_conf_cm.o(.constdata), (2 bytes).
    Removing rtx_conf_cm.o(.constdata), (2 bytes).
    Removing rtx_conf_cm.o(.data), (4 bytes).
    Removing startup_lpc17xx.o(HEAP), (8192 bytes).
    Removing system_lpc17xx.o(.rev16_text), (4 bytes).
    Removing system_lpc17xx.o(.revsh_text), (4 bytes).
    Removing system_lpc17xx.o(.rrx_text), (6 bytes).
    Removing system_lpc17xx.o(i.SystemCoreClockUpdate), (208 bytes).
    Removing rt_cmsis.o(.rev16_text), (4 bytes).
    Removing rt_cmsis.o(.revsh_text), (4 bytes).
    Removing rt_cmsis.o(.rrx_text), (6 bytes).
    Removing rt_cmsis.o(i.isrSemaphoreRelease), (40 bytes).
    Removing rt_cmsis.o(i.isrSignalSet), (36 bytes).
    Removing rt_cmsis.o(i.osKernelRunning), (36 bytes).
    Removing rt_cmsis.o(i.osKernelSysTick), (24 bytes).
    Removing rt_cmsis.o(i.osMailAlloc), (28 bytes).
    Removing rt_cmsis.o(i.osMailCAlloc), (48 bytes).
    Removing rt_cmsis.o(i.osMailCreate), (44 bytes).
    Removing rt_cmsis.o(i.osMailFree), (28 bytes).
    Removing rt_cmsis.o(i.osMailGet), (22 bytes).
    Removing rt_cmsis.o(i.osMailPut), (20 bytes).
    Removing rt_cmsis.o(i.osMessageCreate), (44 bytes).
    Removing rt_cmsis.o(i.osMessagePut), (24 bytes).
    Removing rt_cmsis.o(i.osMutexDelete), (24 bytes).
    Removing rt_cmsis.o(i.osPoolAlloc), (32 bytes).
    Removing rt_cmsis.o(i.osPoolCAlloc), (52 bytes).
    Removing rt_cmsis.o(i.osPoolCreate), (44 bytes).
    Removing rt_cmsis.o(i.osPoolFree), (32 bytes).
    Removing rt_cmsis.o(i.osSemaphoreCreate), (44 bytes).
    Removing rt_cmsis.o(i.osSemaphoreDelete), (24 bytes).
    Removing rt_cmsis.o(i.osSemaphoreRelease), (24 bytes).
    Removing rt_cmsis.o(i.osSemaphoreWait), (24 bytes).
    Removing rt_cmsis.o(i.osSignalClear), (24 bytes).
    Removing rt_cmsis.o(i.osSignalSet), (24 bytes).
    Removing rt_cmsis.o(i.osSignalWait), (24 bytes).
    Removing rt_cmsis.o(i.osThreadGetId), (24 bytes).
    Removing rt_cmsis.o(i.osThreadGetPriority), (24 bytes).
    Removing rt_cmsis.o(i.osThreadSetPriority), (24 bytes).
    Removing rt_cmsis.o(i.osThreadTerminate), (24 bytes).
    Removing rt_cmsis.o(i.osTimerCreate), (44 bytes).
    Removing rt_cmsis.o(i.osTimerDelete), (24 bytes).
    Removing rt_cmsis.o(i.osTimerStart), (24 bytes).
    Removing rt_cmsis.o(i.osTimerStop), (24 bytes).
    Removing rt_cmsis.o(i.osWait), (4 bytes).
    Removing rt_cmsis.o(i.os_resume), (12 bytes).
    Removing rt_cmsis.o(i.os_suspend), (12 bytes).
    Removing rt_cmsis.o(i.rt_clr_box), (24 bytes).
    Removing rt_cmsis.o(i.rt_timer_remove), (60 bytes).
    Removing rt_cmsis.o(i.svcKernelRunning), (12 bytes).
    Removing rt_cmsis.o(i.svcKernelSysTick), (56 bytes).
    Removing rt_cmsis.o(i.svcMailCreate), (66 bytes).
    Removing rt_cmsis.o(i.svcMessagePut), (54 bytes).
    Removing rt_cmsis.o(i.svcMutexDelete), (26 bytes).
    Removing rt_cmsis.o(i.svcPoolCreate), (40 bytes).
    Removing rt_cmsis.o(i.svcSemaphoreCreate), (36 bytes).
    Removing rt_cmsis.o(i.svcSemaphoreDelete), (26 bytes).
    Removing rt_cmsis.o(i.svcSemaphoreRelease), (40 bytes).
    Removing rt_cmsis.o(i.svcSemaphoreWait), (50 bytes).
    Removing rt_cmsis.o(i.svcSignalClear), (36 bytes).
    Removing rt_cmsis.o(i.svcSignalSet), (36 bytes).
    Removing rt_cmsis.o(i.svcSignalWait), (84 bytes).
    Removing rt_cmsis.o(i.svcThreadGetPriority), (18 bytes).
    Removing rt_cmsis.o(i.svcThreadSetPriority), (46 bytes).
    Removing rt_cmsis.o(i.svcTimerCreate), (56 bytes).
    Removing rt_cmsis.o(i.svcTimerDelete), (40 bytes).
    Removing rt_cmsis.o(i.svcTimerStart), (100 bytes).
    Removing rt_cmsis.o(i.svcTimerStop), (36 bytes).
    Removing rt_cmsis.o(i.sysMailAlloc), (88 bytes).
    Removing rt_cmsis.o(i.sysMailFree), (96 bytes).
    Removing rt_cmsis.o(i.sysPoolAlloc), (10 bytes).
    Removing rt_cmsis.o(i.sysPoolFree), (20 bytes).
    Removing rt_cmsis.o(i.sysUserTimerUpdate), (48 bytes).
    Removing rt_cmsis.o(i.sysUserTimerWakeupTime), (20 bytes).
    Removing rt_system.o(.emb_text), (0 bytes).
    Removing rt_system.o(i.os_tick_ovf), (16 bytes).
    Removing rt_system.o(i.os_tick_val), (20 bytes).
    Removing rt_system.o(i.rt_resume), (136 bytes).
    Removing rt_system.o(i.rt_suspend), (36 bytes).
    Removing rt_system.o(i.rt_tsk_lock), (80 bytes).
    Removing rt_system.o(i.rt_tsk_unlock), (80 bytes).
    Removing rt_event.o(i.isr_evt_set), (40 bytes).
    Removing rt_event.o(i.rt_evt_clr), (28 bytes).
    Removing rt_event.o(i.rt_evt_get), (12 bytes).
    Removing rt_event.o(i.rt_evt_set), (92 bytes).
    Removing rt_event.o(i.rt_evt_wait), (60 bytes).
    Removing rt_mailbox.o(i.rt_mbx_send), (152 bytes).
    Removing rt_semaphore.o(i.isr_sem_send), (16 bytes).
    Removing rt_semaphore.o(i.rt_sem_delete), (92 bytes).
    Removing rt_semaphore.o(i.rt_sem_init), (12 bytes).
    Removing rt_semaphore.o(i.rt_sem_send), (42 bytes).
    Removing rt_semaphore.o(i.rt_sem_wait), (64 bytes).
    Removing rt_time.o(i.rt_itv_set), (24 bytes).
    Removing rt_time.o(i.rt_itv_wait), (40 bytes).
    Removing rt_time.o(i.rt_time_get), (12 bytes).
    Removing rt_mutex.o(i.rt_mut_delete), (176 bytes).
    Removing rt_membox.o(i._calloc_box), (30 bytes).
    Removing dadd.o(.text), (334 bytes).
    Removing dmul.o(.text), (228 bytes).
    Removing ddiv.o(.text), (222 bytes).
    Removing dfixul.o(.text), (48 bytes).
    Removing cdrcmple.o(.text), (48 bytes).
    Removing depilogue.o(.text), (186 bytes).

147 unused section(s) (total 15066 bytes) removed from the image.

==============================================================================

Image Symbol Table

    Local Symbols

    Symbol Name                              Value     Ov Type        Size  Object(Section)

    RESET                                    0x00000000   Section      204  startup_lpc17xx.o(RESET)
    ../clib/../cmprslib/lz77c.c              0x00000000   Number         0  __dclz77c.o ABSOLUTE
    ../clib/microlib/division.c              0x00000000   Number         0  uldiv.o ABSOLUTE
    ../clib/microlib/division.c              0x00000000   Number         0  uidiv.o ABSOLUTE
    ../clib/microlib/init/entry.s            0x00000000   Number         0  entry5.o ABSOLUTE
    ../clib/microlib/init/entry.s            0x00000000   Number         0  entry11b.o ABSOLUTE
    ../clib/microlib/init/entry.s            0x00000000   Number         0  entry11a.o ABSOLUTE
    ../clib/microlib/init/entry.s            0x00000000   Number         0  entry8a.o ABSOLUTE
    ../clib/microlib/init/entry.s            0x00000000   Number         0  entry8b.o ABSOLUTE
    ../clib/microlib/init/entry.s            0x00000000   Number         0  entry2.o ABSOLUTE
    ../clib/microlib/init/entry.s            0x00000000   Number         0  entry.o ABSOLUTE
    ../clib/microlib/init/entry.s            0x00000000   Number         0  entry7b.o ABSOLUTE
    ../clib/microlib/init/entry.s            0x00000000   Number         0  entry7a.o ABSOLUTE
    ../clib/microlib/init/entry.s            0x00000000   Number         0  entry10b.o ABSOLUTE
    ../clib/microlib/init/entry.s            0x00000000   Number         0  entry10a.o ABSOLUTE
    ../clib/microlib/longlong.c              0x00000000   Number         0  llsshr.o ABSOLUTE
    ../clib/microlib/longlong.c              0x00000000   Number         0  llshl.o ABSOLUTE
    ../clib/microlib/longlong.c              0x00000000   Number         0  llushr.o ABSOLUTE
    ../clib/microlib/printf/printf.c         0x00000000   Number         0  printf2.o ABSOLUTE
    ../clib/microlib/printf/printf.c         0x00000000   Number         0  printf4.o ABSOLUTE
    ../clib/microlib/printf/printf.c         0x00000000   Number         0  printf5.o ABSOLUTE
    ../clib/microlib/printf/printf.c         0x00000000   Number         0  printf6.o ABSOLUTE
    ../clib/microlib/printf/printf.c         0x00000000   Number         0  printf7.o ABSOLUTE
    ../clib/microlib/printf/printf.c         0x00000000   Number         0  printfa.o ABSOLUTE
    ../clib/microlib/printf/printf.c         0x00000000   Number         0  printf8.o ABSOLUTE
    ../clib/microlib/printf/printf.c         0x00000000   Number         0  printfb.o ABSOLUTE
    ../clib/microlib/printf/printf.c         0x00000000   Number         0  printf0.o ABSOLUTE
    ../clib/microlib/printf/printf.c         0x00000000   Number         0  printf1.o ABSOLUTE
    ../clib/microlib/printf/printf.c         0x00000000   Number         0  printf3.o ABSOLUTE
    ../clib/microlib/printf/stubs.s          0x00000000   Number         0  stubs.o ABSOLUTE
    ../clib/microlib/stubs.s                 0x00000000   Number         0  iusefp.o ABSOLUTE
    ../fplib/microlib/fpadd.c                0x00000000   Number         0  dadd.o ABSOLUTE
    ../fplib/microlib/fpdiv.c                0x00000000   Number         0  ddiv.o ABSOLUTE
    ../fplib/microlib/fpepilogue.c           0x00000000   Number         0  depilogue.o ABSOLUTE
    ../fplib/microlib/fpfix.c                0x00000000   Number         0  dfixul.o ABSOLUTE
    ../fplib/microlib/fpmul.c                0x00000000   Number         0  dmul.o ABSOLUTE
    ..\HAL_CM.c                              0x00000000   Number         0  hal_cm.o ABSOLUTE
    ..\\rt_CMSIS.c                           0x00000000   Number         0  rt_cmsis.o ABSOLUTE
    ..\\rt_System.c                          0x00000000   Number         0  rt_system.o ABSOLUTE
    ..\rt_CMSIS.c                            0x00000000   Number         0  rt_cmsis.o ABSOLUTE
    ..\rt_Event.c                            0x00000000   Number         0  rt_event.o ABSOLUTE
    ..\rt_List.c                             0x00000000   Number         0  rt_list.o ABSOLUTE
    ..\rt_Mailbox.c                          0x00000000   Number         0  rt_mailbox.o ABSOLUTE
    ..\rt_MemBox.c                           0x00000000   Number         0  rt_membox.o ABSOLUTE
    ..\rt_Memory.c                           0x00000000   Number         0  rt_memory.o ABSOLUTE
    ..\rt_Mutex.c                            0x00000000   Number         0  rt_mutex.o ABSOLUTE
    ..\rt_Robin.c                            0x00000000   Number         0  rt_robin.o ABSOLUTE
    ..\rt_Semaphore.c                        0x00000000   Number         0  rt_semaphore.o ABSOLUTE
    ..\rt_System.c                           0x00000000   Number         0  rt_system.o ABSOLUTE
    ..\rt_Task.c                             0x00000000   Number         0  rt_task.o ABSOLUTE
    ..\rt_Time.c                             0x00000000   Number         0  rt_time.o ABSOLUTE
    GLCD_SPI_LPC1700.c                       0x00000000   Number         0  glcd_spi_lpc1700.o ABSOLUTE
    GLCD_SPI_LPC1700.c                       0x00000000   Number         0  glcd_spi_lpc1700.o ABSOLUTE
    HAL_CM3.c                                0x00000000   Number         0  hal_cm3.o ABSOLUTE
    HAL_CM3.c                                0x00000000   Number         0  hal_cm3.o ABSOLUTE
    RTE\CMSIS\RTX_Conf_CM.c                  0x00000000   Number         0  rtx_conf_cm.o ABSOLUTE
    RTE\Device\LPC1768\startup_LPC17xx.s     0x00000000   Number         0  startup_lpc17xx.o ABSOLUTE
    RTE\Device\LPC1768\system_LPC17xx.c      0x00000000   Number         0  system_lpc17xx.o ABSOLUTE
    RTE\\Device\\LPC1768\\system_LPC17xx.c   0x00000000   Number         0  system_lpc17xx.o ABSOLUTE
    Retarget.c                               0x00000000   Number         0  retarget.o ABSOLUTE
    SVC_Table.s                              0x00000000   Number         0  svc_table.o ABSOLUTE
    blackH.c                                 0x00000000   Number         0  blackh.o ABSOLUTE
    blackV.c                                 0x00000000   Number         0  blackv.o ABSOLUTE
    cdrcmple.s                               0x00000000   Number         0  cdrcmple.o ABSOLUTE
    dc.s                                     0x00000000   Number         0  dc.o ABSOLUTE
    handlers.s                               0x00000000   Number         0  handlers.o ABSOLUTE
    init.s                                   0x00000000   Number         0  init.o ABSOLUTE
    led.c                                    0x00000000   Number         0  led.o ABSOLUTE
    led.c                                    0x00000000   Number         0  led.o ABSOLUTE
    lfsr113.c                                0x00000000   Number         0  lfsr113.o ABSOLUTE
    main.c                                   0x00000000   Number         0  main.o ABSOLUTE
    main.c                                   0x00000000   Number         0  main.o ABSOLUTE
    o.c                                      0x00000000   Number         0  o.o ABSOLUTE
    random.c                                 0x00000000   Number         0  random.o ABSOLUTE
    redP.c                                   0x00000000   Number         0  redp.o ABSOLUTE
    uart.c                                   0x00000000   Number         0  uart.o ABSOLUTE
    uart.c                                   0x00000000   Number         0  uart.o ABSOLUTE
    white.c                                  0x00000000   Number         0  white.o ABSOLUTE
    x.c                                      0x00000000   Number         0  x.o ABSOLUTE
    .ARM.Collect$$$$00000000                 0x000000cc   Section        0  entry.o(.ARM.Collect$$$$00000000)
    .ARM.Collect$$$$00000001                 0x000000cc   Section        4  entry2.o(.ARM.Collect$$$$00000001)
    .ARM.Collect$$$$00000004                 0x000000d0   Section        4  entry5.o(.ARM.Collect$$$$00000004)
    .ARM.Collect$$$$00000008                 0x000000d4   Section        0  entry7b.o(.ARM.Collect$$$$00000008)
    .ARM.Collect$$$$0000000A                 0x000000d4   Section        0  entry8b.o(.ARM.Collect$$$$0000000A)
    .ARM.Collect$$$$0000000D                 0x000000d4   Section        0  entry10a.o(.ARM.Collect$$$$0000000D)
    .ARM.Collect$$$$0000000F                 0x000000d4   Section        0  entry11a.o(.ARM.Collect$$$$0000000F)
    .ARM.Collect$$$$000000FF                 0x000000d4   Section        0  rtx_conf_cm.o(.ARM.Collect$$$$000000FF)
    .ARM.Collect$$$$00002712                 0x000000ec   Section        4  entry2.o(.ARM.Collect$$$$00002712)
    __lit__00000000                          0x000000ec   Data           4  entry2.o(.ARM.Collect$$$$00002712)
    .emb_text                                0x000000f0   Section      304  hal_cm3.o(.emb_text)
    .text                                    0x00000220   Section       36  startup_lpc17xx.o(.text)
    .text                                    0x00000244   Section        0  uidiv.o(.text)
    .text                                    0x00000270   Section       36  init.o(.text)
    .text                                    0x00000294   Section        0  __dclz77c.o(.text)
    SVC_TABLE                                0x000002f4   Section        4  svc_table.o(SVC_TABLE)
    i.__scatterload_null                     0x000002f8   Section        2  handlers.o(i.__scatterload_null)
    i.os_error                               0x000002fa   Section        0  rtx_conf_cm.o(i.os_error)
    .ARM.__at_0x02FC                         0x000002fc   Section        4  startup_lpc17xx.o(.ARM.__at_0x02FC)
    i.FreeRcv                                0x00000300   Section        0  uart.o(i.FreeRcv)
    i.FreeSnd                                0x00000318   Section        0  uart.o(i.FreeSnd)
    i.GLCD_Bitmap                            0x00000330   Section        0  glcd_spi_lpc1700.o(i.GLCD_Bitmap)
    i.GLCD_Clear                             0x00000378   Section        0  glcd_spi_lpc1700.o(i.GLCD_Clear)
    i.GLCD_DisplayChar                       0x000003a8   Section        0  glcd_spi_lpc1700.o(i.GLCD_DisplayChar)
    i.GLCD_DisplayString                     0x000003f4   Section        0  glcd_spi_lpc1700.o(i.GLCD_DisplayString)
    i.GLCD_DrawChar                          0x0000041c   Section        0  glcd_spi_lpc1700.o(i.GLCD_DrawChar)
    i.GLCD_Init                              0x000004b0   Section        0  glcd_spi_lpc1700.o(i.GLCD_Init)
    i.GLCD_SetBackColor                      0x00000a74   Section        0  glcd_spi_lpc1700.o(i.GLCD_SetBackColor)
    i.GLCD_SetTextColor                      0x00000a80   Section        0  glcd_spi_lpc1700.o(i.GLCD_SetTextColor)
    i.GLCD_SetWindow                         0x00000a8c   Section        0  glcd_spi_lpc1700.o(i.GLCD_SetWindow)
    i.GLCD_WindowMax                         0x00000b24   Section        0  glcd_spi_lpc1700.o(i.GLCD_WindowMax)
    i.SystemInit                             0x00000b34   Section        0  system_lpc17xx.o(i.SystemInit)
    i.UART0_IRQHandler                       0x00000c04   Section        0  uart.o(i.UART0_IRQHandler)
    i.UART1_IRQHandler                       0x00000c50   Section        0  uart.o(i.UART1_IRQHandler)
    i.UARTInit                               0x00000c9c   Section        0  uart.o(i.UARTInit)
    i.UARTSendChar                           0x00000d38   Section        0  uart.o(i.UARTSendChar)
    i.__0printf$1                            0x00000d54   Section        0  printf1.o(i.__0printf$1)
    i.__NVIC_EnableIRQ                       0x00000d74   Section        0  uart.o(i.__NVIC_EnableIRQ)
    __NVIC_EnableIRQ                         0x00000d75   Thumb Code    26  uart.o(i.__NVIC_EnableIRQ)
    i.__scatterload_copy                     0x00000d8e   Section       14  handlers.o(i.__scatterload_copy)
    i.__scatterload_zeroinit                 0x00000d9c   Section       14  handlers.o(i.__scatterload_zeroinit)
    i._init_box                              0x00000daa   Section        0  rt_membox.o(i._init_box)
    i._printf_core                           0x00000df0   Section        0  printf1.o(i._printf_core)
    _printf_core                             0x00000df1   Thumb Code   336  printf1.o(i._printf_core)
    i.board                                  0x00000f44   Section        0  main.o(i.board)
    i.computer                               0x00001228   Section        0  main.o(i.computer)
    i.dbg_init                               0x00001538   Section        0  hal_cm.o(i.dbg_init)
    i.dbg_task_notify                        0x00001568   Section        0  hal_cm.o(i.dbg_task_notify)
    i.dbg_task_switch                        0x00001588   Section        0  hal_cm.o(i.dbg_task_switch)
    i.delay                                  0x00001598   Section        0  glcd_spi_lpc1700.o(i.delay)
    delay                                    0x00001599   Thumb Code     8  glcd_spi_lpc1700.o(i.delay)
    i.fputc                                  0x000015a0   Section        0  retarget.o(i.fputc)
    i.gameManagement                         0x000015a4   Section        0  main.o(i.gameManagement)
    i.getFrequency                           0x00001874   Section        0  uart.o(i.getFrequency)
    i.isrMessageGet                          0x000018a4   Section        0  rt_cmsis.o(i.isrMessageGet)
    i.isrMessagePut                          0x000018ce   Section        0  rt_cmsis.o(i.isrMessagePut)
    i.isr_mbx_receive                        0x000018fc   Section        0  rt_mailbox.o(i.isr_mbx_receive)
    i.isr_mbx_send                           0x00001952   Section        0  rt_mailbox.o(i.isr_mbx_send)
    i.main                                   0x00001960   Section        0  main.o(i.main)
    i.osDelay                                0x00001b1c   Section        0  rt_cmsis.o(i.osDelay)
    i.osKernelInitialize                     0x00001b34   Section        0  rt_cmsis.o(i.osKernelInitialize)
    i.osKernelStart                          0x00001b58   Section        0  rt_cmsis.o(i.osKernelStart)
    i.osMessageGet                           0x00001bc4   Section        0  rt_cmsis.o(i.osMessageGet)
    i.osMutexCreate                          0x00001bdc   Section        0  rt_cmsis.o(i.osMutexCreate)
    i.osMutexRelease                         0x00001c08   Section        0  rt_cmsis.o(i.osMutexRelease)
    i.osMutexWait                            0x00001c20   Section        0  rt_cmsis.o(i.osMutexWait)
    i.osThreadCreate                         0x00001c38   Section        0  rt_cmsis.o(i.osThreadCreate)
    i.osThreadExit                           0x00001c64   Section        0  rt_cmsis.o(i.osThreadExit)
    i.osThreadYield                          0x00001c7c   Section        0  rt_cmsis.o(i.osThreadYield)
    i.osTimerCall                            0x00001c94   Section        0  rt_cmsis.o(i.osTimerCall)
    i.osTimerThread                          0x00001ca0   Section        0  rt_cmsis.o(i.osTimerThread)
    i.os_idle_demon                          0x00001ccc   Section        0  rtx_conf_cm.o(i.os_idle_demon)
    i.os_tick_init                           0x00001cd0   Section        0  rt_system.o(i.os_tick_init)
    i.os_tick_irqack                         0x00001cf8   Section        0  rt_system.o(i.os_tick_irqack)
    i.player                                 0x00001cfc   Section        0  main.o(i.player)
    i.rd_id_man                              0x00001de8   Section        0  glcd_spi_lpc1700.o(i.rd_id_man)
    rd_id_man                                0x00001de9   Thumb Code   104  glcd_spi_lpc1700.o(i.rd_id_man)
    i.rt_alloc_box                           0x00001e58   Section        0  rt_membox.o(i.rt_alloc_box)
    i.rt_alloc_mem                           0x00001e72   Section        0  rt_memory.o(i.rt_alloc_mem)
    i.rt_block                               0x00001eb0   Section        0  rt_task.o(i.rt_block)
    i.rt_chk_robin                           0x00001ee8   Section        0  rt_robin.o(i.rt_chk_robin)
    i.rt_dec_dly                             0x00001f30   Section        0  rt_list.o(i.rt_dec_dly)
    i.rt_dispatch                            0x00001fa0   Section        0  rt_task.o(i.rt_dispatch)
    i.rt_dly_wait                            0x00001fe4   Section        0  rt_time.o(i.rt_dly_wait)
    i.rt_evt_psh                             0x00001fec   Section        0  rt_event.o(i.rt_evt_psh)
    i.rt_free_box                            0x0000203c   Section        0  rt_membox.o(i.rt_free_box)
    i.rt_free_mem                            0x00002068   Section        0  rt_memory.o(i.rt_free_mem)
    i.rt_get_first                           0x00002090   Section        0  rt_list.o(i.rt_get_first)
    i.rt_get_same_rdy_prio                   0x000020b8   Section        0  rt_list.o(i.rt_get_same_rdy_prio)
    i.rt_id2obj                              0x000020dc   Section        0  rt_cmsis.o(i.rt_id2obj)
    rt_id2obj                                0x000020dd   Thumb Code     8  rt_cmsis.o(i.rt_id2obj)
    i.rt_init_context                        0x000020e4   Section        0  rt_task.o(i.rt_init_context)
    rt_init_context                          0x000020e5   Thumb Code    66  rt_task.o(i.rt_init_context)
    i.rt_init_mem                            0x0000212c   Section        0  rt_memory.o(i.rt_init_mem)
    i.rt_init_robin                          0x00002148   Section        0  rt_robin.o(i.rt_init_robin)
    i.rt_init_stack                          0x00002160   Section        0  hal_cm.o(i.rt_init_stack)
    i.rt_mbx_check                           0x000021e0   Section        0  rt_mailbox.o(i.rt_mbx_check)
    i.rt_mbx_init                            0x000021e8   Section        0  rt_mailbox.o(i.rt_mbx_init)
    i.rt_mbx_psh                             0x00002204   Section        0  rt_mailbox.o(i.rt_mbx_psh)
    i.rt_mbx_wait                            0x000022f4   Section        0  rt_mailbox.o(i.rt_mbx_wait)
    i.rt_ms2tick                             0x000023a8   Section        0  rt_cmsis.o(i.rt_ms2tick)
    rt_ms2tick                               0x000023a9   Thumb Code    58  rt_cmsis.o(i.rt_ms2tick)
    i.rt_mut_init                            0x000023ec   Section        0  rt_mutex.o(i.rt_mut_init)
    i.rt_mut_release                         0x000023fc   Section        0  rt_mutex.o(i.rt_mut_release)
    i.rt_mut_wait                            0x000024d4   Section        0  rt_mutex.o(i.rt_mut_wait)
    i.rt_pop_req                             0x0000254c   Section        0  rt_system.o(i.rt_pop_req)
    i.rt_psh_req                             0x000025c8   Section        0  rt_system.o(i.rt_psh_req)
    i.rt_psq_enq                             0x000025e8   Section        0  rt_list.o(i.rt_psq_enq)
    i.rt_put_dly                             0x00002644   Section        0  rt_list.o(i.rt_put_dly)
    i.rt_put_prio                            0x0000268c   Section        0  rt_list.o(i.rt_put_prio)
    i.rt_put_rdy_first                       0x000026c4   Section        0  rt_list.o(i.rt_put_rdy_first)
    i.rt_resort_prio                         0x000026d8   Section        0  rt_list.o(i.rt_resort_prio)
    i.rt_ret_val                             0x0000270c   Section        0  hal_cm.o(i.rt_ret_val)
    i.rt_ret_val2                            0x00002712   Section        0  hal_cm.o(i.rt_ret_val2)
    i.rt_rmv_dly                             0x0000271a   Section        0  rt_list.o(i.rt_rmv_dly)
    i.rt_rmv_list                            0x00002744   Section        0  rt_list.o(i.rt_rmv_list)
    i.rt_sem_psh                             0x00002774   Section        0  rt_semaphore.o(i.rt_sem_psh)
    i.rt_stk_check                           0x000027a8   Section        0  rt_system.o(i.rt_stk_check)
    i.rt_switch_req                          0x000027cc   Section        0  rt_task.o(i.rt_switch_req)
    i.rt_sys_init                            0x000027f4   Section        0  rt_task.o(i.rt_sys_init)
    i.rt_sys_start                           0x000028c0   Section        0  rt_task.o(i.rt_sys_start)
    i.rt_systick                             0x00002938   Section        0  rt_system.o(i.rt_systick)
    i.rt_tid2ptcb                            0x00002978   Section        0  rt_cmsis.o(i.rt_tid2ptcb)
    rt_tid2ptcb                              0x00002979   Thumb Code    18  rt_cmsis.o(i.rt_tid2ptcb)
    i.rt_timer_insert                        0x0000298c   Section        0  rt_cmsis.o(i.rt_timer_insert)
    rt_timer_insert                          0x0000298d   Thumb Code    48  rt_cmsis.o(i.rt_timer_insert)
    i.rt_tsk_create                          0x000029c0   Section        0  rt_task.o(i.rt_tsk_create)
    i.rt_tsk_delete                          0x00002a48   Section        0  rt_task.o(i.rt_tsk_delete)
    i.rt_tsk_pass                            0x00002bc4   Section        0  rt_task.o(i.rt_tsk_pass)
    i.rt_tsk_prio                            0x00002bf4   Section        0  rt_task.o(i.rt_tsk_prio)
    i.rt_tsk_self                            0x00002c70   Section        0  rt_task.o(i.rt_tsk_self)
    i.sendchar                               0x00002c80   Section        0  retarget.o(i.sendchar)
    i.spi_tran                               0x00002cbc   Section        0  glcd_spi_lpc1700.o(i.spi_tran)
    spi_tran                                 0x00002cbd   Thumb Code    16  glcd_spi_lpc1700.o(i.spi_tran)
    i.spi_tran_man                           0x00002cd0   Section        0  glcd_spi_lpc1700.o(i.spi_tran_man)
    spi_tran_man                             0x00002cd1   Thumb Code   106  glcd_spi_lpc1700.o(i.spi_tran_man)
    i.svcDelay                               0x00002d40   Section        0  rt_cmsis.o(i.svcDelay)
    i.svcKernelInitialize                    0x00002d54   Section        0  rt_cmsis.o(i.svcKernelInitialize)
    i.svcKernelStart                         0x00002dc4   Section        0  rt_cmsis.o(i.svcKernelStart)
    i.svcMessageCreate                       0x00002e0c   Section        0  rt_cmsis.o(i.svcMessageCreate)
    i.svcMessageGet                          0x00002e30   Section        0  rt_cmsis.o(i.svcMessageGet)
    i.svcMutexCreate                         0x00002e6a   Section        0  rt_cmsis.o(i.svcMutexCreate)
    i.svcMutexRelease                        0x00002e86   Section        0  rt_cmsis.o(i.svcMutexRelease)
    i.svcMutexWait                           0x00002ea8   Section        0  rt_cmsis.o(i.svcMutexWait)
    i.svcThreadCreate                        0x00002ee4   Section        0  rt_cmsis.o(i.svcThreadCreate)
    i.svcThreadGetId                         0x00002f50   Section        0  rt_cmsis.o(i.svcThreadGetId)
    i.svcThreadTerminate                     0x00002f6c   Section        0  rt_cmsis.o(i.svcThreadTerminate)
    i.svcThreadYield                         0x00002fa4   Section        0  rt_cmsis.o(i.svcThreadYield)
    i.svcTimerCall                           0x00002fae   Section        0  rt_cmsis.o(i.svcTimerCall)
    i.sysTimerTick                           0x00002fc8   Section        0  rt_cmsis.o(i.sysTimerTick)
    i.wr_cmd                                 0x00003024   Section        0  glcd_spi_lpc1700.o(i.wr_cmd)
    wr_cmd                                   0x00003025   Thumb Code    32  glcd_spi_lpc1700.o(i.wr_cmd)
    i.wr_dat                                 0x00003048   Section        0  glcd_spi_lpc1700.o(i.wr_dat)
    wr_dat                                   0x00003049   Thumb Code    32  glcd_spi_lpc1700.o(i.wr_dat)
    i.wr_dat_only                            0x0000306c   Section        0  glcd_spi_lpc1700.o(i.wr_dat_only)
    wr_dat_only                              0x0000306d   Thumb Code    20  glcd_spi_lpc1700.o(i.wr_dat_only)
    i.wr_dat_start                           0x00003080   Section        0  glcd_spi_lpc1700.o(i.wr_dat_start)
    wr_dat_start                             0x00003081   Thumb Code    12  glcd_spi_lpc1700.o(i.wr_dat_start)
    i.wr_reg                                 0x00003090   Section        0  glcd_spi_lpc1700.o(i.wr_reg)
    wr_reg                                   0x00003091   Thumb Code    18  glcd_spi_lpc1700.o(i.wr_reg)
    .constdata                               0x000030a2   Section     6272  glcd_spi_lpc1700.o(.constdata)
    .constdata                               0x00004924   Section     6140  main.o(.constdata)
    redP                                     0x00004924   Data           2  main.o(.constdata)
    whiteBitmap                              0x0000493c   Data        6050  main.o(.constdata)
    .constdata                               0x00006120   Section        2  rtx_conf_cm.o(.constdata)
    .constdata                               0x00006124   Section        4  rtx_conf_cm.o(.constdata)
    .constdata                               0x00006128   Section        4  rtx_conf_cm.o(.constdata)
    .constdata                               0x0000612c   Section        4  rtx_conf_cm.o(.constdata)
    .constdata                               0x00006130   Section        1  rtx_conf_cm.o(.constdata)
    .constdata                               0x00006134   Section       32  rtx_conf_cm.o(.constdata)
    __tagsym$$used                           0x00006134   Number         0  rtx_conf_cm.o(.constdata)
    __tagsym$$used                           0x00006138   Number         0  rtx_conf_cm.o(.constdata)
    __tagsym$$used                           0x0000613c   Number         0  rtx_conf_cm.o(.constdata)
    __tagsym$$used                           0x00006140   Number         0  rtx_conf_cm.o(.constdata)
    .constdata                               0x00006154   Section        2  rtx_conf_cm.o(.constdata)
    .constdata                               0x00006158   Section        4  rtx_conf_cm.o(.constdata)
    .constdata                               0x0000615c   Section        4  rtx_conf_cm.o(.constdata)
    .constdata                               0x00006160   Section        1  rtx_conf_cm.o(.constdata)
    .constdata                               0x00006164   Section       16  rtx_conf_cm.o(.constdata)
    .constdata                               0x00006174   Section        8  rtx_conf_cm.o(.constdata)
    .constdata                               0x0000617c   Section        2  rtx_conf_cm.o(.constdata)
    .data                                    0x10000000   Section        6  glcd_spi_lpc1700.o(.data)
    Himax                                    0x10000000   Data           1  glcd_spi_lpc1700.o(.data)
    Color                                    0x10000002   Data           4  glcd_spi_lpc1700.o(.data)
    .data                                    0x10000006   Section        1  retarget.o(.data)
    .data                                    0x10000008   Section        4  retarget.o(.data)
    .data                                    0x1000000c   Section       16  uart.o(.data)
    .data                                    0x1000001c   Section     6420  main.o(.data)
    xBitmap                                  0x10000030   Data        3200  main.o(.data)
    oBitmap                                  0x10000cb0   Data        3200  main.o(.data)
    .data                                    0x10001930   Section        4  rtx_conf_cm.o(.data)
    .data                                    0x10001934   Section        4  rtx_conf_cm.o(.data)
    .data                                    0x10001938   Section        4  rtx_conf_cm.o(.data)
    .data                                    0x1000193c   Section        4  system_lpc17xx.o(.data)
    .data                                    0x10001940   Section        8  rt_cmsis.o(.data)
    .data                                    0x10001948   Section        8  rt_task.o(.data)
    .data                                    0x10001950   Section        8  rt_system.o(.data)
    os_lock                                  0x10001950   Data           1  rt_system.o(.data)
    os_psh_flag                              0x10001951   Data           1  rt_system.o(.data)
    pend_flags                               0x10001952   Data           1  rt_system.o(.data)
    .data                                    0x10001958   Section        4  rt_time.o(.data)
    .data                                    0x1000195c   Section        1  hal_cm.o(.data)
    .data                                    0x10001960   Section        8  rt_robin.o(.data)
    .bss                                     0x10001968   Section      128  uart.o(.bss)
    .bss                                     0x100019e8   Section      688  main.o(.bss)
    blackH                                   0x100019e8   Data         336  main.o(.bss)
    blackV                                   0x10001b38   Data         336  main.o(.bss)
    .bss                                     0x10001c98   Section       16  main.o(.bss)
    .bss                                     0x10001ca8   Section       16  main.o(.bss)
    .bss                                     0x10001cb8   Section       16  main.o(.bss)
    .bss                                     0x10001cc8   Section       16  main.o(.bss)
    .bss                                     0x10001cd8   Section       16  main.o(.bss)
    .bss                                     0x10001ce8   Section       32  rtx_conf_cm.o(.bss)
    .bss                                     0x10001d08   Section      376  rtx_conf_cm.o(.bss)
    .bss                                     0x10001e80   Section     3088  rtx_conf_cm.o(.bss)
    .bss                                     0x10002a90   Section      744  rtx_conf_cm.o(.bss)
    .bss                                     0x10002d78   Section      132  rtx_conf_cm.o(.bss)
    .bss                                     0x10002dfc   Section       28  rtx_conf_cm.o(.bss)
    .bss                                     0x10002e18   Section       52  rt_task.o(.bss)
    .bss                                     0x10002e4c   Section       48  rt_list.o(.bss)
    STACK                                    0x10002e80   Section     8192  startup_lpc17xx.o(STACK)

    Global Symbols

    Symbol Name                              Value     Ov Type        Size  Object(Section)

    BuildAttributes$$THM_ISAv4$P$D$K$B$S$PE$A:L22UL41UL21$X:L11$S22US41US21$IEEE1$IW$USESV6$~STKCKD$USESV7$~SHL$OSPACE$ROPI$EBA8$MICROLIB$REQ8$PRES8$EABIv2 0x00000000   Number         0  anon$$obj.o ABSOLUTE
    __ARM_use_no_argv                        0x00000000   Number         0  main.o ABSOLUTE
    __Vectors                                0x00000000   Data           4  startup_lpc17xx.o(RESET)
    _printf_a                                0x00000000   Number         0  stubs.o ABSOLUTE
    _printf_c                                0x00000000   Number         0  stubs.o ABSOLUTE
    _printf_charcount                        0x00000000   Number         0  stubs.o ABSOLUTE
    _printf_d                                0x00000000   Number         0  stubs.o ABSOLUTE
    _printf_e                                0x00000000   Number         0  stubs.o ABSOLUTE
    _printf_f                                0x00000000   Number         0  stubs.o ABSOLUTE
    _printf_flags                            0x00000000   Number         0  stubs.o ABSOLUTE
    _printf_fp_dec                           0x00000000   Number         0  stubs.o ABSOLUTE
    _printf_fp_hex                           0x00000000   Number         0  stubs.o ABSOLUTE
    _printf_g                                0x00000000   Number         0  stubs.o ABSOLUTE
    _printf_i                                0x00000000   Number         0  stubs.o ABSOLUTE
    _printf_int_dec                          0x00000000   Number         0  stubs.o ABSOLUTE
    _printf_l                                0x00000000   Number         0  stubs.o ABSOLUTE
    _printf_lc                               0x00000000   Number         0  stubs.o ABSOLUTE
    _printf_ll                               0x00000000   Number         0  stubs.o ABSOLUTE
    _printf_lld                              0x00000000   Number         0  stubs.o ABSOLUTE
    _printf_lli                              0x00000000   Number         0  stubs.o ABSOLUTE
    _printf_llo                              0x00000000   Number         0  stubs.o ABSOLUTE
    _printf_llu                              0x00000000   Number         0  stubs.o ABSOLUTE
    _printf_llx                              0x00000000   Number         0  stubs.o ABSOLUTE
    _printf_longlong_dec                     0x00000000   Number         0  stubs.o ABSOLUTE
    _printf_longlong_hex                     0x00000000   Number         0  stubs.o ABSOLUTE
    _printf_longlong_oct                     0x00000000   Number         0  stubs.o ABSOLUTE
    _printf_ls                               0x00000000   Number         0  stubs.o ABSOLUTE
    _printf_mbtowc                           0x00000000   Number         0  stubs.o ABSOLUTE
    _printf_n                                0x00000000   Number         0  stubs.o ABSOLUTE
    _printf_o                                0x00000000   Number         0  stubs.o ABSOLUTE
    _printf_p                                0x00000000   Number         0  stubs.o ABSOLUTE
    _printf_percent                          0x00000000   Number         0  stubs.o ABSOLUTE
    _printf_pre_padding                      0x00000000   Number         0  stubs.o ABSOLUTE
    _printf_return_value                     0x00000000   Number         0  stubs.o ABSOLUTE
    _printf_s                                0x00000000   Number         0  stubs.o ABSOLUTE
    _printf_sizespec                         0x00000000   Number         0  stubs.o ABSOLUTE
    _printf_str                              0x00000000   Number         0  stubs.o ABSOLUTE
    _printf_truncate_signed                  0x00000000   Number         0  stubs.o ABSOLUTE
    _printf_truncate_unsigned                0x00000000   Number         0  stubs.o ABSOLUTE
    _printf_u                                0x00000000   Number         0  stubs.o ABSOLUTE
    _printf_wc                               0x00000000   Number         0  stubs.o ABSOLUTE
    _printf_wctomb                           0x00000000   Number         0  stubs.o ABSOLUTE
    _printf_widthprec                        0x00000000   Number         0  stubs.o ABSOLUTE
    _printf_x                                0x00000000   Number         0  stubs.o ABSOLUTE
    __cpp_initialize__aeabi_                  - Undefined Weak Reference
    __cxa_finalize                            - Undefined Weak Reference
    _clock_init                               - Undefined Weak Reference
    _microlib_exit                            - Undefined Weak Reference
    __main                                   0x000000cd   Thumb Code     0  entry.o(.ARM.Collect$$$$00000000)
    _main_stk                                0x000000cd   Thumb Code     0  entry2.o(.ARM.Collect$$$$00000001)
    _main_scatterload                        0x000000d1   Thumb Code     0  entry5.o(.ARM.Collect$$$$00000004)
    __main_after_scatterload                 0x000000d5   Thumb Code     0  entry5.o(.ARM.Collect$$$$00000004)
    __rt_final_cpp                           0x000000d5   Thumb Code     0  entry10a.o(.ARM.Collect$$$$0000000D)
    __rt_final_exit                          0x000000d5   Thumb Code     0  entry11a.o(.ARM.Collect$$$$0000000F)
    _main_clock                              0x000000d5   Thumb Code     0  entry7b.o(.ARM.Collect$$$$00000008)
    _main_cpp_init                           0x000000d5   Thumb Code     0  entry8b.o(.ARM.Collect$$$$0000000A)
    _main_init                               0x000000d5   Thumb Code    18  rtx_conf_cm.o(.ARM.Collect$$$$000000FF)
    rt_set_PSP                               0x000000f1   Thumb Code     6  hal_cm3.o(.emb_text)
    rt_get_PSP                               0x000000f7   Thumb Code     6  hal_cm3.o(.emb_text)
    os_set_env                               0x000000fd   Thumb Code    24  hal_cm3.o(.emb_text)
    _alloc_box                               0x00000119   Thumb Code    28  hal_cm3.o(.emb_text)
    _free_box                                0x00000139   Thumb Code    28  hal_cm3.o(.emb_text)
    SVC_Handler                              0x00000159   Thumb Code   108  hal_cm3.o(.emb_text)
    PendSV_Handler                           0x000001d1   Thumb Code    56  hal_cm3.o(.emb_text)
    SysTick_Handler                          0x0000020d   Thumb Code     8  hal_cm3.o(.emb_text)
    OS_Tick_Handler                          0x00000215   Thumb Code    12  hal_cm3.o(.emb_text)
    Reset_Handler                            0x00000221   Thumb Code     8  startup_lpc17xx.o(.text)
    NMI_Handler                              0x00000229   Thumb Code     2  startup_lpc17xx.o(.text)
    HardFault_Handler                        0x0000022b   Thumb Code     2  startup_lpc17xx.o(.text)
    MemManage_Handler                        0x0000022d   Thumb Code     2  startup_lpc17xx.o(.text)
    BusFault_Handler                         0x0000022f   Thumb Code     2  startup_lpc17xx.o(.text)
    UsageFault_Handler                       0x00000231   Thumb Code     2  startup_lpc17xx.o(.text)
    DebugMon_Handler                         0x00000235   Thumb Code     2  startup_lpc17xx.o(.text)
    ADC_IRQHandler                           0x0000023b   Thumb Code     0  startup_lpc17xx.o(.text)
    BOD_IRQHandler                           0x0000023b   Thumb Code     0  startup_lpc17xx.o(.text)
    CANActivity_IRQHandler                   0x0000023b   Thumb Code     0  startup_lpc17xx.o(.text)
    CAN_IRQHandler                           0x0000023b   Thumb Code     0  startup_lpc17xx.o(.text)
    DMA_IRQHandler                           0x0000023b   Thumb Code     0  startup_lpc17xx.o(.text)
    EINT0_IRQHandler                         0x0000023b   Thumb Code     0  startup_lpc17xx.o(.text)
    EINT1_IRQHandler                         0x0000023b   Thumb Code     0  startup_lpc17xx.o(.text)
    EINT2_IRQHandler                         0x0000023b   Thumb Code     0  startup_lpc17xx.o(.text)
    EINT3_IRQHandler                         0x0000023b   Thumb Code     0  startup_lpc17xx.o(.text)
    ENET_IRQHandler                          0x0000023b   Thumb Code     0  startup_lpc17xx.o(.text)
    I2C0_IRQHandler                          0x0000023b   Thumb Code     0  startup_lpc17xx.o(.text)
    I2C1_IRQHandler                          0x0000023b   Thumb Code     0  startup_lpc17xx.o(.text)
    I2C2_IRQHandler                          0x0000023b   Thumb Code     0  startup_lpc17xx.o(.text)
    I2S_IRQHandler                           0x0000023b   Thumb Code     0  startup_lpc17xx.o(.text)
    MCPWM_IRQHandler                         0x0000023b   Thumb Code     0  startup_lpc17xx.o(.text)
    PLL0_IRQHandler                          0x0000023b   Thumb Code     0  startup_lpc17xx.o(.text)
    PLL1_IRQHandler                          0x0000023b   Thumb Code     0  startup_lpc17xx.o(.text)
    PWM1_IRQHandler                          0x0000023b   Thumb Code     0  startup_lpc17xx.o(.text)
    QEI_IRQHandler                           0x0000023b   Thumb Code     0  startup_lpc17xx.o(.text)
    RIT_IRQHandler                           0x0000023b   Thumb Code     0  startup_lpc17xx.o(.text)
    RTC_IRQHandler                           0x0000023b   Thumb Code     0  startup_lpc17xx.o(.text)
    SPI_IRQHandler                           0x0000023b   Thumb Code     0  startup_lpc17xx.o(.text)
    SSP0_IRQHandler                          0x0000023b   Thumb Code     0  startup_lpc17xx.o(.text)
    SSP1_IRQHandler                          0x0000023b   Thumb Code     0  startup_lpc17xx.o(.text)
    TIMER0_IRQHandler                        0x0000023b   Thumb Code     0  startup_lpc17xx.o(.text)
    TIMER1_IRQHandler                        0x0000023b   Thumb Code     0  startup_lpc17xx.o(.text)
    TIMER2_IRQHandler                        0x0000023b   Thumb Code     0  startup_lpc17xx.o(.text)
    TIMER3_IRQHandler                        0x0000023b   Thumb Code     0  startup_lpc17xx.o(.text)
    UART2_IRQHandler                         0x0000023b   Thumb Code     0  startup_lpc17xx.o(.text)
    UART3_IRQHandler                         0x0000023b   Thumb Code     0  startup_lpc17xx.o(.text)
    USBActivity_IRQHandler                   0x0000023b   Thumb Code     0  startup_lpc17xx.o(.text)
    USB_IRQHandler                           0x0000023b   Thumb Code     0  startup_lpc17xx.o(.text)
    WDT_IRQHandler                           0x0000023b   Thumb Code     0  startup_lpc17xx.o(.text)
    __aeabi_uidiv                            0x00000245   Thumb Code     0  uidiv.o(.text)
    __aeabi_uidivmod                         0x00000245   Thumb Code    44  uidiv.o(.text)
    __scatterload                            0x00000271   Thumb Code    28  init.o(.text)
    __scatterload_rt2                        0x00000271   Thumb Code     0  init.o(.text)
    __decompress                             0x00000295   Thumb Code     0  __dclz77c.o(.text)
    __decompress2                            0x00000295   Thumb Code    94  __dclz77c.o(.text)
    SVC_Count                                0x000002f4   Data           4  svc_table.o(SVC_TABLE)
    SVC_Table                                0x000002f8   Data           0  svc_table.o(SVC_TABLE)
    __scatterload_null                       0x000002f9   Thumb Code     2  handlers.o(i.__scatterload_null)
    os_error                                 0x000002fb   Thumb Code     2  rtx_conf_cm.o(i.os_error)
    FreeRcv                                  0x00000301   Thumb Code    20  uart.o(i.FreeRcv)
    FreeSnd                                  0x00000319   Thumb Code    20  uart.o(i.FreeSnd)
    GLCD_Bitmap                              0x00000331   Thumb Code    66  glcd_spi_lpc1700.o(i.GLCD_Bitmap)
    GLCD_Clear                               0x00000379   Thumb Code    44  glcd_spi_lpc1700.o(i.GLCD_Clear)
    GLCD_DisplayChar                         0x000003a9   Thumb Code    66  glcd_spi_lpc1700.o(i.GLCD_DisplayChar)
    GLCD_DisplayString                       0x000003f5   Thumb Code    38  glcd_spi_lpc1700.o(i.GLCD_DisplayString)
    GLCD_DrawChar                            0x0000041d   Thumb Code   138  glcd_spi_lpc1700.o(i.GLCD_DrawChar)
    __RL_RTX_VER                             0x00000482   Number         0  rt_system.o ABSOLUTE
    GLCD_Init                                0x000004b1   Thumb Code  1476  glcd_spi_lpc1700.o(i.GLCD_Init)
    GLCD_SetBackColor                        0x00000a75   Thumb Code     6  glcd_spi_lpc1700.o(i.GLCD_SetBackColor)
    GLCD_SetTextColor                        0x00000a81   Thumb Code     6  glcd_spi_lpc1700.o(i.GLCD_SetTextColor)
    GLCD_SetWindow                           0x00000a8d   Thumb Code   148  glcd_spi_lpc1700.o(i.GLCD_SetWindow)
    GLCD_WindowMax                           0x00000b25   Thumb Code    14  glcd_spi_lpc1700.o(i.GLCD_WindowMax)
    SystemInit                               0x00000b35   Thumb Code   196  system_lpc17xx.o(i.SystemInit)
    UART0_IRQHandler                         0x00000c05   Thumb Code    64  uart.o(i.UART0_IRQHandler)
    UART1_IRQHandler                         0x00000c51   Thumb Code    64  uart.o(i.UART1_IRQHandler)
    UARTInit                                 0x00000c9d   Thumb Code   144  uart.o(i.UARTInit)
    UARTSendChar                             0x00000d39   Thumb Code    18  uart.o(i.UARTSendChar)
    __0printf$1                              0x00000d55   Thumb Code    22  printf1.o(i.__0printf$1)
    __1printf$1                              0x00000d55   Thumb Code     0  printf1.o(i.__0printf$1)
    __2printf                                0x00000d55   Thumb Code     0  printf1.o(i.__0printf$1)
    __scatterload_copy                       0x00000d8f   Thumb Code    14  handlers.o(i.__scatterload_copy)
    __scatterload_zeroinit                   0x00000d9d   Thumb Code    14  handlers.o(i.__scatterload_zeroinit)
    _init_box                                0x00000dab   Thumb Code    70  rt_membox.o(i._init_box)
    board                                    0x00000f45   Thumb Code   630  main.o(i.board)
    computer                                 0x00001229   Thumb Code   752  main.o(i.computer)
    dbg_init                                 0x00001539   Thumb Code    34  hal_cm.o(i.dbg_init)
    dbg_task_notify                          0x00001569   Thumb Code    32  hal_cm.o(i.dbg_task_notify)
    dbg_task_switch                          0x00001589   Thumb Code    16  hal_cm.o(i.dbg_task_switch)
    fputc                                    0x000015a1   Thumb Code     4  retarget.o(i.fputc)
    gameManagement                           0x000015a5   Thumb Code   708  main.o(i.gameManagement)
    getFrequency                             0x00001875   Thumb Code    40  uart.o(i.getFrequency)
    isrMessageGet                            0x000018a5   Thumb Code    42  rt_cmsis.o(i.isrMessageGet)
    isrMessagePut                            0x000018cf   Thumb Code    44  rt_cmsis.o(i.isrMessagePut)
    isr_mbx_receive                          0x000018fd   Thumb Code    86  rt_mailbox.o(i.isr_mbx_receive)
    isr_mbx_send                             0x00001953   Thumb Code    14  rt_mailbox.o(i.isr_mbx_send)
    main                                     0x00001961   Thumb Code   288  main.o(i.main)
    osDelay                                  0x00001b1d   Thumb Code    18  rt_cmsis.o(i.osDelay)
    osKernelInitialize                       0x00001b35   Thumb Code    30  rt_cmsis.o(i.osKernelInitialize)
    osKernelStart                            0x00001b59   Thumb Code    98  rt_cmsis.o(i.osKernelStart)
    osMessageGet                             0x00001bc5   Thumb Code    18  rt_cmsis.o(i.osMessageGet)
    osMutexCreate                            0x00001bdd   Thumb Code    36  rt_cmsis.o(i.osMutexCreate)
    osMutexRelease                           0x00001c09   Thumb Code    18  rt_cmsis.o(i.osMutexRelease)
    osMutexWait                              0x00001c21   Thumb Code    18  rt_cmsis.o(i.osMutexWait)
    osThreadCreate                           0x00001c39   Thumb Code    36  rt_cmsis.o(i.osThreadCreate)
    osThreadExit                             0x00001c65   Thumb Code    14  rt_cmsis.o(i.osThreadExit)
    osThreadYield                            0x00001c7d   Thumb Code    18  rt_cmsis.o(i.osThreadYield)
    osTimerCall                              0x00001c95   Thumb Code     8  rt_cmsis.o(i.osTimerCall)
    osTimerThread                            0x00001ca1   Thumb Code    38  rt_cmsis.o(i.osTimerThread)
    os_idle_demon                            0x00001ccd   Thumb Code     2  rtx_conf_cm.o(i.os_idle_demon)
    os_tick_init                             0x00001cd1   Thumb Code    32  rt_system.o(i.os_tick_init)
    os_tick_irqack                           0x00001cf9   Thumb Code     2  rt_system.o(i.os_tick_irqack)
    player                                   0x00001cfd   Thumb Code   222  main.o(i.player)
    rt_alloc_box                             0x00001e59   Thumb Code    26  rt_membox.o(i.rt_alloc_box)
    rt_alloc_mem                             0x00001e73   Thumb Code    62  rt_memory.o(i.rt_alloc_mem)
    rt_block                                 0x00001eb1   Thumb Code    48  rt_task.o(i.rt_block)
    rt_chk_robin                             0x00001ee9   Thumb Code    60  rt_robin.o(i.rt_chk_robin)
    rt_dec_dly                               0x00001f31   Thumb Code   102  rt_list.o(i.rt_dec_dly)
    rt_dispatch                              0x00001fa1   Thumb Code    60  rt_task.o(i.rt_dispatch)
    rt_dly_wait                              0x00001fe5   Thumb Code     6  rt_time.o(i.rt_dly_wait)
    rt_evt_psh                               0x00001fed   Thumb Code    76  rt_event.o(i.rt_evt_psh)
    rt_free_box                              0x0000203d   Thumb Code    44  rt_membox.o(i.rt_free_box)
    rt_free_mem                              0x00002069   Thumb Code    40  rt_memory.o(i.rt_free_mem)
    rt_get_first                             0x00002091   Thumb Code    40  rt_list.o(i.rt_get_first)
    rt_get_same_rdy_prio                     0x000020b9   Thumb Code    26  rt_list.o(i.rt_get_same_rdy_prio)
    rt_init_mem                              0x0000212d   Thumb Code    26  rt_memory.o(i.rt_init_mem)
    rt_init_robin                            0x00002149   Thumb Code    14  rt_robin.o(i.rt_init_robin)
    rt_init_stack                            0x00002161   Thumb Code   118  hal_cm.o(i.rt_init_stack)
    rt_mbx_check                             0x000021e1   Thumb Code     8  rt_mailbox.o(i.rt_mbx_check)
    rt_mbx_init                              0x000021e9   Thumb Code    26  rt_mailbox.o(i.rt_mbx_init)
    rt_mbx_psh                               0x00002205   Thumb Code   236  rt_mailbox.o(i.rt_mbx_psh)
    rt_mbx_wait                              0x000022f5   Thumb Code   174  rt_mailbox.o(i.rt_mbx_wait)
    rt_mut_init                              0x000023ed   Thumb Code    16  rt_mutex.o(i.rt_mut_init)
    rt_mut_release                           0x000023fd   Thumb Code   208  rt_mutex.o(i.rt_mut_release)
    rt_mut_wait                              0x000024d5   Thumb Code   114  rt_mutex.o(i.rt_mut_wait)
    rt_pop_req                               0x0000254d   Thumb Code   112  rt_system.o(i.rt_pop_req)
    rt_psh_req                               0x000025c9   Thumb Code    22  rt_system.o(i.rt_psh_req)
    rt_psq_enq                               0x000025e9   Thumb Code    88  rt_list.o(i.rt_psq_enq)
    rt_put_dly                               0x00002645   Thumb Code    68  rt_list.o(i.rt_put_dly)
    rt_put_prio                              0x0000268d   Thumb Code    54  rt_list.o(i.rt_put_prio)
    rt_put_rdy_first                         0x000026c5   Thumb Code    14  rt_list.o(i.rt_put_rdy_first)
    rt_resort_prio                           0x000026d9   Thumb Code    46  rt_list.o(i.rt_resort_prio)
    rt_ret_val                               0x0000270d   Thumb Code     6  hal_cm.o(i.rt_ret_val)
    rt_ret_val2                              0x00002713   Thumb Code     8  hal_cm.o(i.rt_ret_val2)
    rt_rmv_dly                               0x0000271b   Thumb Code    40  rt_list.o(i.rt_rmv_dly)
    rt_rmv_list                              0x00002745   Thumb Code    44  rt_list.o(i.rt_rmv_list)
    rt_sem_psh                               0x00002775   Thumb Code    48  rt_semaphore.o(i.rt_sem_psh)
    rt_stk_check                             0x000027a9   Thumb Code    28  rt_system.o(i.rt_stk_check)
    rt_switch_req                            0x000027cd   Thumb Code    30  rt_task.o(i.rt_switch_req)
    rt_sys_init                              0x000027f5   Thumb Code   138  rt_task.o(i.rt_sys_init)
    rt_sys_start                             0x000028c1   Thumb Code   110  rt_task.o(i.rt_sys_start)
    rt_systick                               0x00002939   Thumb Code    50  rt_system.o(i.rt_systick)
    rt_tsk_create                            0x000029c1   Thumb Code   118  rt_task.o(i.rt_tsk_create)
    rt_tsk_delete                            0x00002a49   Thumb Code   352  rt_task.o(i.rt_tsk_delete)
    rt_tsk_pass                              0x00002bc5   Thumb Code    38  rt_task.o(i.rt_tsk_pass)
    rt_tsk_prio                              0x00002bf5   Thumb Code   108  rt_task.o(i.rt_tsk_prio)
    rt_tsk_self                              0x00002c71   Thumb Code    12  rt_task.o(i.rt_tsk_self)
    sendchar                                 0x00002c81   Thumb Code    56  retarget.o(i.sendchar)
    svcDelay                                 0x00002d41   Thumb Code    18  rt_cmsis.o(i.svcDelay)
    svcKernelInitialize                      0x00002d55   Thumb Code    80  rt_cmsis.o(i.svcKernelInitialize)
    svcKernelStart                           0x00002dc5   Thumb Code    62  rt_cmsis.o(i.svcKernelStart)
    svcMessageCreate                         0x00002e0d   Thumb Code    36  rt_cmsis.o(i.svcMessageCreate)
    svcMessageGet                            0x00002e31   Thumb Code    58  rt_cmsis.o(i.svcMessageGet)
    svcMutexCreate                           0x00002e6b   Thumb Code    28  rt_cmsis.o(i.svcMutexCreate)
    svcMutexRelease                          0x00002e87   Thumb Code    34  rt_cmsis.o(i.svcMutexRelease)
    svcMutexWait                             0x00002ea9   Thumb Code    58  rt_cmsis.o(i.svcMutexWait)
    svcThreadCreate                          0x00002ee5   Thumb Code    96  rt_cmsis.o(i.svcThreadCreate)
    svcThreadGetId                           0x00002f51   Thumb Code    22  rt_cmsis.o(i.svcThreadGetId)
    svcThreadTerminate                       0x00002f6d   Thumb Code    50  rt_cmsis.o(i.svcThreadTerminate)
    svcThreadYield                           0x00002fa5   Thumb Code    10  rt_cmsis.o(i.svcThreadYield)
    svcTimerCall                             0x00002faf   Thumb Code    24  rt_cmsis.o(i.svcTimerCall)
    sysTimerTick                             0x00002fc9   Thumb Code    84  rt_cmsis.o(i.sysTimerTick)
    Font_6x8_h                               0x000030a2   Data         896  glcd_spi_lpc1700.o(.constdata)
    Font_16x24_h                             0x00003422   Data        5376  glcd_spi_lpc1700.o(.constdata)
    os_mutex_def_cursorMutex                 0x00004928   Data           4  main.o(.constdata)
    os_mutex_def_boardMutex                  0x0000492c   Data           4  main.o(.constdata)
    os_mutex_def_turnMutex                   0x00004930   Data           4  main.o(.constdata)
    os_mutex_def_stateMutex                  0x00004934   Data           4  main.o(.constdata)
    os_mutex_def_scoreMutex                  0x00004938   Data           4  main.o(.constdata)
    os_thread_def_player                     0x000060e0   Data          16  main.o(.constdata)
    os_thread_def_board                      0x000060f0   Data          16  main.o(.constdata)
    os_thread_def_computer                   0x00006100   Data          16  main.o(.constdata)
    os_thread_def_gameManagement             0x00006110   Data          16  main.o(.constdata)
    os_maxtaskrun                            0x00006120   Data           2  rtx_conf_cm.o(.constdata)
    os_stackinfo                             0x00006124   Data           4  rtx_conf_cm.o(.constdata)
    os_rrobin                                0x00006128   Data           4  rtx_conf_cm.o(.constdata)
    os_trv                                   0x0000612c   Data           4  rtx_conf_cm.o(.constdata)
    os_flags                                 0x00006130   Data           1  rtx_conf_cm.o(.constdata)
    CMSIS_RTOS_API_Version                   0x00006134   Data           4  rtx_conf_cm.o(.constdata)
    CMSIS_RTOS_RTX_Version                   0x00006138   Data           4  rtx_conf_cm.o(.constdata)
    os_clockrate                             0x0000613c   Data           4  rtx_conf_cm.o(.constdata)
    os_timernum                              0x00006140   Data           4  rtx_conf_cm.o(.constdata)
    os_thread_def_main                       0x00006144   Data          16  rtx_conf_cm.o(.constdata)
    mp_tcb_size                              0x00006154   Data           2  rtx_conf_cm.o(.constdata)
    mp_stk_size                              0x00006158   Data           4  rtx_conf_cm.o(.constdata)
    os_stack_sz                              0x0000615c   Data           4  rtx_conf_cm.o(.constdata)
    os_fifo_size                             0x00006160   Data           1  rtx_conf_cm.o(.constdata)
    os_thread_def_osTimerThread              0x00006164   Data          16  rtx_conf_cm.o(.constdata)
    os_messageQ_def_osTimerMessageQ          0x00006174   Data           8  rtx_conf_cm.o(.constdata)
    mp_tmr_size                              0x0000617c   Data           2  rtx_conf_cm.o(.constdata)
    Region$$Table$$Base                      0x00006180   Number         0  anon$$obj.o(Region$$Table)
    Region$$Table$$Limit                     0x000061a0   Number         0  anon$$obj.o(Region$$Table)
    uart_init_called                         0x10000006   Data           1  retarget.o(.data)
    __stdout                                 0x10000008   Data           4  retarget.o(.data)
    UART0TxEmpty                             0x1000000c   Data           1  uart.o(.data)
    UART1TxEmpty                             0x1000000d   Data           1  uart.o(.data)
    RcvLock0                                 0x1000000e   Data           1  uart.o(.data)
    SndLock0                                 0x1000000f   Data           1  uart.o(.data)
    RcvLock1                                 0x10000010   Data           1  uart.o(.data)
    SndLock1                                 0x10000011   Data           1  uart.o(.data)
    UART0Count                               0x10000014   Data           4  uart.o(.data)
    UART1Count                               0x10000018   Data           4  uart.o(.data)
    cursorMutexId                            0x1000001c   Data           4  main.o(.data)
    boardMutexId                             0x10000020   Data           4  main.o(.data)
    turnMutexId                              0x10000024   Data           4  main.o(.data)
    stateMutexId                             0x10000028   Data           4  main.o(.data)
    scoreMutexId                             0x1000002c   Data           4  main.o(.data)
    m_tmr                                    0x10001930   Data           4  rtx_conf_cm.o(.data)
    osThreadId_osTimerThread                 0x10001934   Data           4  rtx_conf_cm.o(.data)
    osMessageQId_osTimerMessageQ             0x10001938   Data           4  rtx_conf_cm.o(.data)
    SystemCoreClock                          0x1000193c   Data           4  system_lpc17xx.o(.data)
    os_initialized                           0x10001940   Data           1  rt_cmsis.o(.data)
    os_running                               0x10001941   Data           1  rt_cmsis.o(.data)
    os_timer_head                            0x10001944   Data           4  rt_cmsis.o(.data)
    os_tsk                                   0x10001948   Data           8  rt_task.o(.data)
    os_tick_irqn                             0x10001954   Data           4  rt_system.o(.data)
    os_time                                  0x10001958   Data           4  rt_time.o(.data)
    dbg_msg                                  0x1000195c   Data           1  hal_cm.o(.data)
    os_robin                                 0x10001960   Data           8  rt_robin.o(.data)
    UART0Buffer                              0x10001968   Data          64  uart.o(.bss)
    UART1Buffer                              0x100019a8   Data          64  uart.o(.bss)
    game                                     0x10001c88   Data          16  main.o(.bss)
    os_mutex_cb_cursorMutex                  0x10001c98   Data          16  main.o(.bss)
    os_mutex_cb_boardMutex                   0x10001ca8   Data          16  main.o(.bss)
    os_mutex_cb_turnMutex                    0x10001cb8   Data          16  main.o(.bss)
    os_mutex_cb_stateMutex                   0x10001cc8   Data          16  main.o(.bss)
    os_mutex_cb_scoreMutex                   0x10001cd8   Data          16  main.o(.bss)
    os_messageQ_q_osTimerMessageQ            0x10001ce8   Data          32  rtx_conf_cm.o(.bss)
    mp_tcb                                   0x10001d08   Data         376  rtx_conf_cm.o(.bss)
    mp_stk                                   0x10001e80   Data        3088  rtx_conf_cm.o(.bss)
    os_stack_mem                             0x10002a90   Data         744  rtx_conf_cm.o(.bss)
    os_fifo                                  0x10002d78   Data         132  rtx_conf_cm.o(.bss)
    os_active_TCB                            0x10002dfc   Data          28  rtx_conf_cm.o(.bss)
    os_idle_TCB                              0x10002e18   Data          52  rt_task.o(.bss)
    os_rdy                                   0x10002e4c   Data          24  rt_list.o(.bss)
    os_dly                                   0x10002e64   Data          24  rt_list.o(.bss)
    __initial_sp                             0x10004e80   Data           0  startup_lpc17xx.o(STACK)



==============================================================================

Memory Map of the image

  Image Entry point : 0x00000221

  Load Region LR_1 (Base: 0x00000000, Size: 0x00007b08, Max: 0xffffffff, ABSOLUTE, COMPRESSED[0x00006300])

    Execution Region ER_RO (Exec base: 0x00000000, Load base: 0x00000000, Size: 0x000061a0, Max: 0xffffffff, ABSOLUTE)

    Exec Addr    Load Addr    Size         Type   Attr      Idx    E Section Name        Object

    0x00000000   0x00000000   0x000000cc   Data   RO          641    RESET               startup_lpc17xx.o
    0x000000cc   0x000000cc   0x00000000   Code   RO         1900  * .ARM.Collect$$$$00000000  mc_w.l(entry.o)
    0x000000cc   0x000000cc   0x00000004   Code   RO         2166    .ARM.Collect$$$$00000001  mc_w.l(entry2.o)
    0x000000d0   0x000000d0   0x00000004   Code   RO         2169    .ARM.Collect$$$$00000004  mc_w.l(entry5.o)
    0x000000d4   0x000000d4   0x00000000   Code   RO         2171    .ARM.Collect$$$$00000008  mc_w.l(entry7b.o)
    0x000000d4   0x000000d4   0x00000000   Code   RO         2173    .ARM.Collect$$$$0000000A  mc_w.l(entry8b.o)
    0x000000d4   0x000000d4   0x00000000   Code   RO         2174    .ARM.Collect$$$$0000000D  mc_w.l(entry10a.o)
    0x000000d4   0x000000d4   0x00000000   Code   RO         2176    .ARM.Collect$$$$0000000F  mc_w.l(entry11a.o)
    0x000000d4   0x000000d4   0x00000018   Code   RO          578    .ARM.Collect$$$$000000FF  rtx_conf_cm.o
    0x000000ec   0x000000ec   0x00000004   Code   RO         2167    .ARM.Collect$$$$00002712  mc_w.l(entry2.o)
    0x000000f0   0x000000f0   0x00000130   Code   RO         1887    .emb_text           RTX_CM3.lib(hal_cm3.o)
    0x00000220   0x00000220   0x00000024   Code   RO          643  * .text               startup_lpc17xx.o
    0x00000244   0x00000244   0x0000002c   Code   RO         2178    .text               mc_w.l(uidiv.o)
    0x00000270   0x00000270   0x00000024   Code   RO         2195    .text               mc_w.l(init.o)
    0x00000294   0x00000294   0x0000005e   Code   RO         2209    .text               mc_w.l(__dclz77c.o)
    0x000002f2   0x000002f2   0x00000002   PAD
    0x000002f4   0x000002f4   0x00000004   Code   RO         1897    SVC_TABLE           RTX_CM3.lib(svc_table.o)
    0x000002f8   0x000002f8   0x00000002   Code   RO         2204    i.__scatterload_null  mc_w.l(handlers.o)
    0x000002fa   0x000002fa   0x00000002   Code   RO          579    i.os_error          rtx_conf_cm.o
    0x000002fc   0x000002fc   0x00000004   Code   RO          642    .ARM.__at_0x02FC    startup_lpc17xx.o
    0x00000300   0x00000300   0x00000018   Code   RO          305    i.FreeRcv           uart.o
    0x00000318   0x00000318   0x00000018   Code   RO          306    i.FreeSnd           uart.o
    0x00000330   0x00000330   0x00000048   Code   RO            5    i.GLCD_Bitmap       glcd_spi_lpc1700.o
    0x00000378   0x00000378   0x00000030   Code   RO            6    i.GLCD_Clear        glcd_spi_lpc1700.o
    0x000003a8   0x000003a8   0x0000004c   Code   RO            8    i.GLCD_DisplayChar  glcd_spi_lpc1700.o
    0x000003f4   0x000003f4   0x00000026   Code   RO            9    i.GLCD_DisplayString  glcd_spi_lpc1700.o
    0x0000041a   0x0000041a   0x00000002   PAD
    0x0000041c   0x0000041c   0x00000094   Code   RO           10    i.GLCD_DrawChar     glcd_spi_lpc1700.o
    0x000004b0   0x000004b0   0x000005c4   Code   RO           11    i.GLCD_Init         glcd_spi_lpc1700.o
    0x00000a74   0x00000a74   0x0000000c   Code   RO           14    i.GLCD_SetBackColor  glcd_spi_lpc1700.o
    0x00000a80   0x00000a80   0x0000000c   Code   RO           15    i.GLCD_SetTextColor  glcd_spi_lpc1700.o
    0x00000a8c   0x00000a8c   0x00000098   Code   RO           16    i.GLCD_SetWindow    glcd_spi_lpc1700.o
    0x00000b24   0x00000b24   0x0000000e   Code   RO           17    i.GLCD_WindowMax    glcd_spi_lpc1700.o
    0x00000b32   0x00000b32   0x00000002   PAD
    0x00000b34   0x00000b34   0x000000d0   Code   RO          653    i.SystemInit        system_lpc17xx.o
    0x00000c04   0x00000c04   0x0000004c   Code   RO          310    i.UART0_IRQHandler  uart.o
    0x00000c50   0x00000c50   0x0000004c   Code   RO          311    i.UART1_IRQHandler  uart.o
    0x00000c9c   0x00000c9c   0x0000009c   Code   RO          312    i.UARTInit          uart.o
    0x00000d38   0x00000d38   0x0000001c   Code   RO          316    i.UARTSendChar      uart.o
    0x00000d54   0x00000d54   0x00000020   Code   RO         1950    i.__0printf$1       mc_w.l(printf1.o)
    0x00000d74   0x00000d74   0x0000001a   Code   RO          317    i.__NVIC_EnableIRQ  uart.o
    0x00000d8e   0x00000d8e   0x0000000e   Code   RO         2203    i.__scatterload_copy  mc_w.l(handlers.o)
    0x00000d9c   0x00000d9c   0x0000000e   Code   RO         2205    i.__scatterload_zeroinit  mc_w.l(handlers.o)
    0x00000daa   0x00000daa   0x00000046   Code   RO         1765    i._init_box         RTX_CM3.lib(rt_membox.o)
    0x00000df0   0x00000df0   0x00000154   Code   RO         1957    i._printf_core      mc_w.l(printf1.o)
    0x00000f44   0x00000f44   0x000002e4   Code   RO          417    i.board             main.o
    0x00001228   0x00001228   0x00000310   Code   RO          418    i.computer          main.o
    0x00001538   0x00001538   0x00000030   Code   RO         1818    i.dbg_init          RTX_CM3.lib(hal_cm.o)
    0x00001568   0x00001568   0x00000020   Code   RO         1819    i.dbg_task_notify   RTX_CM3.lib(hal_cm.o)
    0x00001588   0x00001588   0x00000010   Code   RO         1820    i.dbg_task_switch   RTX_CM3.lib(hal_cm.o)
    0x00001598   0x00001598   0x00000008   Code   RO           20    i.delay             glcd_spi_lpc1700.o
    0x000015a0   0x000015a0   0x00000004   Code   RO          239    i.fputc             retarget.o
    0x000015a4   0x000015a4   0x000002d0   Code   RO          419    i.gameManagement    main.o
    0x00001874   0x00001874   0x00000030   Code   RO          318    i.getFrequency      uart.o
    0x000018a4   0x000018a4   0x0000002a   Code   RO          695    i.isrMessageGet     RTX_CM3.lib(rt_cmsis.o)
    0x000018ce   0x000018ce   0x0000002c   Code   RO          696    i.isrMessagePut     RTX_CM3.lib(rt_cmsis.o)
    0x000018fa   0x000018fa   0x00000002   PAD
    0x000018fc   0x000018fc   0x00000056   Code   RO         1611    i.isr_mbx_receive   RTX_CM3.lib(rt_mailbox.o)
    0x00001952   0x00001952   0x0000000e   Code   RO         1612    i.isr_mbx_send      RTX_CM3.lib(rt_mailbox.o)
    0x00001960   0x00001960   0x000001bc   Code   RO          420    i.main              main.o
    0x00001b1c   0x00001b1c   0x00000018   Code   RO          699    i.osDelay           RTX_CM3.lib(rt_cmsis.o)
    0x00001b34   0x00001b34   0x00000024   Code   RO          700    i.osKernelInitialize  RTX_CM3.lib(rt_cmsis.o)
    0x00001b58   0x00001b58   0x0000006c   Code   RO          702    i.osKernelStart     RTX_CM3.lib(rt_cmsis.o)
    0x00001bc4   0x00001bc4   0x00000018   Code   RO          711    i.osMessageGet      RTX_CM3.lib(rt_cmsis.o)
    0x00001bdc   0x00001bdc   0x0000002c   Code   RO          713    i.osMutexCreate     RTX_CM3.lib(rt_cmsis.o)
    0x00001c08   0x00001c08   0x00000018   Code   RO          715    i.osMutexRelease    RTX_CM3.lib(rt_cmsis.o)
    0x00001c20   0x00001c20   0x00000018   Code   RO          716    i.osMutexWait       RTX_CM3.lib(rt_cmsis.o)
    0x00001c38   0x00001c38   0x0000002c   Code   RO          728    i.osThreadCreate    RTX_CM3.lib(rt_cmsis.o)
    0x00001c64   0x00001c64   0x00000018   Code   RO          729    i.osThreadExit      RTX_CM3.lib(rt_cmsis.o)
    0x00001c7c   0x00001c7c   0x00000018   Code   RO          734    i.osThreadYield     RTX_CM3.lib(rt_cmsis.o)
    0x00001c94   0x00001c94   0x0000000c   Code   RO          735    i.osTimerCall       RTX_CM3.lib(rt_cmsis.o)
    0x00001ca0   0x00001ca0   0x0000002c   Code   RO          740    i.osTimerThread     RTX_CM3.lib(rt_cmsis.o)
    0x00001ccc   0x00001ccc   0x00000002   Code   RO          580    i.os_idle_demon     rtx_conf_cm.o
    0x00001cce   0x00001cce   0x00000002   PAD
    0x00001cd0   0x00001cd0   0x00000028   Code   RO         1399    i.os_tick_init      RTX_CM3.lib(rt_system.o)
    0x00001cf8   0x00001cf8   0x00000002   Code   RO         1400    i.os_tick_irqack    RTX_CM3.lib(rt_system.o)
    0x00001cfa   0x00001cfa   0x00000002   PAD
    0x00001cfc   0x00001cfc   0x000000ec   Code   RO          421    i.player            main.o
    0x00001de8   0x00001de8   0x00000070   Code   RO           21    i.rd_id_man         glcd_spi_lpc1700.o
    0x00001e58   0x00001e58   0x0000001a   Code   RO         1766    i.rt_alloc_box      RTX_CM3.lib(rt_membox.o)
    0x00001e72   0x00001e72   0x0000003e   Code   RO         1794    i.rt_alloc_mem      RTX_CM3.lib(rt_memory.o)
    0x00001eb0   0x00001eb0   0x00000038   Code   RO         1314    i.rt_block          RTX_CM3.lib(rt_task.o)
    0x00001ee8   0x00001ee8   0x00000048   Code   RO         1866    i.rt_chk_robin      RTX_CM3.lib(rt_robin.o)
    0x00001f30   0x00001f30   0x00000070   Code   RO         1535    i.rt_dec_dly        RTX_CM3.lib(rt_list.o)
    0x00001fa0   0x00001fa0   0x00000044   Code   RO         1315    i.rt_dispatch       RTX_CM3.lib(rt_task.o)
    0x00001fe4   0x00001fe4   0x00000006   Code   RO         1701    i.rt_dly_wait       RTX_CM3.lib(rt_time.o)
    0x00001fea   0x00001fea   0x00000002   PAD
    0x00001fec   0x00001fec   0x00000050   Code   RO         1492    i.rt_evt_psh        RTX_CM3.lib(rt_event.o)
    0x0000203c   0x0000203c   0x0000002c   Code   RO         1767    i.rt_free_box       RTX_CM3.lib(rt_membox.o)
    0x00002068   0x00002068   0x00000028   Code   RO         1795    i.rt_free_mem       RTX_CM3.lib(rt_memory.o)
    0x00002090   0x00002090   0x00000028   Code   RO         1536    i.rt_get_first      RTX_CM3.lib(rt_list.o)
    0x000020b8   0x000020b8   0x00000024   Code   RO         1537    i.rt_get_same_rdy_prio  RTX_CM3.lib(rt_list.o)
    0x000020dc   0x000020dc   0x00000008   Code   RO          745    i.rt_id2obj         RTX_CM3.lib(rt_cmsis.o)
    0x000020e4   0x000020e4   0x00000048   Code   RO         1316    i.rt_init_context   RTX_CM3.lib(rt_task.o)
    0x0000212c   0x0000212c   0x0000001a   Code   RO         1796    i.rt_init_mem       RTX_CM3.lib(rt_memory.o)
    0x00002146   0x00002146   0x00000002   PAD
    0x00002148   0x00002148   0x00000018   Code   RO         1867    i.rt_init_robin     RTX_CM3.lib(rt_robin.o)
    0x00002160   0x00002160   0x00000080   Code   RO         1821    i.rt_init_stack     RTX_CM3.lib(hal_cm.o)
    0x000021e0   0x000021e0   0x00000008   Code   RO         1613    i.rt_mbx_check      RTX_CM3.lib(rt_mailbox.o)
    0x000021e8   0x000021e8   0x0000001a   Code   RO         1614    i.rt_mbx_init       RTX_CM3.lib(rt_mailbox.o)
    0x00002202   0x00002202   0x00000002   PAD
    0x00002204   0x00002204   0x000000f0   Code   RO         1615    i.rt_mbx_psh        RTX_CM3.lib(rt_mailbox.o)
    0x000022f4   0x000022f4   0x000000b4   Code   RO         1617    i.rt_mbx_wait       RTX_CM3.lib(rt_mailbox.o)
    0x000023a8   0x000023a8   0x00000044   Code   RO          746    i.rt_ms2tick        RTX_CM3.lib(rt_cmsis.o)
    0x000023ec   0x000023ec   0x00000010   Code   RO         1735    i.rt_mut_init       RTX_CM3.lib(rt_mutex.o)
    0x000023fc   0x000023fc   0x000000d8   Code   RO         1736    i.rt_mut_release    RTX_CM3.lib(rt_mutex.o)
    0x000024d4   0x000024d4   0x00000078   Code   RO         1737    i.rt_mut_wait       RTX_CM3.lib(rt_mutex.o)
    0x0000254c   0x0000254c   0x0000007c   Code   RO         1403    i.rt_pop_req        RTX_CM3.lib(rt_system.o)
    0x000025c8   0x000025c8   0x00000020   Code   RO         1404    i.rt_psh_req        RTX_CM3.lib(rt_system.o)
    0x000025e8   0x000025e8   0x0000005c   Code   RO         1538    i.rt_psq_enq        RTX_CM3.lib(rt_list.o)
    0x00002644   0x00002644   0x00000048   Code   RO         1539    i.rt_put_dly        RTX_CM3.lib(rt_list.o)
    0x0000268c   0x0000268c   0x00000036   Code   RO         1540    i.rt_put_prio       RTX_CM3.lib(rt_list.o)
    0x000026c2   0x000026c2   0x00000002   PAD
    0x000026c4   0x000026c4   0x00000014   Code   RO         1541    i.rt_put_rdy_first  RTX_CM3.lib(rt_list.o)
    0x000026d8   0x000026d8   0x00000034   Code   RO         1542    i.rt_resort_prio    RTX_CM3.lib(rt_list.o)
    0x0000270c   0x0000270c   0x00000006   Code   RO         1822    i.rt_ret_val        RTX_CM3.lib(hal_cm.o)
    0x00002712   0x00002712   0x00000008   Code   RO         1823    i.rt_ret_val2       RTX_CM3.lib(hal_cm.o)
    0x0000271a   0x0000271a   0x00000028   Code   RO         1543    i.rt_rmv_dly        RTX_CM3.lib(rt_list.o)
    0x00002742   0x00002742   0x00000002   PAD
    0x00002744   0x00002744   0x00000030   Code   RO         1544    i.rt_rmv_list       RTX_CM3.lib(rt_list.o)
    0x00002774   0x00002774   0x00000034   Code   RO         1662    i.rt_sem_psh        RTX_CM3.lib(rt_semaphore.o)
    0x000027a8   0x000027a8   0x00000024   Code   RO         1406    i.rt_stk_check      RTX_CM3.lib(rt_system.o)
    0x000027cc   0x000027cc   0x00000028   Code   RO         1317    i.rt_switch_req     RTX_CM3.lib(rt_task.o)
    0x000027f4   0x000027f4   0x000000cc   Code   RO         1318    i.rt_sys_init       RTX_CM3.lib(rt_task.o)
    0x000028c0   0x000028c0   0x00000078   Code   RO         1319    i.rt_sys_start      RTX_CM3.lib(rt_task.o)
    0x00002938   0x00002938   0x00000040   Code   RO         1408    i.rt_systick        RTX_CM3.lib(rt_system.o)
    0x00002978   0x00002978   0x00000012   Code   RO          747    i.rt_tid2ptcb       RTX_CM3.lib(rt_cmsis.o)
    0x0000298a   0x0000298a   0x00000002   PAD
    0x0000298c   0x0000298c   0x00000034   Code   RO          748    i.rt_timer_insert   RTX_CM3.lib(rt_cmsis.o)
    0x000029c0   0x000029c0   0x00000088   Code   RO         1320    i.rt_tsk_create     RTX_CM3.lib(rt_task.o)
    0x00002a48   0x00002a48   0x0000017c   Code   RO         1321    i.rt_tsk_delete     RTX_CM3.lib(rt_task.o)
    0x00002bc4   0x00002bc4   0x00000030   Code   RO         1322    i.rt_tsk_pass       RTX_CM3.lib(rt_task.o)
    0x00002bf4   0x00002bf4   0x0000007c   Code   RO         1323    i.rt_tsk_prio       RTX_CM3.lib(rt_task.o)
    0x00002c70   0x00002c70   0x00000010   Code   RO         1324    i.rt_tsk_self       RTX_CM3.lib(rt_task.o)
    0x00002c80   0x00002c80   0x0000003c   Code   RO          241    i.sendchar          retarget.o
    0x00002cbc   0x00002cbc   0x00000014   Code   RO           22    i.spi_tran          glcd_spi_lpc1700.o
    0x00002cd0   0x00002cd0   0x00000070   Code   RO           23    i.spi_tran_man      glcd_spi_lpc1700.o
    0x00002d40   0x00002d40   0x00000012   Code   RO          750    i.svcDelay          RTX_CM3.lib(rt_cmsis.o)
    0x00002d52   0x00002d52   0x00000002   PAD
    0x00002d54   0x00002d54   0x00000070   Code   RO          751    i.svcKernelInitialize  RTX_CM3.lib(rt_cmsis.o)
    0x00002dc4   0x00002dc4   0x00000048   Code   RO          753    i.svcKernelStart    RTX_CM3.lib(rt_cmsis.o)
    0x00002e0c   0x00002e0c   0x00000024   Code   RO          756    i.svcMessageCreate  RTX_CM3.lib(rt_cmsis.o)
    0x00002e30   0x00002e30   0x0000003a   Code   RO          757    i.svcMessageGet     RTX_CM3.lib(rt_cmsis.o)
    0x00002e6a   0x00002e6a   0x0000001c   Code   RO          759    i.svcMutexCreate    RTX_CM3.lib(rt_cmsis.o)
    0x00002e86   0x00002e86   0x00000022   Code   RO          761    i.svcMutexRelease   RTX_CM3.lib(rt_cmsis.o)
    0x00002ea8   0x00002ea8   0x0000003a   Code   RO          762    i.svcMutexWait      RTX_CM3.lib(rt_cmsis.o)
    0x00002ee2   0x00002ee2   0x00000002   PAD
    0x00002ee4   0x00002ee4   0x0000006c   Code   RO          771    i.svcThreadCreate   RTX_CM3.lib(rt_cmsis.o)
    0x00002f50   0x00002f50   0x0000001c   Code   RO          772    i.svcThreadGetId    RTX_CM3.lib(rt_cmsis.o)
    0x00002f6c   0x00002f6c   0x00000038   Code   RO          775    i.svcThreadTerminate  RTX_CM3.lib(rt_cmsis.o)
    0x00002fa4   0x00002fa4   0x0000000a   Code   RO          776    i.svcThreadYield    RTX_CM3.lib(rt_cmsis.o)
    0x00002fae   0x00002fae   0x00000018   Code   RO          777    i.svcTimerCall      RTX_CM3.lib(rt_cmsis.o)
    0x00002fc6   0x00002fc6   0x00000002   PAD
    0x00002fc8   0x00002fc8   0x0000005c   Code   RO          786    i.sysTimerTick      RTX_CM3.lib(rt_cmsis.o)
    0x00003024   0x00003024   0x00000024   Code   RO           24    i.wr_cmd            glcd_spi_lpc1700.o
    0x00003048   0x00003048   0x00000024   Code   RO           25    i.wr_dat            glcd_spi_lpc1700.o
    0x0000306c   0x0000306c   0x00000014   Code   RO           26    i.wr_dat_only       glcd_spi_lpc1700.o
    0x00003080   0x00003080   0x00000010   Code   RO           27    i.wr_dat_start      glcd_spi_lpc1700.o
    0x00003090   0x00003090   0x00000012   Code   RO           28    i.wr_reg            glcd_spi_lpc1700.o
    0x000030a2   0x000030a2   0x00001880   Data   RO           29    .constdata          glcd_spi_lpc1700.o
    0x00004922   0x00004922   0x00000002   PAD
    0x00004924   0x00004924   0x000017fc   Data   RO          428    .constdata          main.o
    0x00006120   0x00006120   0x00000002   Data   RO          587    .constdata          rtx_conf_cm.o
    0x00006122   0x00006122   0x00000002   PAD
    0x00006124   0x00006124   0x00000004   Data   RO          588    .constdata          rtx_conf_cm.o
    0x00006128   0x00006128   0x00000004   Data   RO          589    .constdata          rtx_conf_cm.o
    0x0000612c   0x0000612c   0x00000004   Data   RO          593    .constdata          rtx_conf_cm.o
    0x00006130   0x00006130   0x00000001   Data   RO          594    .constdata          rtx_conf_cm.o
    0x00006131   0x00006131   0x00000003   PAD
    0x00006134   0x00006134   0x00000020   Data   RO          595    .constdata          rtx_conf_cm.o
    0x00006154   0x00006154   0x00000002   Data   RO          596    .constdata          rtx_conf_cm.o
    0x00006156   0x00006156   0x00000002   PAD
    0x00006158   0x00006158   0x00000004   Data   RO          597    .constdata          rtx_conf_cm.o
    0x0000615c   0x0000615c   0x00000004   Data   RO          598    .constdata          rtx_conf_cm.o
    0x00006160   0x00006160   0x00000001   Data   RO          599    .constdata          rtx_conf_cm.o
    0x00006161   0x00006161   0x00000003   PAD
    0x00006164   0x00006164   0x00000010   Data   RO          600    .constdata          rtx_conf_cm.o
    0x00006174   0x00006174   0x00000008   Data   RO          601    .constdata          rtx_conf_cm.o
    0x0000617c   0x0000617c   0x00000002   Data   RO          602    .constdata          rtx_conf_cm.o
    0x0000617e   0x0000617e   0x00000002   PAD
    0x00006180   0x00006180   0x00000020   Data   RO         2201    Region$$Table       anon$$obj.o


    Execution Region ER_RW (Exec base: 0x10000000, Load base: 0x000061a0, Size: 0x00001968, Max: 0xffffffff, ABSOLUTE, COMPRESSED[0x00000160])

    Exec Addr    Load Addr    Size         Type   Attr      Idx    E Section Name        Object

    0x10000000   COMPRESSED   0x00000006   Data   RW           30    .data               glcd_spi_lpc1700.o
    0x10000006   COMPRESSED   0x00000001   Data   RW          242    .data               retarget.o
    0x10000007   COMPRESSED   0x00000001   PAD
    0x10000008   COMPRESSED   0x00000004   Data   RW          243    .data               retarget.o
    0x1000000c   COMPRESSED   0x00000010   Data   RW          321    .data               uart.o
    0x1000001c   COMPRESSED   0x00001914   Data   RW          429    .data               main.o
    0x10001930   COMPRESSED   0x00000004   Data   RW          604    .data               rtx_conf_cm.o
    0x10001934   COMPRESSED   0x00000004   Data   RW          605    .data               rtx_conf_cm.o
    0x10001938   COMPRESSED   0x00000004   Data   RW          606    .data               rtx_conf_cm.o
    0x1000193c   COMPRESSED   0x00000004   Data   RW          654    .data               system_lpc17xx.o
    0x10001940   COMPRESSED   0x00000008   Data   RW          789    .data               RTX_CM3.lib(rt_cmsis.o)
    0x10001948   COMPRESSED   0x00000008   Data   RW         1326    .data               RTX_CM3.lib(rt_task.o)
    0x10001950   COMPRESSED   0x00000008   Data   RW         1411    .data               RTX_CM3.lib(rt_system.o)
    0x10001958   COMPRESSED   0x00000004   Data   RW         1705    .data               RTX_CM3.lib(rt_time.o)
    0x1000195c   COMPRESSED   0x00000001   Data   RW         1824    .data               RTX_CM3.lib(hal_cm.o)
    0x1000195d   COMPRESSED   0x00000003   PAD
    0x10001960   COMPRESSED   0x00000008   Data   RW         1868    .data               RTX_CM3.lib(rt_robin.o)


    Execution Region ER_ZI (Exec base: 0x10001968, Load base: 0x00006300, Size: 0x00003518, Max: 0xffffffff, ABSOLUTE)

    Exec Addr    Load Addr    Size         Type   Attr      Idx    E Section Name        Object

    0x10001968        -       0x00000080   Zero   RW          319    .bss                uart.o
    0x100019e8        -       0x000002b0   Zero   RW          422    .bss                main.o
    0x10001c98        -       0x00000010   Zero   RW          423    .bss                main.o
    0x10001ca8        -       0x00000010   Zero   RW          424    .bss                main.o
    0x10001cb8        -       0x00000010   Zero   RW          425    .bss                main.o
    0x10001cc8        -       0x00000010   Zero   RW          426    .bss                main.o
    0x10001cd8        -       0x00000010   Zero   RW          427    .bss                main.o
    0x10001ce8        -       0x00000020   Zero   RW          581    .bss                rtx_conf_cm.o
    0x10001d08        -       0x00000178   Zero   RW          582    .bss                rtx_conf_cm.o
    0x10001e80        -       0x00000c10   Zero   RW          583    .bss                rtx_conf_cm.o
    0x10002a90        -       0x000002e8   Zero   RW          584    .bss                rtx_conf_cm.o
    0x10002d78        -       0x00000084   Zero   RW          585    .bss                rtx_conf_cm.o
    0x10002dfc        -       0x0000001c   Zero   RW          586    .bss                rtx_conf_cm.o
    0x10002e18        -       0x00000034   Zero   RW         1325    .bss                RTX_CM3.lib(rt_task.o)
    0x10002e4c        -       0x00000030   Zero   RW         1545    .bss                RTX_CM3.lib(rt_list.o)
    0x10002e7c   0x00006300   0x00000004   PAD
    0x10002e80        -       0x00002000   Zero   RW          639    STACK               startup_lpc17xx.o


==============================================================================

Image component sizes


      Code (inc. data)   RO Data    RW Data    ZI Data      Debug   Object Name

      2426         98       6272          6          0      34037   glcd_spi_lpc1700.o
      2924        324       6140       6420        768      13926   main.o
        64          4          0          5          0       2771   retarget.o
        28          6         84         12       4400       7472   rtx_conf_cm.o
        40         12        204          0       8192        952   startup_lpc17xx.o
       208         12          0          4          0        795   system_lpc17xx.o
       458         62          0         16        128      32076   uart.o

    ----------------------------------------------------------------------
      6154        518      12746       6464      13488      92029   Object Totals
         0          0         32          0          0          0   (incl. Generated)
         6          0         14          1          0          0   (incl. Padding)

    ----------------------------------------------------------------------

      Code (inc. data)   RO Data    RW Data    ZI Data      Debug   Library Member Name

       238         24          0          1          0       3312   hal_cm.o
       304         36          0          0          0        768   hal_cm3.o
      1398        170          0          8          0      37755   rt_cmsis.o
        80          4          0          0          0        661   rt_event.o
       566         44          0          0         48       8792   rt_list.o
       554         10          0          0          0       3949   rt_mailbox.o
       140          0          0          0          0       1925   rt_membox.o
       128          0          0          0          0       2307   rt_memory.o
       352         14          0          0          0       2105   rt_mutex.o
        96         22          0          8          0       1158   rt_robin.o
        52          4          0          0          0        573   rt_semaphore.o
       298         52          0          8          0       6223   rt_system.o
      1264        184          0          8         52      10147   rt_task.o
         6          0          0          4          0        652   rt_time.o
         4          4          0          0          0        208   svc_table.o
        94          0          0          0          0          0   __dclz77c.o
         0          0          0          0          0          0   entry.o
         0          0          0          0          0          0   entry10a.o
         0          0          0          0          0          0   entry11a.o
         8          4          0          0          0          0   entry2.o
         4          0          0          0          0          0   entry5.o
         0          0          0          0          0          0   entry7b.o
         0          0          0          0          0          0   entry8b.o
        30          0          0          0          0          0   handlers.o
        36          8          0          0          0         68   init.o
       372         14          0          0          0        184   printf1.o
        44          0          0          0          0         80   uidiv.o

    ----------------------------------------------------------------------
      6092        594          0         40        104      80867   Library Totals
        24          0          0          3          4          0   (incl. Padding)

    ----------------------------------------------------------------------

      Code (inc. data)   RO Data    RW Data    ZI Data      Debug   Library Name

      5480        568          0         37        100      80535   RTX_CM3.lib
       588         26          0          0          0        332   mc_w.l

    ----------------------------------------------------------------------
      6092        594          0         40        104      80867   Library Totals

    ----------------------------------------------------------------------

==============================================================================


      Code (inc. data)   RO Data    RW Data    ZI Data      Debug   

     12246       1112      12746       6504      13592     166836   Grand Totals
     12246       1112      12746        352      13592     166836   ELF Image Totals (compressed)
     12246       1112      12746        352          0          0   ROM Totals

==============================================================================

    Total RO  Size (Code + RO Data)                24992 (  24.41kB)
    Total RW  Size (RW Data + ZI Data)             20096 (  19.63kB)
    Total ROM Size (Code + RO Data + RW Data)      25344 (  24.75kB)

==============================================================================

