Component: ARM Compiler 5.06 update 5 (build 528) Tool: armlink [4d35e2]

==============================================================================

Section Cross References

    main.o(i.LED) refers to main.o(i.delay) for delay
    main.o(i.LED) refers to rt_cmsis.o(i.osThreadYield) for osThreadYield
    main.o(i.joystick) refers to glcd_spi_lpc1700.o(i.GLCD_Init) for GLCD_Init
    main.o(i.joystick) refers to glcd_spi_lpc1700.o(i.GLCD_Clear) for GLCD_Clear
    main.o(i.joystick) refers to glcd_spi_lpc1700.o(i.GLCD_SetTextColor) for GLCD_SetTextColor
    main.o(i.joystick) refers to glcd_spi_lpc1700.o(i.GLCD_SetBackColor) for GLCD_SetBackColor
    main.o(i.joystick) refers to glcd_spi_lpc1700.o(i.GLCD_ClearLn) for GLCD_ClearLn
    main.o(i.joystick) refers to glcd_spi_lpc1700.o(i.GLCD_DisplayString) for GLCD_DisplayString
    main.o(i.joystick) refers to main.o(i.delay) for delay
    main.o(i.joystick) refers to rt_cmsis.o(i.osThreadYield) for osThreadYield
    main.o(i.main) refers to printf1.o(i.__0printf$1) for __2printf
    main.o(i.main) refers to rt_cmsis.o(i.osKernelInitialize) for osKernelInitialize
    main.o(i.main) refers to rt_cmsis.o(i.osKernelStart) for osKernelStart
    main.o(i.main) refers to rt_cmsis.o(i.osThreadCreate) for osThreadCreate
    main.o(i.main) refers to main.o(.constdata) for os_thread_def_potentiometer
    main.o(i.potentiometer) refers to printf1.o(i.__0printf$1) for __2printf
    main.o(i.potentiometer) refers to rt_cmsis.o(i.osThreadYield) for osThreadYield
    main.o(.constdata) refers to main.o(i.potentiometer) for potentiometer
    main.o(.constdata) refers to main.o(i.joystick) for joystick
    main.o(.constdata) refers to main.o(i.LED) for LED
    glcd_scroll.o(i.append_char) refers to glcd_scroll.o(i.refresh_lcd) for refresh_lcd
    glcd_scroll.o(i.append_char) refers to glcd_spi_lpc1700.o(i.GLCD_DisplayChar) for GLCD_DisplayChar
    glcd_scroll.o(i.append_char) refers to glcd_scroll.o(i.last_line) for last_line
    glcd_scroll.o(i.append_char) refers to glcd_scroll.o(.data) for last_col_cahche
    glcd_scroll.o(i.append_char) refers to glcd_scroll.o(.bss) for chache
    glcd_scroll.o(i.init_scroll) refers to glcd_spi_lpc1700.o(i.GLCD_Init) for GLCD_Init
    glcd_scroll.o(i.init_scroll) refers to glcd_spi_lpc1700.o(i.GLCD_Clear) for GLCD_Clear
    glcd_scroll.o(i.init_scroll) refers to glcd_spi_lpc1700.o(i.GLCD_SetBackColor) for GLCD_SetBackColor
    glcd_scroll.o(i.init_scroll) refers to glcd_spi_lpc1700.o(i.GLCD_SetTextColor) for GLCD_SetTextColor
    glcd_scroll.o(i.init_scroll) refers to glcd_scroll.o(.data) for cache_start
    glcd_scroll.o(i.joyStickBusyWaitingMonitor) refers to glcd_scroll.o(i.moveUp) for moveUp
    glcd_scroll.o(i.joyStickBusyWaitingMonitor) refers to glcd_scroll.o(i.moveDown) for moveDown
    glcd_scroll.o(i.joyStickBusyWaitingMonitor) refers to glcd_scroll.o(i.moveFirst) for moveFirst
    glcd_scroll.o(i.joyStickBusyWaitingMonitor) refers to glcd_scroll.o(i.moveLast) for moveLast
    glcd_scroll.o(i.last_line) refers to glcd_scroll.o(.data) for cache_start
    glcd_scroll.o(i.last_window_line) refers to glcd_scroll.o(.data) for window_start
    glcd_scroll.o(i.moveDown) refers to glcd_scroll.o(i.last_line) for last_line
    glcd_scroll.o(i.moveDown) refers to glcd_scroll.o(i.last_window_line) for last_window_line
    glcd_scroll.o(i.moveDown) refers to glcd_scroll.o(i.refresh_lcd) for refresh_lcd
    glcd_scroll.o(i.moveDown) refers to glcd_scroll.o(.data) for window_start
    glcd_scroll.o(i.moveFirst) refers to glcd_scroll.o(i.refresh_lcd) for refresh_lcd
    glcd_scroll.o(i.moveFirst) refers to glcd_scroll.o(.data) for window_start
    glcd_scroll.o(i.moveLast) refers to glcd_scroll.o(i.last_line) for last_line
    glcd_scroll.o(i.moveLast) refers to glcd_scroll.o(i.last_window_line) for last_window_line
    glcd_scroll.o(i.moveLast) refers to glcd_scroll.o(i.refresh_lcd) for refresh_lcd
    glcd_scroll.o(i.moveLast) refers to glcd_scroll.o(.data) for cache_size
    glcd_scroll.o(i.moveUp) refers to glcd_scroll.o(i.refresh_lcd) for refresh_lcd
    glcd_scroll.o(i.moveUp) refers to glcd_scroll.o(.data) for window_start
    glcd_scroll.o(i.print_string) refers to glcd_scroll.o(i.print_text) for print_text
    glcd_scroll.o(i.print_text) refers to glcd_scroll.o(i.append_char) for append_char
    glcd_scroll.o(i.refresh_lcd) refers to glcd_spi_lpc1700.o(i.GLCD_Clear) for GLCD_Clear
    glcd_scroll.o(i.refresh_lcd) refers to glcd_spi_lpc1700.o(i.GLCD_DisplayString) for GLCD_DisplayString
    glcd_scroll.o(i.refresh_lcd) refers to glcd_scroll.o(.data) for window_start
    glcd_scroll.o(i.refresh_lcd) refers to glcd_scroll.o(.bss) for chache
    glcd_spi_lpc1700.o(i.GLCD_Bargraph) refers to glcd_spi_lpc1700.o(i.GLCD_SetWindow) for GLCD_SetWindow
    glcd_spi_lpc1700.o(i.GLCD_Bargraph) refers to glcd_spi_lpc1700.o(i.wr_cmd) for wr_cmd
[...]
    printf6.o(i.__0vprintf$6) refers to retarget.o(i.fputc) for fputc
    printf6.o(i.__0vprintf$6) refers to retarget.o(.data) for __stdout
    printf6.o(i.__0vsnprintf$6) refers to printf6.o(i._printf_core) for _printf_core
    printf6.o(i.__0vsnprintf$6) refers to printf6.o(i._snputc) for _snputc
    printf6.o(i.__0vsprintf$6) refers to printf6.o(i._printf_core) for _printf_core
    printf6.o(i.__0vsprintf$6) refers to printf6.o(i._sputc) for _sputc
    printf6.o(i._printf_core) refers to printf6.o(i._printf_pre_padding) for _printf_pre_padding
    printf6.o(i._printf_core) refers to uidiv.o(.text) for __aeabi_uidivmod
    printf6.o(i._printf_core) refers to printf6.o(i._printf_post_padding) for _printf_post_padding
    printf7.o(i.__0fprintf$7) refers to printf7.o(i._printf_core) for _printf_core
    printf7.o(i.__0fprintf$7) refers to retarget.o(i.fputc) for fputc
    printf7.o(i.__0printf$7) refers to printf7.o(i._printf_core) for _printf_core
    printf7.o(i.__0printf$7) refers to retarget.o(i.fputc) for fputc
    printf7.o(i.__0printf$7) refers to retarget.o(.data) for __stdout
    printf7.o(i.__0snprintf$7) refers to printf7.o(i._printf_core) for _printf_core
    printf7.o(i.__0snprintf$7) refers to printf7.o(i._snputc) for _snputc
    printf7.o(i.__0sprintf$7) refers to printf7.o(i._printf_core) for _printf_core
    printf7.o(i.__0sprintf$7) refers to printf7.o(i._sputc) for _sputc
    printf7.o(i.__0vfprintf$7) refers to printf7.o(i._printf_core) for _printf_core
    printf7.o(i.__0vfprintf$7) refers to retarget.o(i.fputc) for fputc
    printf7.o(i.__0vprintf$7) refers to printf7.o(i._printf_core) for _printf_core
    printf7.o(i.__0vprintf$7) refers to retarget.o(i.fputc) for fputc
    printf7.o(i.__0vprintf$7) refers to retarget.o(.data) for __stdout
    printf7.o(i.__0vsnprintf$7) refers to printf7.o(i._printf_core) for _printf_core
    printf7.o(i.__0vsnprintf$7) refers to printf7.o(i._snputc) for _snputc
    printf7.o(i.__0vsprintf$7) refers to printf7.o(i._printf_core) for _printf_core
    printf7.o(i.__0vsprintf$7) refers to printf7.o(i._sputc) for _sputc
    printf7.o(i._printf_core) refers to printf7.o(i._printf_pre_padding) for _printf_pre_padding
    printf7.o(i._printf_core) refers to uldiv.o(.text) for __aeabi_uldivmod
    printf7.o(i._printf_core) refers to printf7.o(i._printf_post_padding) for _printf_post_padding
    printf8.o(i.__0fprintf$8) refers to printf8.o(i._printf_core) for _printf_core
    printf8.o(i.__0fprintf$8) refers to retarget.o(i.fputc) for fputc
    printf8.o(i.__0printf$8) refers to printf8.o(i._printf_core) for _printf_core
    printf8.o(i.__0printf$8) refers to retarget.o(i.fputc) for fputc
    printf8.o(i.__0printf$8) refers to retarget.o(.data) for __stdout
    printf8.o(i.__0snprintf$8) refers to printf8.o(i._printf_core) for _printf_core
    printf8.o(i.__0snprintf$8) refers to printf8.o(i._snputc) for _snputc
    printf8.o(i.__0sprintf$8) refers to printf8.o(i._printf_core) for _printf_core
    printf8.o(i.__0sprintf$8) refers to printf8.o(i._sputc) for _sputc
    printf8.o(i.__0vfprintf$8) refers to printf8.o(i._printf_core) for _printf_core
    printf8.o(i.__0vfprintf$8) refers to retarget.o(i.fputc) for fputc
    printf8.o(i.__0vprintf$8) refers to printf8.o(i._printf_core) for _printf_core
    printf8.o(i.__0vprintf$8) refers to retarget.o(i.fputc) for fputc
    printf8.o(i.__0vprintf$8) refers to retarget.o(.data) for __stdout
    printf8.o(i.__0vsnprintf$8) refers to printf8.o(i._printf_core) for _printf_core
    printf8.o(i.__0vsnprintf$8) refers to printf8.o(i._snputc) for _snputc
    printf8.o(i.__0vsprintf$8) refers to printf8.o(i._printf_core) for _printf_core
    printf8.o(i.__0vsprintf$8) refers to printf8.o(i._sputc) for _sputc
    printf8.o(i._printf_core) refers to printf8.o(i._printf_pre_padding) for _printf_pre_padding
    printf8.o(i._printf_core) refers to uldiv.o(.text) for __aeabi_uldivmod
    printf8.o(i._printf_core) refers to printf8.o(i._printf_post_padding) for _printf_post_padding
    printfa.o(i.__0fprintf) refers (Special) to iusefp.o(.text) for __I$use$fp
    printfa.o(i.__0fprintf) refers to printfa.o(i._printf_core) for _printf_core
    printfa.o(i.__0fprintf) refers to retarget.o(i.fputc) for fputc
    printfa.o(i.__0printf) refers (Special) to iusefp.o(.text) for __I$use$fp
    printfa.o(i.__0printf) refers to printfa.o(i._printf_core) for _printf_core
    printfa.o(i.__0printf) refers to retarget.o(i.fputc) for fputc
    printfa.o(i.__0printf) refers to retarget.o(.data) for __stdout
    printfa.o(i.__0snprintf) refers (Special) to iusefp.o(.text) for __I$use$fp
    printfa.o(i.__0snprintf) refers to printfa.o(i._printf_core) for _printf_core
    printfa.o(i.__0snprintf) refers to printfa.o(i._snputc) for _snputc
    printfa.o(i.__0sprintf) refers (Special) to iusefp.o(.text) for __I$use$fp
    printfa.o(i.__0sprintf) refers to printfa.o(i._printf_core) for _printf_core
    printfa.o(i.__0sprintf) refers to printfa.o(i._sputc) for _sputc
    printfa.o(i.__0vfprintf) refers (Special) to iusefp.o(.text) for __I$use$fp
    printfa.o(i.__0vfprintf) refers to printfa.o(i._printf_core) for _printf_core
    printfa.o(i.__0vfprintf) refers to retarget.o(i.fputc) for fputc
    printfa.o(i.__0vprintf) refers (Special) to iusefp.o(.text) for __I$use$fp
    printfa.o(i.__0vprintf) refers to printfa.o(i._printf_core) for _printf_core
    printfa.o(i.__0vprintf) refers to retarget.o(i.fputc) for fputc
    printfa.o(i.__0vprintf) refers to retarget.o(.data) for __stdout
    printfa.o(i.__0vsnprintf) refers (Special) to iusefp.o(.text) for __I$use$fp
    printfa.o(i.__0vsnprintf) refers to printfa.o(i._printf_core) for _printf_core
    printfa.o(i.__0vsnprintf) refers to printfa.o(i._snputc) for _snputc
    printfa.o(i.__0vsprintf) refers (Special) to iusefp.o(.text) for __I$use$fp
    printfa.o(i.__0vsprintf) refers to printfa.o(i._printf_core) for _printf_core
    printfa.o(i.__0vsprintf) refers to printfa.o(i._sputc) for _sputc
    printfa.o(i._fp_digits) refers (Special) to iusefp.o(.text) for __I$use$fp
    printfa.o(i._fp_digits) refers to dmul.o(.text) for __aeabi_dmul
    printfa.o(i._fp_digits) refers to ddiv.o(.text) for __aeabi_ddiv
    printfa.o(i._fp_digits) refers to cdrcmple.o(.text) for __aeabi_cdrcmple
    printfa.o(i._fp_digits) refers to dadd.o(.text) for __aeabi_dadd
    printfa.o(i._fp_digits) refers to dfixul.o(.text) for __aeabi_d2ulz
    printfa.o(i._fp_digits) refers to uldiv.o(.text) for __aeabi_uldivmod
    printfa.o(i._printf_core) refers (Special) to iusefp.o(.text) for __I$use$fp
    printfa.o(i._printf_core) refers to printfa.o(i._printf_pre_padding) for _printf_pre_padding
    printfa.o(i._printf_core) refers to uldiv.o(.text) for __aeabi_uldivmod
    printfa.o(i._printf_core) refers to printfa.o(i._printf_post_padding) for _printf_post_padding
    printfa.o(i._printf_core) refers to printfa.o(i._fp_digits) for _fp_digits
    printfa.o(i._printf_core) refers to uidiv.o(.text) for __aeabi_uidivmod
    printfa.o(i._printf_post_padding) refers (Special) to iusefp.o(.text) for __I$use$fp
    printfa.o(i._printf_pre_padding) refers (Special) to iusefp.o(.text) for __I$use$fp
    printfa.o(i._snputc) refers (Special) to iusefp.o(.text) for __I$use$fp
    printfa.o(i._sputc) refers (Special) to iusefp.o(.text) for __I$use$fp
    entry2.o(.ARM.Collect$$$$00000001) refers to entry2.o(.ARM.Collect$$$$00002712) for __lit__00000000
    entry2.o(.ARM.Collect$$$$00002712) refers to startup_lpc17xx.o(STACK) for __initial_sp
    entry2.o(__vectab_stack_and_reset_area) refers to startup_lpc17xx.o(STACK) for __initial_sp
    entry2.o(__vectab_stack_and_reset_area) refers to entry.o(.ARM.Collect$$$$00000000) for __main
    entry5.o(.ARM.Collect$$$$00000004) refers to init.o(.text) for __scatterload
    dadd.o(.text) refers to llshl.o(.text) for __aeabi_llsl
    dadd.o(.text) refers to llsshr.o(.text) for __aeabi_lasr
    dadd.o(.text) refers to depilogue.o(.text) for _double_epilogue
    dmul.o(.text) refers to depilogue.o(.text) for _double_epilogue
    ddiv.o(.text) refers to depilogue.o(.text) for _double_round
    dfixul.o(.text) refers to llushr.o(.text) for __aeabi_llsr
    dfixul.o(.text) refers to llshl.o(.text) for __aeabi_llsl
    init.o(.text) refers to entry5.o(.ARM.Collect$$$$00000004) for __main_after_scatterload
    depilogue.o(.text) refers to llshl.o(.text) for __aeabi_llsl
    depilogue.o(.text) refers to llushr.o(.text) for __aeabi_llsr


==============================================================================

Removing Unused input sections from the image.

    Removing main.o(.rev16_text), (4 bytes).
    Removing main.o(.revsh_text), (4 bytes).
    Removing main.o(.rrx_text), (6 bytes).
    Removing glcd_scroll.o(.rev16_text), (4 bytes).
    Removing glcd_scroll.o(.revsh_text), (4 bytes).
    Removing glcd_scroll.o(.rrx_text), (6 bytes).
    Removing glcd_scroll.o(i.append_char), (240 bytes).
    Removing glcd_scroll.o(i.initJoyStick), (108 bytes).
    Removing glcd_scroll.o(i.init_scroll), (72 bytes).
    Removing glcd_scroll.o(i.joyStickBusyWaitingMonitor), (96 bytes).
    Removing glcd_scroll.o(i.last_line), (32 bytes).
    Removing glcd_scroll.o(i.last_window_line), (32 bytes).
    Removing glcd_scroll.o(i.moveDown), (68 bytes).
    Removing glcd_scroll.o(i.moveFirst), (60 bytes).
    Removing glcd_scroll.o(i.moveLast), (96 bytes).
    Removing glcd_scroll.o(i.moveUp), (72 bytes).
    Removing glcd_scroll.o(i.print_string), (34 bytes).
    Removing glcd_scroll.o(i.print_text), (24 bytes).
    Removing glcd_scroll.o(i.refresh_lcd), (80 bytes).
    Removing glcd_scroll.o(.bss), (525 bytes).
    Removing glcd_scroll.o(.data), (20 bytes).
    Removing glcd_spi_lpc1700.o(.rev16_text), (4 bytes).
    Removing glcd_spi_lpc1700.o(.revsh_text), (4 bytes).
    Removing glcd_spi_lpc1700.o(.rrx_text), (6 bytes).
    Removing glcd_spi_lpc1700.o(i.GLCD_Bargraph), (104 bytes).
    Removing glcd_spi_lpc1700.o(i.GLCD_Bitmap), (82 bytes).
    Removing glcd_spi_lpc1700.o(i.GLCD_PutPixel), (128 bytes).
    Removing glcd_spi_lpc1700.o(i.GLCD_ScrollVertical), (2 bytes).
    Removing glcd_spi_lpc1700.o(i.GLCD_WrCmd), (12 bytes).
    Removing glcd_spi_lpc1700.o(i.GLCD_WrReg), (16 bytes).
    Removing retarget.o(i._sys_exit), (4 bytes).
    Removing retarget.o(i._ttywrch), (12 bytes).
    Removing retarget.o(i.ferror), (8 bytes).
    Removing retarget.o(i.fgetc), (20 bytes).
    Removing retarget.o(i.getkey), (36 bytes).
    Removing uart.o(.rev16_text), (4 bytes).
    Removing uart.o(.revsh_text), (4 bytes).
    Removing uart.o(.rrx_text), (6 bytes).
    Removing uart.o(i.Lock), (28 bytes).
    Removing uart.o(i.LockRcv), (36 bytes).
    Removing uart.o(i.LockSnd), (36 bytes).
    Removing uart.o(i.UARTReceiveChar), (36 bytes).
    Removing uart.o(i.UARTRecieve), (160 bytes).
    Removing uart.o(i.UARTSend), (132 bytes).
    Removing startup_lpc17xx.o(HEAP), (8192 bytes).
    Removing system_lpc17xx.o(.rev16_text), (4 bytes).
    Removing system_lpc17xx.o(.revsh_text), (4 bytes).
    Removing system_lpc17xx.o(.rrx_text), (6 bytes).
    Removing system_lpc17xx.o(i.SystemCoreClockUpdate), (424 bytes).
    Removing rt_cmsis.o(.rev16_text), (4 bytes).
    Removing rt_cmsis.o(.revsh_text), (4 bytes).
    Removing rt_cmsis.o(.rrx_text), (6 bytes).
    Removing rt_cmsis.o(i.isrSemaphoreRelease), (40 bytes).
    Removing rt_cmsis.o(i.isrSignalSet), (36 bytes).
    Removing rt_cmsis.o(i.osDelay), (24 bytes).
    Removing rt_cmsis.o(i.osKernelRunning), (36 bytes).
    Removing rt_cmsis.o(i.osKernelSysTick), (24 bytes).
    Removing rt_cmsis.o(i.osMailAlloc), (28 bytes).
    Removing rt_cmsis.o(i.osMailCAlloc), (48 bytes).
    Removing rt_cmsis.o(i.osMailCreate), (44 bytes).
    Removing rt_cmsis.o(i.osMailFree), (28 bytes).
    Removing rt_cmsis.o(i.osMailGet), (22 bytes).
    Removing rt_cmsis.o(i.osMailPut), (20 bytes).
    Removing rt_cmsis.o(i.osMessageCreate), (44 bytes).
    Removing rt_cmsis.o(i.osMessagePut), (24 bytes).
    Removing rt_cmsis.o(i.osMutexCreate), (44 bytes).
    Removing rt_cmsis.o(i.osMutexDelete), (24 bytes).
    Removing rt_cmsis.o(i.osMutexRelease), (24 bytes).
    Removing rt_cmsis.o(i.osMutexWait), (24 bytes).
    Removing rt_cmsis.o(i.osPoolAlloc), (32 bytes).
    Removing rt_cmsis.o(i.osPoolCAlloc), (52 bytes).
    Removing rt_cmsis.o(i.osPoolCreate), (44 bytes).
    Removing rt_cmsis.o(i.osPoolFree), (32 bytes).
    Removing rt_cmsis.o(i.osSemaphoreCreate), (44 bytes).
    Removing rt_cmsis.o(i.osSemaphoreDelete), (24 bytes).
    Removing rt_cmsis.o(i.osSemaphoreRelease), (24 bytes).
    Removing rt_cmsis.o(i.osSemaphoreWait), (24 bytes).
    Removing rt_cmsis.o(i.osSignalClear), (24 bytes).
    Removing rt_cmsis.o(i.osSignalSet), (24 bytes).
    Removing rt_cmsis.o(i.osSignalWait), (24 bytes).
    Removing rt_cmsis.o(i.osThreadGetId), (24 bytes).
    Removing rt_cmsis.o(i.osThreadGetPriority), (24 bytes).
    Removing rt_cmsis.o(i.osThreadSetPriority), (24 bytes).
    Removing rt_cmsis.o(i.osThreadTerminate), (24 bytes).
    Removing rt_cmsis.o(i.osTimerCreate), (44 bytes).
    Removing rt_cmsis.o(i.osTimerDelete), (24 bytes).
    Removing rt_cmsis.o(i.osTimerStart), (24 bytes).
    Removing rt_cmsis.o(i.osTimerStop), (24 bytes).
    Removing rt_cmsis.o(i.osWait), (4 bytes).
    Removing rt_cmsis.o(i.os_resume), (12 bytes).
    Removing rt_cmsis.o(i.os_suspend), (12 bytes).
    Removing rt_cmsis.o(i.rt_clr_box), (24 bytes).
    Removing rt_cmsis.o(i.rt_timer_remove), (60 bytes).
    Removing rt_cmsis.o(i.svcDelay), (18 bytes).
    Removing rt_cmsis.o(i.svcKernelRunning), (12 bytes).
    Removing rt_cmsis.o(i.svcKernelSysTick), (56 bytes).
    Removing rt_cmsis.o(i.svcMailCreate), (66 bytes).
    Removing rt_cmsis.o(i.svcMessagePut), (54 bytes).
    Removing rt_cmsis.o(i.svcMutexCreate), (28 bytes).
    Removing rt_cmsis.o(i.svcMutexDelete), (26 bytes).
    Removing rt_cmsis.o(i.svcMutexRelease), (34 bytes).
    Removing rt_cmsis.o(i.svcMutexWait), (58 bytes).
    Removing rt_cmsis.o(i.svcPoolCreate), (40 bytes).
    Removing rt_cmsis.o(i.svcSemaphoreCreate), (36 bytes).
    Removing rt_cmsis.o(i.svcSemaphoreDelete), (26 bytes).
    Removing rt_cmsis.o(i.svcSemaphoreRelease), (40 bytes).
    Removing rt_cmsis.o(i.svcSemaphoreWait), (50 bytes).
    Removing rt_cmsis.o(i.svcSignalClear), (36 bytes).
    Removing rt_cmsis.o(i.svcSignalSet), (36 bytes).
    Removing rt_cmsis.o(i.svcSignalWait), (84 bytes).
    Removing rt_cmsis.o(i.svcThreadGetPriority), (18 bytes).
    Removing rt_cmsis.o(i.svcThreadSetPriority), (46 bytes).
    Removing rt_cmsis.o(i.svcTimerCreate), (56 bytes).
    Removing rt_cmsis.o(i.svcTimerDelete), (40 bytes).
    Removing rt_cmsis.o(i.svcTimerStart), (100 bytes).
    Removing rt_cmsis.o(i.svcTimerStop), (36 bytes).
    Removing rt_cmsis.o(i.sysMailAlloc), (88 bytes).
    Removing rt_cmsis.o(i.sysMailFree), (96 bytes).
    Removing rt_cmsis.o(i.sysPoolAlloc), (10 bytes).
    Removing rt_cmsis.o(i.sysPoolFree), (20 bytes).
    Removing rt_cmsis.o(i.sysUserTimerUpdate), (48 bytes).
    Removing rt_cmsis.o(i.sysUserTimerWakeupTime), (20 bytes).
    Removing rt_system.o(.emb_text), (0 bytes).
    Removing rt_system.o(i.os_tick_ovf), (16 bytes).
    Removing rt_system.o(i.os_tick_val), (20 bytes).
    Removing rt_system.o(i.rt_resume), (136 bytes).
    Removing rt_system.o(i.rt_suspend), (36 bytes).
    Removing rt_system.o(i.rt_tsk_lock), (80 bytes).
    Removing rt_system.o(i.rt_tsk_unlock), (80 bytes).
    Removing rt_event.o(i.isr_evt_set), (40 bytes).
    Removing rt_event.o(i.rt_evt_clr), (28 bytes).
    Removing rt_event.o(i.rt_evt_get), (12 bytes).
    Removing rt_event.o(i.rt_evt_set), (92 bytes).
    Removing rt_event.o(i.rt_evt_wait), (60 bytes).
    Removing rt_mailbox.o(i.rt_mbx_send), (152 bytes).
    Removing rt_semaphore.o(i.isr_sem_send), (16 bytes).
    Removing rt_semaphore.o(i.rt_sem_delete), (92 bytes).
    Removing rt_semaphore.o(i.rt_sem_init), (12 bytes).
    Removing rt_semaphore.o(i.rt_sem_send), (42 bytes).
    Removing rt_semaphore.o(i.rt_sem_wait), (64 bytes).
    Removing rt_time.o(i.rt_dly_wait), (6 bytes).
    Removing rt_time.o(i.rt_itv_set), (24 bytes).
    Removing rt_time.o(i.rt_itv_wait), (40 bytes).
    Removing rt_time.o(i.rt_time_get), (12 bytes).
    Removing rt_mutex.o(i.rt_mut_delete), (176 bytes).
    Removing rt_mutex.o(i.rt_mut_init), (16 bytes).
    Removing rt_mutex.o(i.rt_mut_release), (216 bytes).
    Removing rt_mutex.o(i.rt_mut_wait), (120 bytes).
    Removing rt_membox.o(i._calloc_box), (30 bytes).
    Removing dadd.o(.text), (334 bytes).
    Removing dmul.o(.text), (228 bytes).
    Removing ddiv.o(.text), (222 bytes).
    Removing dfixul.o(.text), (48 bytes).
    Removing cdrcmple.o(.text), (48 bytes).
    Removing depilogue.o(.text), (186 bytes).

155 unused section(s) (total 16279 bytes) removed from the image.

==============================================================================

Image Symbol Table

    Local Symbols

    Symbol Name                              Value     Ov Type        Size  Object(Section)

    RESET                                    0x00000000   Section      204  startup_lpc17xx.o(RESET)
    ../clib/microlib/division.c              0x00000000   Number         0  uldiv.o ABSOLUTE
    ../clib/microlib/division.c              0x00000000   Number         0  uidiv.o ABSOLUTE
    ../clib/microlib/init/entry.s            0x00000000   Number         0  entry.o ABSOLUTE
    ../clib/microlib/init/entry.s            0x00000000   Number         0  entry2.o ABSOLUTE
    ../clib/microlib/init/entry.s            0x00000000   Number         0  entry7b.o ABSOLUTE
    ../clib/microlib/init/entry.s            0x00000000   Number         0  entry8a.o ABSOLUTE
    ../clib/microlib/init/entry.s            0x00000000   Number         0  entry5.o ABSOLUTE
    ../clib/microlib/init/entry.s            0x00000000   Number         0  entry7a.o ABSOLUTE
    ../clib/microlib/init/entry.s            0x00000000   Number         0  entry11b.o ABSOLUTE
    ../clib/microlib/init/entry.s            0x00000000   Number         0  entry11a.o ABSOLUTE
    ../clib/microlib/init/entry.s            0x00000000   Number         0  entry8b.o ABSOLUTE
    ../clib/microlib/init/entry.s            0x00000000   Number         0  entry10a.o ABSOLUTE
    ../clib/microlib/init/entry.s            0x00000000   Number         0  entry10b.o ABSOLUTE
    ../clib/microlib/longlong.c              0x00000000   Number         0  llshl.o ABSOLUTE
    ../clib/microlib/longlong.c              0x00000000   Number         0  llushr.o ABSOLUTE
    ../clib/microlib/longlong.c              0x00000000   Number         0  llsshr.o ABSOLUTE
    ../clib/microlib/printf/printf.c         0x00000000   Number         0  printf3.o ABSOLUTE
    ../clib/microlib/printf/printf.c         0x00000000   Number         0  printf6.o ABSOLUTE
    ../clib/microlib/printf/printf.c         0x00000000   Number         0  printf5.o ABSOLUTE
    ../clib/microlib/printf/printf.c         0x00000000   Number         0  printf4.o ABSOLUTE
    ../clib/microlib/printf/printf.c         0x00000000   Number         0  printfb.o ABSOLUTE
    ../clib/microlib/printf/printf.c         0x00000000   Number         0  printf0.o ABSOLUTE
    ../clib/microlib/printf/printf.c         0x00000000   Number         0  printf1.o ABSOLUTE
    ../clib/microlib/printf/printf.c         0x00000000   Number         0  printf2.o ABSOLUTE
    ../clib/microlib/printf/printf.c         0x00000000   Number         0  printfa.o ABSOLUTE
    ../clib/microlib/printf/printf.c         0x00000000   Number         0  printf7.o ABSOLUTE
    ../clib/microlib/printf/printf.c         0x00000000   Number         0  printf8.o ABSOLUTE
    ../clib/microlib/printf/stubs.s          0x00000000   Number         0  stubs.o ABSOLUTE
    ../clib/microlib/stubs.s                 0x00000000   Number         0  iusefp.o ABSOLUTE
    ../fplib/microlib/fpadd.c                0x00000000   Number         0  dadd.o ABSOLUTE
    ../fplib/microlib/fpdiv.c                0x00000000   Number         0  ddiv.o ABSOLUTE
    ../fplib/microlib/fpepilogue.c           0x00000000   Number         0  depilogue.o ABSOLUTE
    ../fplib/microlib/fpfix.c                0x00000000   Number         0  dfixul.o ABSOLUTE
    ../fplib/microlib/fpmul.c                0x00000000   Number         0  dmul.o ABSOLUTE
    ..\HAL_CM.c                              0x00000000   Number         0  hal_cm.o ABSOLUTE
    ..\\rt_CMSIS.c                           0x00000000   Number         0  rt_cmsis.o ABSOLUTE
    ..\\rt_System.c                          0x00000000   Number         0  rt_system.o ABSOLUTE
    ..\rt_CMSIS.c                            0x00000000   Number         0  rt_cmsis.o ABSOLUTE
    ..\rt_Event.c                            0x00000000   Number         0  rt_event.o ABSOLUTE
    ..\rt_List.c                             0x00000000   Number         0  rt_list.o ABSOLUTE
    ..\rt_Mailbox.c                          0x00000000   Number         0  rt_mailbox.o ABSOLUTE
    ..\rt_MemBox.c                           0x00000000   Number         0  rt_membox.o ABSOLUTE
    ..\rt_Memory.c                           0x00000000   Number         0  rt_memory.o ABSOLUTE
    ..\rt_Mutex.c                            0x00000000   Number         0  rt_mutex.o ABSOLUTE
    ..\rt_Robin.c                            0x00000000   Number         0  rt_robin.o ABSOLUTE
    ..\rt_Semaphore.c                        0x00000000   Number         0  rt_semaphore.o ABSOLUTE
    ..\rt_System.c                           0x00000000   Number         0  rt_system.o ABSOLUTE
    ..\rt_Task.c                             0x00000000   Number         0  rt_task.o ABSOLUTE
    ..\rt_Time.c                             0x00000000   Number         0  rt_time.o ABSOLUTE
    GLCD_SPI_LPC1700.c                       0x00000000   Number         0  glcd_spi_lpc1700.o ABSOLUTE
    GLCD_SPI_LPC1700.c                       0x00000000   Number         0  glcd_spi_lpc1700.o ABSOLUTE
    GLCD_Scroll.c                            0x00000000   Number         0  glcd_scroll.o ABSOLUTE
    GLCD_Scroll.c                            0x00000000   Number         0  glcd_scroll.o ABSOLUTE
    HAL_CM3.c                                0x00000000   Number         0  hal_cm3.o ABSOLUTE
    HAL_CM3.c                                0x00000000   Number         0  hal_cm3.o ABSOLUTE
    RTE\CMSIS\RTX_Conf_CM.c                  0x00000000   Number         0  rtx_conf_cm.o ABSOLUTE
    RTE\Device\LPC1768\startup_LPC17xx.s     0x00000000   Number         0  startup_lpc17xx.o ABSOLUTE
    RTE\Device\LPC1768\system_LPC17xx.c      0x00000000   Number         0  system_lpc17xx.o ABSOLUTE
    RTE\\Device\\LPC1768\\system_LPC17xx.c   0x00000000   Number         0  system_lpc17xx.o ABSOLUTE
    Retarget.c                               0x00000000   Number         0  retarget.o ABSOLUTE
    SVC_Table.s                              0x00000000   Number         0  svc_table.o ABSOLUTE
    cdrcmple.s                               0x00000000   Number         0  cdrcmple.o ABSOLUTE
    dc.s                                     0x00000000   Number         0  dc.o ABSOLUTE
    handlers.s                               0x00000000   Number         0  handlers.o ABSOLUTE
    init.s                                   0x00000000   Number         0  init.o ABSOLUTE
    main.c                                   0x00000000   Number         0  main.o ABSOLUTE
    main.c                                   0x00000000   Number         0  main.o ABSOLUTE
    uart.c                                   0x00000000   Number         0  uart.o ABSOLUTE
    uart.c                                   0x00000000   Number         0  uart.o ABSOLUTE
    .ARM.Collect$$$$00000000                 0x000000cc   Section        0  entry.o(.ARM.Collect$$$$00000000)
    .ARM.Collect$$$$00000001                 0x000000cc   Section        4  entry2.o(.ARM.Collect$$$$00000001)
    .ARM.Collect$$$$00000004                 0x000000d0   Section        4  entry5.o(.ARM.Collect$$$$00000004)
    .ARM.Collect$$$$00000008                 0x000000d4   Section        0  entry7b.o(.ARM.Collect$$$$00000008)
    .ARM.Collect$$$$0000000A                 0x000000d4   Section        0  entry8b.o(.ARM.Collect$$$$0000000A)
    .ARM.Collect$$$$0000000D                 0x000000d4   Section        0  entry10a.o(.ARM.Collect$$$$0000000D)
    .ARM.Collect$$$$0000000F                 0x000000d4   Section        0  entry11a.o(.ARM.Collect$$$$0000000F)
    .ARM.Collect$$$$000000FF                 0x000000d4   Section        0  rtx_conf_cm.o(.ARM.Collect$$$$000000FF)
    .ARM.Collect$$$$00002712                 0x000000ec   Section        4  entry2.o(.ARM.Collect$$$$00002712)
    __lit__00000000                          0x000000ec   Data           4  entry2.o(.ARM.Collect$$$$00002712)
    .emb_text                                0x000000f0   Section      304  hal_cm3.o(.emb_text)
    .text                                    0x00000220   Section       36  startup_lpc17xx.o(.text)
    .text                                    0x00000244   Section        0  uidiv.o(.text)
    .text                                    0x00000270   Section       36  init.o(.text)
    SVC_TABLE                                0x00000294   Section        4  svc_table.o(SVC_TABLE)
    i.Free                                   0x00000298   Section        0  uart.o(i.Free)
    i.FreeRcv                                0x000002a0   Section        0  uart.o(i.FreeRcv)
    i.FreeSnd                                0x000002c4   Section        0  uart.o(i.FreeSnd)
    i.GLCD_SetBackColor                      0x000002e8   Section        0  glcd_spi_lpc1700.o(i.GLCD_SetBackColor)
    i.__scatterload_null                     0x000002f4   Section        2  handlers.o(i.__scatterload_null)
    i.os_idle_demon                          0x000002f6   Section        0  rtx_conf_cm.o(i.os_idle_demon)
    i.os_tick_irqack                         0x000002fa   Section        0  rt_system.o(i.os_tick_irqack)
    .ARM.__at_0x02FC                         0x000002fc   Section        4  startup_lpc17xx.o(.ARM.__at_0x02FC)
    i.GLCD_Clear                             0x00000300   Section        0  glcd_spi_lpc1700.o(i.GLCD_Clear)
    i.GLCD_ClearLn                           0x0000032a   Section        0  glcd_spi_lpc1700.o(i.GLCD_ClearLn)
    i.GLCD_DisplayChar                       0x00000388   Section        0  glcd_spi_lpc1700.o(i.GLCD_DisplayChar)
    i.GLCD_DisplayString                     0x000003e4   Section        0  glcd_spi_lpc1700.o(i.GLCD_DisplayString)
    i.GLCD_DrawChar                          0x0000040c   Section        0  glcd_spi_lpc1700.o(i.GLCD_DrawChar)
    i.GLCD_Init                              0x000004a8   Section        0  glcd_spi_lpc1700.o(i.GLCD_Init)
    i.GLCD_SetTextColor                      0x00000a90   Section        0  glcd_spi_lpc1700.o(i.GLCD_SetTextColor)
    i.GLCD_SetWindow                         0x00000a9c   Section        0  glcd_spi_lpc1700.o(i.GLCD_SetWindow)
    i.GLCD_WindowMax                         0x00000b48   Section        0  glcd_spi_lpc1700.o(i.GLCD_WindowMax)
    i.LED                                    0x00000b5c   Section        0  main.o(i.LED)
    i.SystemInit                             0x00000bb4   Section        0  system_lpc17xx.o(i.SystemInit)
    i.UART0_IRQHandler                       0x00000cf4   Section        0  uart.o(i.UART0_IRQHandler)
    i.UART1_IRQHandler                       0x00000d5c   Section        0  uart.o(i.UART1_IRQHandler)
    i.UARTInit                               0x00000dcc   Section        0  uart.o(i.UARTInit)
    i.UARTSendChar                           0x00000e88   Section        0  uart.o(i.UARTSendChar)
    i.__0printf$1                            0x00000eac   Section        0  printf1.o(i.__0printf$1)
    i.__NVIC_EnableIRQ                       0x00000ecc   Section        0  uart.o(i.__NVIC_EnableIRQ)
    __NVIC_EnableIRQ                         0x00000ecd   Thumb Code    26  uart.o(i.__NVIC_EnableIRQ)
    i.__scatterload_copy                     0x00000ee6   Section       14  handlers.o(i.__scatterload_copy)
    i.__scatterload_zeroinit                 0x00000ef4   Section       14  handlers.o(i.__scatterload_zeroinit)
    i._init_box                              0x00000f02   Section        0  rt_membox.o(i._init_box)
    i._printf_core                           0x00000f48   Section        0  printf1.o(i._printf_core)
    _printf_core                             0x00000f49   Thumb Code   336  printf1.o(i._printf_core)
    i.dbg_init                               0x0000109c   Section        0  hal_cm.o(i.dbg_init)
    i.dbg_task_notify                        0x000010cc   Section        0  hal_cm.o(i.dbg_task_notify)
    i.dbg_task_switch                        0x000010ec   Section        0  hal_cm.o(i.dbg_task_switch)
    i.delay                                  0x000010fc   Section        0  main.o(i.delay)
    i.delay                                  0x00001108   Section        0  glcd_spi_lpc1700.o(i.delay)
    delay                                    0x00001109   Thumb Code    14  glcd_spi_lpc1700.o(i.delay)
    i.fputc                                  0x00001116   Section        0  retarget.o(i.fputc)
    i.getFrequency                           0x00001124   Section        0  uart.o(i.getFrequency)
    i.isrMessageGet                          0x0000116c   Section        0  rt_cmsis.o(i.isrMessageGet)
    i.isrMessagePut                          0x00001196   Section        0  rt_cmsis.o(i.isrMessagePut)
    i.isr_mbx_receive                        0x000011c4   Section        0  rt_mailbox.o(i.isr_mbx_receive)
    i.isr_mbx_send                           0x0000121a   Section        0  rt_mailbox.o(i.isr_mbx_send)
    i.joystick                               0x00001228   Section        0  main.o(i.joystick)
    i.main                                   0x00001370   Section        0  main.o(i.main)
    i.osKernelInitialize                     0x000013b4   Section        0  rt_cmsis.o(i.osKernelInitialize)
    i.osKernelStart                          0x000013d8   Section        0  rt_cmsis.o(i.osKernelStart)
    i.osMessageGet                           0x00001444   Section        0  rt_cmsis.o(i.osMessageGet)
    i.osThreadCreate                         0x0000145c   Section        0  rt_cmsis.o(i.osThreadCreate)
    i.osThreadExit                           0x00001488   Section        0  rt_cmsis.o(i.osThreadExit)
    i.osThreadYield                          0x000014a0   Section        0  rt_cmsis.o(i.osThreadYield)
    i.osTimerCall                            0x000014b8   Section        0  rt_cmsis.o(i.osTimerCall)
    i.osTimerThread                          0x000014c4   Section        0  rt_cmsis.o(i.osTimerThread)
    i.os_error                               0x000014f0   Section        0  rtx_conf_cm.o(i.os_error)
    i.os_tick_init                           0x00001514   Section        0  rt_system.o(i.os_tick_init)
    i.potentiometer                          0x0000153c   Section        0  main.o(i.potentiometer)
    i.rd_id_man                              0x000015b4   Section        0  glcd_spi_lpc1700.o(i.rd_id_man)
    rd_id_man                                0x000015b5   Thumb Code   132  glcd_spi_lpc1700.o(i.rd_id_man)
    i.rd_reg                                 0x00001640   Section        0  glcd_spi_lpc1700.o(i.rd_reg)
    rd_reg                                   0x00001641   Thumb Code    66  glcd_spi_lpc1700.o(i.rd_reg)
    i.rt_alloc_box                           0x00001688   Section        0  rt_membox.o(i.rt_alloc_box)
    i.rt_alloc_mem                           0x000016a2   Section        0  rt_memory.o(i.rt_alloc_mem)
    i.rt_block                               0x000016e0   Section        0  rt_task.o(i.rt_block)
    i.rt_chk_robin                           0x00001718   Section        0  rt_robin.o(i.rt_chk_robin)
    i.rt_dec_dly                             0x00001760   Section        0  rt_list.o(i.rt_dec_dly)
    i.rt_dispatch                            0x000017d0   Section        0  rt_task.o(i.rt_dispatch)
    i.rt_evt_psh                             0x00001814   Section        0  rt_event.o(i.rt_evt_psh)
    i.rt_free_box                            0x00001864   Section        0  rt_membox.o(i.rt_free_box)
    i.rt_free_mem                            0x00001890   Section        0  rt_memory.o(i.rt_free_mem)
    i.rt_get_first                           0x000018b8   Section        0  rt_list.o(i.rt_get_first)
    i.rt_get_same_rdy_prio                   0x000018e0   Section        0  rt_list.o(i.rt_get_same_rdy_prio)
    i.rt_id2obj                              0x00001904   Section        0  rt_cmsis.o(i.rt_id2obj)
    rt_id2obj                                0x00001905   Thumb Code     8  rt_cmsis.o(i.rt_id2obj)
    i.rt_init_context                        0x0000190c   Section        0  rt_task.o(i.rt_init_context)
    rt_init_context                          0x0000190d   Thumb Code    66  rt_task.o(i.rt_init_context)
    i.rt_init_mem                            0x00001954   Section        0  rt_memory.o(i.rt_init_mem)
    i.rt_init_robin                          0x00001970   Section        0  rt_robin.o(i.rt_init_robin)
    i.rt_init_stack                          0x00001988   Section        0  hal_cm.o(i.rt_init_stack)
    i.rt_mbx_check                           0x00001a08   Section        0  rt_mailbox.o(i.rt_mbx_check)
    i.rt_mbx_init                            0x00001a10   Section        0  rt_mailbox.o(i.rt_mbx_init)
    i.rt_mbx_psh                             0x00001a2c   Section        0  rt_mailbox.o(i.rt_mbx_psh)
    i.rt_mbx_wait                            0x00001b1c   Section        0  rt_mailbox.o(i.rt_mbx_wait)
    i.rt_ms2tick                             0x00001bd0   Section        0  rt_cmsis.o(i.rt_ms2tick)
    rt_ms2tick                               0x00001bd1   Thumb Code    58  rt_cmsis.o(i.rt_ms2tick)
    i.rt_pop_req                             0x00001c14   Section        0  rt_system.o(i.rt_pop_req)
    i.rt_psh_req                             0x00001c90   Section        0  rt_system.o(i.rt_psh_req)
    i.rt_psq_enq                             0x00001cb0   Section        0  rt_list.o(i.rt_psq_enq)
    i.rt_put_dly                             0x00001d0c   Section        0  rt_list.o(i.rt_put_dly)
    i.rt_put_prio                            0x00001d54   Section        0  rt_list.o(i.rt_put_prio)
    i.rt_put_rdy_first                       0x00001d8c   Section        0  rt_list.o(i.rt_put_rdy_first)
    i.rt_resort_prio                         0x00001da0   Section        0  rt_list.o(i.rt_resort_prio)
    i.rt_ret_val                             0x00001dd4   Section        0  hal_cm.o(i.rt_ret_val)
    i.rt_ret_val2                            0x00001dda   Section        0  hal_cm.o(i.rt_ret_val2)
    i.rt_rmv_dly                             0x00001de2   Section        0  rt_list.o(i.rt_rmv_dly)
    i.rt_rmv_list                            0x00001e0c   Section        0  rt_list.o(i.rt_rmv_list)
    i.rt_sem_psh                             0x00001e3c   Section        0  rt_semaphore.o(i.rt_sem_psh)
    i.rt_stk_check                           0x00001e70   Section        0  rt_system.o(i.rt_stk_check)
    i.rt_switch_req                          0x00001e94   Section        0  rt_task.o(i.rt_switch_req)
    i.rt_sys_init                            0x00001ebc   Section        0  rt_task.o(i.rt_sys_init)
    i.rt_sys_start                           0x00001f88   Section        0  rt_task.o(i.rt_sys_start)
    i.rt_systick                             0x00002000   Section        0  rt_system.o(i.rt_systick)
    i.rt_tid2ptcb                            0x00002040   Section        0  rt_cmsis.o(i.rt_tid2ptcb)
    rt_tid2ptcb                              0x00002041   Thumb Code    18  rt_cmsis.o(i.rt_tid2ptcb)
    i.rt_timer_insert                        0x00002054   Section        0  rt_cmsis.o(i.rt_timer_insert)
    rt_timer_insert                          0x00002055   Thumb Code    48  rt_cmsis.o(i.rt_timer_insert)
    i.rt_tsk_create                          0x00002088   Section        0  rt_task.o(i.rt_tsk_create)
    i.rt_tsk_delete                          0x00002110   Section        0  rt_task.o(i.rt_tsk_delete)
    i.rt_tsk_pass                            0x0000228c   Section        0  rt_task.o(i.rt_tsk_pass)
    i.rt_tsk_prio                            0x000022bc   Section        0  rt_task.o(i.rt_tsk_prio)
    i.rt_tsk_self                            0x00002338   Section        0  rt_task.o(i.rt_tsk_self)
    i.sendchar                               0x00002348   Section        0  retarget.o(i.sendchar)
    i.spi_tran                               0x0000238c   Section        0  glcd_spi_lpc1700.o(i.spi_tran)
    spi_tran                                 0x0000238d   Thumb Code    28  glcd_spi_lpc1700.o(i.spi_tran)
    i.spi_tran_man                           0x000023ac   Section        0  glcd_spi_lpc1700.o(i.spi_tran_man)
    spi_tran_man                             0x000023ad   Thumb Code   124  glcd_spi_lpc1700.o(i.spi_tran_man)
    i.svcKernelInitialize                    0x0000242c   Section        0  rt_cmsis.o(i.svcKernelInitialize)
    i.svcKernelStart                         0x0000249c   Section        0  rt_cmsis.o(i.svcKernelStart)
    i.svcMessageCreate                       0x000024e4   Section        0  rt_cmsis.o(i.svcMessageCreate)
    i.svcMessageGet                          0x00002508   Section        0  rt_cmsis.o(i.svcMessageGet)
    i.svcThreadCreate                        0x00002544   Section        0  rt_cmsis.o(i.svcThreadCreate)
    i.svcThreadGetId                         0x000025b0   Section        0  rt_cmsis.o(i.svcThreadGetId)
    i.svcThreadTerminate                     0x000025cc   Section        0  rt_cmsis.o(i.svcThreadTerminate)
    i.svcThreadYield                         0x00002604   Section        0  rt_cmsis.o(i.svcThreadYield)
    i.svcTimerCall                           0x0000260e   Section        0  rt_cmsis.o(i.svcTimerCall)
    i.sysTimerTick                           0x00002628   Section        0  rt_cmsis.o(i.sysTimerTick)
    i.wr_cmd                                 0x00002684   Section        0  glcd_spi_lpc1700.o(i.wr_cmd)
    wr_cmd                                   0x00002685   Thumb Code    36  glcd_spi_lpc1700.o(i.wr_cmd)
    i.wr_dat                                 0x000026ac   Section        0  glcd_spi_lpc1700.o(i.wr_dat)
    wr_dat                                   0x000026ad   Thumb Code    36  glcd_spi_lpc1700.o(i.wr_dat)
    i.wr_dat_only                            0x000026d4   Section        0  glcd_spi_lpc1700.o(i.wr_dat_only)
    wr_dat_only                              0x000026d5   Thumb Code    18  glcd_spi_lpc1700.o(i.wr_dat_only)
    i.wr_dat_start                           0x000026e8   Section        0  glcd_spi_lpc1700.o(i.wr_dat_start)
    wr_dat_start                             0x000026e9   Thumb Code    16  glcd_spi_lpc1700.o(i.wr_dat_start)
    i.wr_dat_stop                            0x000026fc   Section        0  glcd_spi_lpc1700.o(i.wr_dat_stop)
    wr_dat_stop                              0x000026fd   Thumb Code     8  glcd_spi_lpc1700.o(i.wr_dat_stop)
    i.wr_reg                                 0x00002708   Section        0  glcd_spi_lpc1700.o(i.wr_reg)
    wr_reg                                   0x00002709   Thumb Code    20  glcd_spi_lpc1700.o(i.wr_reg)
    .constdata                               0x0000271c   Section       48  main.o(.constdata)
    .constdata                               0x0000274c   Section     6272  glcd_spi_lpc1700.o(.constdata)
    .constdata                               0x00003fcc   Section      104  rtx_conf_cm.o(.constdata)
    __tagsym$$used                           0x00003fe8   Number         0  rtx_conf_cm.o(.constdata)
    __tagsym$$used                           0x00003fec   Number         0  rtx_conf_cm.o(.constdata)
    __tagsym$$used                           0x00003ff0   Number         0  rtx_conf_cm.o(.constdata)
    __tagsym$$used                           0x00003ff4   Number         0  rtx_conf_cm.o(.constdata)
    .data                                    0x10000000   Section        5  glcd_spi_lpc1700.o(.data)
    Color                                    0x10000000   Data           4  glcd_spi_lpc1700.o(.data)
    Himax                                    0x10000004   Data           1  glcd_spi_lpc1700.o(.data)
    .data                                    0x10000008   Section       12  retarget.o(.data)
    .data                                    0x10000014   Section       32  uart.o(.data)
    .data                                    0x10000034   Section       16  rtx_conf_cm.o(.data)
    .data                                    0x10000044   Section        4  system_lpc17xx.o(.data)
    .data                                    0x10000048   Section        8  rt_cmsis.o(.data)
    .data                                    0x10000050   Section        8  rt_task.o(.data)
    .data                                    0x10000058   Section        8  rt_system.o(.data)
    os_lock                                  0x10000058   Data           1  rt_system.o(.data)
    os_psh_flag                              0x10000059   Data           1  rt_system.o(.data)
    pend_flags                               0x1000005a   Data           1  rt_system.o(.data)
    .data                                    0x10000060   Section        4  rt_time.o(.data)
    .data                                    0x10000064   Section        1  hal_cm.o(.data)
    .data                                    0x10000068   Section        8  rt_robin.o(.data)
    .bss                                     0x10000070   Section      128  uart.o(.bss)
    .bss                                     0x100000f0   Section     4400  rtx_conf_cm.o(.bss)
    .bss                                     0x10001220   Section       52  rt_task.o(.bss)
    .bss                                     0x10001254   Section       48  rt_list.o(.bss)
    STACK                                    0x10001288   Section     8192  startup_lpc17xx.o(STACK)

    Global Symbols

    Symbol Name                              Value     Ov Type        Size  Object(Section)

    BuildAttributes$$THM_ISAv4$P$D$K$B$S$PE$A:L22UL41UL21$X:L11$S22US41US21$IEEE1$IW$USESV6$~STKCKD$USESV7$~SHL$OSPACE$ROPI$EBA8$MICROLIB$REQ8$PRES8$EABIv2 0x00000000   Number         0  anon$$obj.o ABSOLUTE
    __ARM_use_no_argv                        0x00000000   Number         0  main.o ABSOLUTE
    __Vectors                                0x00000000   Data           4  startup_lpc17xx.o(RESET)
    _printf_a                                0x00000000   Number         0  stubs.o ABSOLUTE
    _printf_c                                0x00000000   Number         0  stubs.o ABSOLUTE
    _printf_charcount                        0x00000000   Number         0  stubs.o ABSOLUTE
    _printf_d                                0x00000000   Number         0  stubs.o ABSOLUTE
    _printf_e                                0x00000000   Number         0  stubs.o ABSOLUTE
    _printf_f                                0x00000000   Number         0  stubs.o ABSOLUTE
    _printf_flags                            0x00000000   Number         0  stubs.o ABSOLUTE
    _printf_fp_dec                           0x00000000   Number         0  stubs.o ABSOLUTE
    _printf_fp_hex                           0x00000000   Number         0  stubs.o ABSOLUTE
    _printf_g                                0x00000000   Number         0  stubs.o ABSOLUTE
    _printf_i                                0x00000000   Number         0  stubs.o ABSOLUTE
    _printf_int_dec                          0x00000000   Number         0  stubs.o ABSOLUTE
    _printf_l                                0x00000000   Number         0  stubs.o ABSOLUTE
    _printf_lc                               0x00000000   Number         0  stubs.o ABSOLUTE
    _printf_ll                               0x00000000   Number         0  stubs.o ABSOLUTE
    _printf_lld                              0x00000000   Number         0  stubs.o ABSOLUTE
    _printf_lli                              0x00000000   Number         0  stubs.o ABSOLUTE
    _printf_llo                              0x00000000   Number         0  stubs.o ABSOLUTE
    _printf_llu                              0x00000000   Number         0  stubs.o ABSOLUTE
    _printf_llx                              0x00000000   Number         0  stubs.o ABSOLUTE
    _printf_longlong_dec                     0x00000000   Number         0  stubs.o ABSOLUTE
    _printf_longlong_hex                     0x00000000   Number         0  stubs.o ABSOLUTE
    _printf_longlong_oct                     0x00000000   Number         0  stubs.o ABSOLUTE
    _printf_ls                               0x00000000   Number         0  stubs.o ABSOLUTE
    _printf_mbtowc                           0x00000000   Number         0  stubs.o ABSOLUTE
    _printf_n                                0x00000000   Number         0  stubs.o ABSOLUTE
    _printf_o                                0x00000000   Number         0  stubs.o ABSOLUTE
    _printf_p                                0x00000000   Number         0  stubs.o ABSOLUTE
    _printf_percent                          0x00000000   Number         0  stubs.o ABSOLUTE
    _printf_pre_padding                      0x00000000   Number         0  stubs.o ABSOLUTE
    _printf_return_value                     0x00000000   Number         0  stubs.o ABSOLUTE
    _printf_s                                0x00000000   Number         0  stubs.o ABSOLUTE
    _printf_sizespec                         0x00000000   Number         0  stubs.o ABSOLUTE
    _printf_str                              0x00000000   Number         0  stubs.o ABSOLUTE
    _printf_truncate_signed                  0x00000000   Number         0  stubs.o ABSOLUTE
    _printf_truncate_unsigned                0x00000000   Number         0  stubs.o ABSOLUTE
    _printf_u                                0x00000000   Number         0  stubs.o ABSOLUTE
    _printf_wc                               0x00000000   Number         0  stubs.o ABSOLUTE
    _printf_wctomb                           0x00000000   Number         0  stubs.o ABSOLUTE
    _printf_widthprec                        0x00000000   Number         0  stubs.o ABSOLUTE
    _printf_x                                0x00000000   Number         0  stubs.o ABSOLUTE
    __cpp_initialize__aeabi_                  - Undefined Weak Reference
    __cxa_finalize                            - Undefined Weak Reference
    __decompress                              - Undefined Weak Reference
    _clock_init                               - Undefined Weak Reference
    _microlib_exit                            - Undefined Weak Reference
    __main                                   0x000000cd   Thumb Code     0  entry.o(.ARM.Collect$$$$00000000)
    _main_stk                                0x000000cd   Thumb Code     0  entry2.o(.ARM.Collect$$$$00000001)
    _main_scatterload                        0x000000d1   Thumb Code     0  entry5.o(.ARM.Collect$$$$00000004)
    __main_after_scatterload                 0x000000d5   Thumb Code     0  entry5.o(.ARM.Collect$$$$00000004)
    __rt_final_cpp                           0x000000d5   Thumb Code     0  entry10a.o(.ARM.Collect$$$$0000000D)
    __rt_final_exit                          0x000000d5   Thumb Code     0  entry11a.o(.ARM.Collect$$$$0000000F)
    _main_clock                              0x000000d5   Thumb Code     0  entry7b.o(.ARM.Collect$$$$00000008)
    _main_cpp_init                           0x000000d5   Thumb Code     0  entry8b.o(.ARM.Collect$$$$0000000A)
    _main_init                               0x000000d5   Thumb Code    18  rtx_conf_cm.o(.ARM.Collect$$$$000000FF)
    rt_set_PSP                               0x000000f1   Thumb Code     6  hal_cm3.o(.emb_text)
    rt_get_PSP                               0x000000f7   Thumb Code     6  hal_cm3.o(.emb_text)
    os_set_env                               0x000000fd   Thumb Code    24  hal_cm3.o(.emb_text)
    _alloc_box                               0x00000119   Thumb Code    28  hal_cm3.o(.emb_text)
    _free_box                                0x00000139   Thumb Code    28  hal_cm3.o(.emb_text)
    SVC_Handler                              0x00000159   Thumb Code   108  hal_cm3.o(.emb_text)
    PendSV_Handler                           0x000001d1   Thumb Code    56  hal_cm3.o(.emb_text)
    SysTick_Handler                          0x0000020d   Thumb Code     8  hal_cm3.o(.emb_text)
    OS_Tick_Handler                          0x00000215   Thumb Code    12  hal_cm3.o(.emb_text)
    Reset_Handler                            0x00000221   Thumb Code     8  startup_lpc17xx.o(.text)
    NMI_Handler                              0x00000229   Thumb Code     2  startup_lpc17xx.o(.text)
    HardFault_Handler                        0x0000022b   Thumb Code     2  startup_lpc17xx.o(.text)
    MemManage_Handler                        0x0000022d   Thumb Code     2  startup_lpc17xx.o(.text)
    BusFault_Handler                         0x0000022f   Thumb Code     2  startup_lpc17xx.o(.text)
    UsageFault_Handler                       0x00000231   Thumb Code     2  startup_lpc17xx.o(.text)
    DebugMon_Handler                         0x00000235   Thumb Code     2  startup_lpc17xx.o(.text)
    ADC_IRQHandler                           0x0000023b   Thumb Code     0  startup_lpc17xx.o(.text)
    BOD_IRQHandler                           0x0000023b   Thumb Code     0  startup_lpc17xx.o(.text)
    CANActivity_IRQHandler                   0x0000023b   Thumb Code     0  startup_lpc17xx.o(.text)
    CAN_IRQHandler                           0x0000023b   Thumb Code     0  startup_lpc17xx.o(.text)
    DMA_IRQHandler                           0x0000023b   Thumb Code     0  startup_lpc17xx.o(.text)
    EINT0_IRQHandler                         0x0000023b   Thumb Code     0  startup_lpc17xx.o(.text)
    EINT1_IRQHandler                         0x0000023b   Thumb Code     0  startup_lpc17xx.o(.text)
    EINT2_IRQHandler                         0x0000023b   Thumb Code     0  startup_lpc17xx.o(.text)
    EINT3_IRQHandler                         0x0000023b   Thumb Code     0  startup_lpc17xx.o(.text)
    ENET_IRQHandler                          0x0000023b   Thumb Code     0  startup_lpc17xx.o(.text)
    I2C0_IRQHandler                          0x0000023b   Thumb Code     0  startup_lpc17xx.o(.text)
    I2C1_IRQHandler                          0x0000023b   Thumb Code     0  startup_lpc17xx.o(.text)
    I2C2_IRQHandler                          0x0000023b   Thumb Code     0  startup_lpc17xx.o(.text)
    I2S_IRQHandler                           0x0000023b   Thumb Code     0  startup_lpc17xx.o(.text)
    MCPWM_IRQHandler                         0x0000023b   Thumb Code     0  startup_lpc17xx.o(.text)
    PLL0_IRQHandler                          0x0000023b   Thumb Code     0  startup_lpc17xx.o(.text)
    PLL1_IRQHandler                          0x0000023b   Thumb Code     0  startup_lpc17xx.o(.text)
    PWM1_IRQHandler                          0x0000023b   Thumb Code     0  startup_lpc17xx.o(.text)
    QEI_IRQHandler                           0x0000023b   Thumb Code     0  startup_lpc17xx.o(.text)
    RIT_IRQHandler                           0x0000023b   Thumb Code     0  startup_lpc17xx.o(.text)
    RTC_IRQHandler                           0x0000023b   Thumb Code     0  startup_lpc17xx.o(.text)
    SPI_IRQHandler                           0x0000023b   Thumb Code     0  startup_lpc17xx.o(.text)
    SSP0_IRQHandler                          0x0000023b   Thumb Code     0  startup_lpc17xx.o(.text)
    SSP1_IRQHandler                          0x0000023b   Thumb Code     0  startup_lpc17xx.o(.text)
    TIMER0_IRQHandler                        0x0000023b   Thumb Code     0  startup_lpc17xx.o(.text)
    TIMER1_IRQHandler                        0x0000023b   Thumb Code     0  startup_lpc17xx.o(.text)
    TIMER2_IRQHandler                        0x0000023b   Thumb Code     0  startup_lpc17xx.o(.text)
    TIMER3_IRQHandler                        0x0000023b   Thumb Code     0  startup_lpc17xx.o(.text)
    UART2_IRQHandler                         0x0000023b   Thumb Code     0  startup_lpc17xx.o(.text)
    UART3_IRQHandler                         0x0000023b   Thumb Code     0  startup_lpc17xx.o(.text)
    USBActivity_IRQHandler                   0x0000023b   Thumb Code     0  startup_lpc17xx.o(.text)
    USB_IRQHandler                           0x0000023b   Thumb Code     0  startup_lpc17xx.o(.text)
    WDT_IRQHandler                           0x0000023b   Thumb Code     0  startup_lpc17xx.o(.text)
    __aeabi_uidiv                            0x00000245   Thumb Code     0  uidiv.o(.text)
    __aeabi_uidivmod                         0x00000245   Thumb Code    44  uidiv.o(.text)
    __scatterload                            0x00000271   Thumb Code    28  init.o(.text)
    __scatterload_rt2                        0x00000271   Thumb Code     0  init.o(.text)
    SVC_Count                                0x00000294   Data           4  svc_table.o(SVC_TABLE)
    Free                                     0x00000299   Thumb Code     6  uart.o(i.Free)
    SVC_Table                                0x00000298   Data           0  svc_table.o(SVC_TABLE)
    FreeRcv                                  0x000002a1   Thumb Code    28  uart.o(i.FreeRcv)
    FreeSnd                                  0x000002c5   Thumb Code    28  uart.o(i.FreeSnd)
    GLCD_SetBackColor                        0x000002e9   Thumb Code     6  glcd_spi_lpc1700.o(i.GLCD_SetBackColor)
    __scatterload_null                       0x000002f5   Thumb Code     2  handlers.o(i.__scatterload_null)
    os_idle_demon                            0x000002f7   Thumb Code     4  rtx_conf_cm.o(i.os_idle_demon)
    os_tick_irqack                           0x000002fb   Thumb Code     2  rt_system.o(i.os_tick_irqack)
    GLCD_Clear                               0x00000301   Thumb Code    42  glcd_spi_lpc1700.o(i.GLCD_Clear)
    GLCD_ClearLn                             0x0000032b   Thumb Code    94  glcd_spi_lpc1700.o(i.GLCD_ClearLn)
    GLCD_DisplayChar                         0x00000389   Thumb Code    84  glcd_spi_lpc1700.o(i.GLCD_DisplayChar)
    GLCD_DisplayString                       0x000003e5   Thumb Code    40  glcd_spi_lpc1700.o(i.GLCD_DisplayString)
    GLCD_DrawChar                            0x0000040d   Thumb Code   150  glcd_spi_lpc1700.o(i.GLCD_DrawChar)
    __RL_RTX_VER                             0x00000482   Number         0  rt_system.o ABSOLUTE
    GLCD_Init                                0x000004a9   Thumb Code  1506  glcd_spi_lpc1700.o(i.GLCD_Init)
    GLCD_SetTextColor                        0x00000a91   Thumb Code     6  glcd_spi_lpc1700.o(i.GLCD_SetTextColor)
    GLCD_SetWindow                           0x00000a9d   Thumb Code   168  glcd_spi_lpc1700.o(i.GLCD_SetWindow)
    GLCD_WindowMax                           0x00000b49   Thumb Code    18  glcd_spi_lpc1700.o(i.GLCD_WindowMax)
    LED                                      0x00000b5d   Thumb Code    80  main.o(i.LED)
    SystemInit                               0x00000bb5   Thumb Code   302  system_lpc17xx.o(i.SystemInit)
    UART0_IRQHandler                         0x00000cf5   Thumb Code    88  uart.o(i.UART0_IRQHandler)
    UART1_IRQHandler                         0x00000d5d   Thumb Code    90  uart.o(i.UART1_IRQHandler)
    UARTInit                                 0x00000dcd   Thumb Code   176  uart.o(i.UARTInit)
    UARTSendChar                             0x00000e89   Thumb Code    26  uart.o(i.UARTSendChar)
    __0printf$1                              0x00000ead   Thumb Code    22  printf1.o(i.__0printf$1)
    __1printf$1                              0x00000ead   Thumb Code     0  printf1.o(i.__0printf$1)
    __2printf                                0x00000ead   Thumb Code     0  printf1.o(i.__0printf$1)
    __scatterload_copy                       0x00000ee7   Thumb Code    14  handlers.o(i.__scatterload_copy)
    __scatterload_zeroinit                   0x00000ef5   Thumb Code    14  handlers.o(i.__scatterload_zeroinit)
    _init_box                                0x00000f03   Thumb Code    70  rt_membox.o(i._init_box)
    dbg_init                                 0x0000109d   Thumb Code    34  hal_cm.o(i.dbg_init)
    dbg_task_notify                          0x000010cd   Thumb Code    32  hal_cm.o(i.dbg_task_notify)
    dbg_task_switch                          0x000010ed   Thumb Code    16  hal_cm.o(i.dbg_task_switch)
    delay                                    0x000010fd   Thumb Code    12  main.o(i.delay)
    fputc                                    0x00001117   Thumb Code    14  retarget.o(i.fputc)
    getFrequency                             0x00001125   Thumb Code    62  uart.o(i.getFrequency)
    isrMessageGet                            0x0000116d   Thumb Code    42  rt_cmsis.o(i.isrMessageGet)
    isrMessagePut                            0x00001197   Thumb Code    44  rt_cmsis.o(i.isrMessagePut)
    isr_mbx_receive                          0x000011c5   Thumb Code    86  rt_mailbox.o(i.isr_mbx_receive)
    isr_mbx_send                             0x0000121b   Thumb Code    14  rt_mailbox.o(i.isr_mbx_send)
    joystick                                 0x00001229   Thumb Code   262  main.o(i.joystick)
    main                                     0x00001371   Thumb Code    44  main.o(i.main)
    osKernelInitialize                       0x000013b5   Thumb Code    30  rt_cmsis.o(i.osKernelInitialize)
    osKernelStart                            0x000013d9   Thumb Code    98  rt_cmsis.o(i.osKernelStart)
    osMessageGet                             0x00001445   Thumb Code    18  rt_cmsis.o(i.osMessageGet)
    osThreadCreate                           0x0000145d   Thumb Code    36  rt_cmsis.o(i.osThreadCreate)
    osThreadExit                             0x00001489   Thumb Code    14  rt_cmsis.o(i.osThreadExit)
    osThreadYield                            0x000014a1   Thumb Code    18  rt_cmsis.o(i.osThreadYield)
    osTimerCall                              0x000014b9   Thumb Code     8  rt_cmsis.o(i.osTimerCall)
    osTimerThread                            0x000014c5   Thumb Code    38  rt_cmsis.o(i.osTimerThread)
    os_error                                 0x000014f1   Thumb Code    34  rtx_conf_cm.o(i.os_error)
    os_tick_init                             0x00001515   Thumb Code    32  rt_system.o(i.os_tick_init)
    potentiometer                            0x0000153d   Thumb Code   100  main.o(i.potentiometer)
    rt_alloc_box                             0x00001689   Thumb Code    26  rt_membox.o(i.rt_alloc_box)
    rt_alloc_mem                             0x000016a3   Thumb Code    62  rt_memory.o(i.rt_alloc_mem)
    rt_block                                 0x000016e1   Thumb Code    48  rt_task.o(i.rt_block)
    rt_chk_robin                             0x00001719   Thumb Code    60  rt_robin.o(i.rt_chk_robin)
    rt_dec_dly                               0x00001761   Thumb Code   102  rt_list.o(i.rt_dec_dly)
    rt_dispatch                              0x000017d1   Thumb Code    60  rt_task.o(i.rt_dispatch)
    rt_evt_psh                               0x00001815   Thumb Code    76  rt_event.o(i.rt_evt_psh)
    rt_free_box                              0x00001865   Thumb Code    44  rt_membox.o(i.rt_free_box)
    rt_free_mem                              0x00001891   Thumb Code    40  rt_memory.o(i.rt_free_mem)
    rt_get_first                             0x000018b9   Thumb Code    40  rt_list.o(i.rt_get_first)
    rt_get_same_rdy_prio                     0x000018e1   Thumb Code    26  rt_list.o(i.rt_get_same_rdy_prio)
    rt_init_mem                              0x00001955   Thumb Code    26  rt_memory.o(i.rt_init_mem)
    rt_init_robin                            0x00001971   Thumb Code    14  rt_robin.o(i.rt_init_robin)
    rt_init_stack                            0x00001989   Thumb Code   118  hal_cm.o(i.rt_init_stack)
    rt_mbx_check                             0x00001a09   Thumb Code     8  rt_mailbox.o(i.rt_mbx_check)
    rt_mbx_init                              0x00001a11   Thumb Code    26  rt_mailbox.o(i.rt_mbx_init)
    rt_mbx_psh                               0x00001a2d   Thumb Code   236  rt_mailbox.o(i.rt_mbx_psh)
    rt_mbx_wait                              0x00001b1d   Thumb Code   174  rt_mailbox.o(i.rt_mbx_wait)
    rt_pop_req                               0x00001c15   Thumb Code   112  rt_system.o(i.rt_pop_req)
    rt_psh_req                               0x00001c91   Thumb Code    22  rt_system.o(i.rt_psh_req)
    rt_psq_enq                               0x00001cb1   Thumb Code    88  rt_list.o(i.rt_psq_enq)
    rt_put_dly                               0x00001d0d   Thumb Code    68  rt_list.o(i.rt_put_dly)
    rt_put_prio                              0x00001d55   Thumb Code    54  rt_list.o(i.rt_put_prio)
    rt_put_rdy_first                         0x00001d8d   Thumb Code    14  rt_list.o(i.rt_put_rdy_first)
    rt_resort_prio                           0x00001da1   Thumb Code    46  rt_list.o(i.rt_resort_prio)
    rt_ret_val                               0x00001dd5   Thumb Code     6  hal_cm.o(i.rt_ret_val)
    rt_ret_val2                              0x00001ddb   Thumb Code     8  hal_cm.o(i.rt_ret_val2)
    rt_rmv_dly                               0x00001de3   Thumb Code    40  rt_list.o(i.rt_rmv_dly)
    rt_rmv_list                              0x00001e0d   Thumb Code    44  rt_list.o(i.rt_rmv_list)
    rt_sem_psh                               0x00001e3d   Thumb Code    48  rt_semaphore.o(i.rt_sem_psh)
    rt_stk_check                             0x00001e71   Thumb Code    28  rt_system.o(i.rt_stk_check)
    rt_switch_req                            0x00001e95   Thumb Code    30  rt_task.o(i.rt_switch_req)
    rt_sys_init                              0x00001ebd   Thumb Code   138  rt_task.o(i.rt_sys_init)
    rt_sys_start                             0x00001f89   Thumb Code   110  rt_task.o(i.rt_sys_start)
    rt_systick                               0x00002001   Thumb Code    50  rt_system.o(i.rt_systick)
    rt_tsk_create                            0x00002089   Thumb Code   118  rt_task.o(i.rt_tsk_create)
    rt_tsk_delete                            0x00002111   Thumb Code   352  rt_task.o(i.rt_tsk_delete)
    rt_tsk_pass                              0x0000228d   Thumb Code    38  rt_task.o(i.rt_tsk_pass)
    rt_tsk_prio                              0x000022bd   Thumb Code   108  rt_task.o(i.rt_tsk_prio)
    rt_tsk_self                              0x00002339   Thumb Code    12  rt_task.o(i.rt_tsk_self)
    sendchar                                 0x00002349   Thumb Code    64  retarget.o(i.sendchar)
    svcKernelInitialize                      0x0000242d   Thumb Code    80  rt_cmsis.o(i.svcKernelInitialize)
    svcKernelStart                           0x0000249d   Thumb Code    62  rt_cmsis.o(i.svcKernelStart)
    svcMessageCreate                         0x000024e5   Thumb Code    36  rt_cmsis.o(i.svcMessageCreate)
    svcMessageGet                            0x00002509   Thumb Code    58  rt_cmsis.o(i.svcMessageGet)
    svcThreadCreate                          0x00002545   Thumb Code    96  rt_cmsis.o(i.svcThreadCreate)
    svcThreadGetId                           0x000025b1   Thumb Code    22  rt_cmsis.o(i.svcThreadGetId)
    svcThreadTerminate                       0x000025cd   Thumb Code    50  rt_cmsis.o(i.svcThreadTerminate)
    svcThreadYield                           0x00002605   Thumb Code    10  rt_cmsis.o(i.svcThreadYield)
    svcTimerCall                             0x0000260f   Thumb Code    24  rt_cmsis.o(i.svcTimerCall)
    sysTimerTick                             0x00002629   Thumb Code    84  rt_cmsis.o(i.sysTimerTick)
    os_thread_def_potentiometer              0x0000271c   Data          16  main.o(.constdata)
    os_thread_def_joystick                   0x0000272c   Data          16  main.o(.constdata)
    os_thread_def_LED                        0x0000273c   Data          16  main.o(.constdata)
    Font_6x8_h                               0x0000274c   Data         896  glcd_spi_lpc1700.o(.constdata)
    Font_16x24_h                             0x00002acc   Data        5376  glcd_spi_lpc1700.o(.constdata)
    os_maxtaskrun                            0x00003fcc   Data           2  rtx_conf_cm.o(.constdata)
    os_stackinfo                             0x00003fd0   Data           4  rtx_conf_cm.o(.constdata)
    os_rrobin                                0x00003fd4   Data           4  rtx_conf_cm.o(.constdata)
    os_tickfreq                              0x00003fd8   Data           4  rtx_conf_cm.o(.constdata)
    os_tickus_i                              0x00003fdc   Data           2  rtx_conf_cm.o(.constdata)
    os_tickus_f                              0x00003fde   Data           2  rtx_conf_cm.o(.constdata)
    os_trv                                   0x00003fe0   Data           4  rtx_conf_cm.o(.constdata)
    os_flags                                 0x00003fe4   Data           1  rtx_conf_cm.o(.constdata)
    CMSIS_RTOS_API_Version                   0x00003fe8   Data           4  rtx_conf_cm.o(.constdata)
    CMSIS_RTOS_RTX_Version                   0x00003fec   Data           4  rtx_conf_cm.o(.constdata)
    os_clockrate                             0x00003ff0   Data           4  rtx_conf_cm.o(.constdata)
    os_timernum                              0x00003ff4   Data           4  rtx_conf_cm.o(.constdata)
    mp_tcb_size                              0x00003ff8   Data           2  rtx_conf_cm.o(.constdata)
    mp_stk_size                              0x00003ffc   Data           4  rtx_conf_cm.o(.constdata)
    os_stack_sz                              0x00004000   Data           4  rtx_conf_cm.o(.constdata)
    os_fifo_size                             0x00004004   Data           1  rtx_conf_cm.o(.constdata)
    os_thread_def_osTimerThread              0x00004008   Data          16  rtx_conf_cm.o(.constdata)
    os_messageQ_def_osTimerMessageQ          0x00004018   Data           8  rtx_conf_cm.o(.constdata)
    mp_tmr_size                              0x00004020   Data           2  rtx_conf_cm.o(.constdata)
    os_thread_def_main                       0x00004024   Data          16  rtx_conf_cm.o(.constdata)
    Region$$Table$$Base                      0x00004034   Number         0  anon$$obj.o(Region$$Table)
    Region$$Table$$Limit                     0x00004054   Number         0  anon$$obj.o(Region$$Table)
    uart_init_called                         0x10000008   Data           1  retarget.o(.data)
    __stdout                                 0x1000000c   Data           4  retarget.o(.data)
    __stdin                                  0x10000010   Data           4  retarget.o(.data)
    ITM_RxBuffer                             0x10000014   Data           4  uart.o(.data)
    UART0Status                              0x10000018   Data           4  uart.o(.data)
    UART1Status                              0x1000001c   Data           4  uart.o(.data)
    UART0TxEmpty                             0x10000020   Data           1  uart.o(.data)
    UART1TxEmpty                             0x10000021   Data           1  uart.o(.data)
    UART0Count                               0x10000024   Data           4  uart.o(.data)
    UART1Count                               0x10000028   Data           4  uart.o(.data)
    RcvLock0                                 0x1000002c   Data           1  uart.o(.data)
    SndLock0                                 0x1000002d   Data           1  uart.o(.data)
    RcvLock1                                 0x1000002e   Data           1  uart.o(.data)
    SndLock1                                 0x1000002f   Data           1  uart.o(.data)
    i                                        0x10000030   Data           4  uart.o(.data)
    osThreadId_osTimerThread                 0x10000034   Data           4  rtx_conf_cm.o(.data)
    osMessageQId_osTimerMessageQ             0x10000038   Data           4  rtx_conf_cm.o(.data)
    os_tmr                                   0x1000003c   Data           4  rtx_conf_cm.o(.data)
    m_tmr                                    0x10000040   Data           4  rtx_conf_cm.o(.data)
    SystemCoreClock                          0x10000044   Data           4  system_lpc17xx.o(.data)
    os_initialized                           0x10000048   Data           1  rt_cmsis.o(.data)
    os_running                               0x10000049   Data           1  rt_cmsis.o(.data)
    os_timer_head                            0x1000004c   Data           4  rt_cmsis.o(.data)
    os_tsk                                   0x10000050   Data           8  rt_task.o(.data)
    os_tick_irqn                             0x1000005c   Data           4  rt_system.o(.data)
    os_time                                  0x10000060   Data           4  rt_time.o(.data)
    dbg_msg                                  0x10000064   Data           1  hal_cm.o(.data)
    os_robin                                 0x10000068   Data           8  rt_robin.o(.data)
    UART0Buffer                              0x10000070   Data          64  uart.o(.bss)
    UART1Buffer                              0x100000b0   Data          64  uart.o(.bss)
    mp_tcb                                   0x100000f0   Data         376  rtx_conf_cm.o(.bss)
    mp_stk                                   0x10000268   Data        3088  rtx_conf_cm.o(.bss)
    os_stack_mem                             0x10000e78   Data         744  rtx_conf_cm.o(.bss)
    os_fifo                                  0x10001160   Data         132  rtx_conf_cm.o(.bss)
    os_active_TCB                            0x100011e4   Data          28  rtx_conf_cm.o(.bss)
    os_messageQ_q_osTimerMessageQ            0x10001200   Data          32  rtx_conf_cm.o(.bss)
    os_idle_TCB                              0x10001220   Data          52  rt_task.o(.bss)
    os_rdy                                   0x10001254   Data          24  rt_list.o(.bss)
    os_dly                                   0x1000126c   Data          24  rt_list.o(.bss)
    __initial_sp                             0x10003288   Data           0  startup_lpc17xx.o(STACK)



==============================================================================

Memory Map of the image

  Image Entry point : 0x00000221

  Load Region LR_1 (Base: 0x00000000, Size: 0x000040c4, Max: 0xffffffff, ABSOLUTE)

    Execution Region ER_RO (Exec base: 0x00000000, Load base: 0x00000000, Size: 0x00004054, Max: 0xffffffff, ABSOLUTE)

    Exec Addr    Load Addr    Size         Type   Attr      Idx    E Section Name        Object

    0x00000000   0x00000000   0x000000cc   Data   RO          605    RESET               startup_lpc17xx.o
    0x000000cc   0x000000cc   0x00000000   Code   RO         1857  * .ARM.Collect$$$$00000000  mc_w.l(entry.o)
    0x000000cc   0x000000cc   0x00000004   Code   RO         2123    .ARM.Collect$$$$00000001  mc_w.l(entry2.o)
    0x000000d0   0x000000d0   0x00000004   Code   RO         2126    .ARM.Collect$$$$00000004  mc_w.l(entry5.o)
    0x000000d4   0x000000d4   0x00000000   Code   RO         2128    .ARM.Collect$$$$00000008  mc_w.l(entry7b.o)
    0x000000d4   0x000000d4   0x00000000   Code   RO         2130    .ARM.Collect$$$$0000000A  mc_w.l(entry8b.o)
    0x000000d4   0x000000d4   0x00000000   Code   RO         2131    .ARM.Collect$$$$0000000D  mc_w.l(entry10a.o)
    0x000000d4   0x000000d4   0x00000000   Code   RO         2133    .ARM.Collect$$$$0000000F  mc_w.l(entry11a.o)
    0x000000d4   0x000000d4   0x00000018   Code   RO          565    .ARM.Collect$$$$000000FF  rtx_conf_cm.o
    0x000000ec   0x000000ec   0x00000004   Code   RO         2124    .ARM.Collect$$$$00002712  mc_w.l(entry2.o)
    0x000000f0   0x000000f0   0x00000130   Code   RO         1844    .emb_text           RTX_CM3.lib(hal_cm3.o)
    0x00000220   0x00000220   0x00000024   Code   RO          607  * .text               startup_lpc17xx.o
    0x00000244   0x00000244   0x0000002c   Code   RO         2135    .text               mc_w.l(uidiv.o)
    0x00000270   0x00000270   0x00000024   Code   RO         2152    .text               mc_w.l(init.o)
    0x00000294   0x00000294   0x00000004   Code   RO         1854    SVC_TABLE           RTX_CM3.lib(svc_table.o)
    0x00000298   0x00000298   0x00000006   Code   RO          454    i.Free              uart.o
    0x0000029e   0x0000029e   0x00000002   PAD
    0x000002a0   0x000002a0   0x00000024   Code   RO          455    i.FreeRcv           uart.o
    0x000002c4   0x000002c4   0x00000024   Code   RO          456    i.FreeSnd           uart.o
    0x000002e8   0x000002e8   0x0000000c   Code   RO          224    i.GLCD_SetBackColor  glcd_spi_lpc1700.o
    0x000002f4   0x000002f4   0x00000002   Code   RO         2161    i.__scatterload_null  mc_w.l(handlers.o)
    0x000002f6   0x000002f6   0x00000004   Code   RO          567    i.os_idle_demon     rtx_conf_cm.o
    0x000002fa   0x000002fa   0x00000002   Code   RO         1357    i.os_tick_irqack    RTX_CM3.lib(rt_system.o)
    0x000002fc   0x000002fc   0x00000004   Code   RO          606    .ARM.__at_0x02FC    startup_lpc17xx.o
    0x00000300   0x00000300   0x0000002a   Code   RO          216    i.GLCD_Clear        glcd_spi_lpc1700.o
    0x0000032a   0x0000032a   0x0000005e   Code   RO          217    i.GLCD_ClearLn      glcd_spi_lpc1700.o
    0x00000388   0x00000388   0x0000005c   Code   RO          218    i.GLCD_DisplayChar  glcd_spi_lpc1700.o
    0x000003e4   0x000003e4   0x00000028   Code   RO          219    i.GLCD_DisplayString  glcd_spi_lpc1700.o
    0x0000040c   0x0000040c   0x0000009c   Code   RO          220    i.GLCD_DrawChar     glcd_spi_lpc1700.o
    0x000004a8   0x000004a8   0x000005e8   Code   RO          221    i.GLCD_Init         glcd_spi_lpc1700.o
    0x00000a90   0x00000a90   0x0000000c   Code   RO          225    i.GLCD_SetTextColor  glcd_spi_lpc1700.o
    0x00000a9c   0x00000a9c   0x000000ac   Code   RO          226    i.GLCD_SetWindow    glcd_spi_lpc1700.o
    0x00000b48   0x00000b48   0x00000012   Code   RO          227    i.GLCD_WindowMax    glcd_spi_lpc1700.o
    0x00000b5a   0x00000b5a   0x00000002   PAD
    0x00000b5c   0x00000b5c   0x00000058   Code   RO            4    i.LED               main.o
    0x00000bb4   0x00000bb4   0x00000140   Code   RO          617    i.SystemInit        system_lpc17xx.o
    0x00000cf4   0x00000cf4   0x00000068   Code   RO          460    i.UART0_IRQHandler  uart.o
    0x00000d5c   0x00000d5c   0x00000070   Code   RO          461    i.UART1_IRQHandler  uart.o
    0x00000dcc   0x00000dcc   0x000000bc   Code   RO          462    i.UARTInit          uart.o
    0x00000e88   0x00000e88   0x00000024   Code   RO          466    i.UARTSendChar      uart.o
    0x00000eac   0x00000eac   0x00000020   Code   RO         1907    i.__0printf$1       mc_w.l(printf1.o)
    0x00000ecc   0x00000ecc   0x0000001a   Code   RO          467    i.__NVIC_EnableIRQ  uart.o
    0x00000ee6   0x00000ee6   0x0000000e   Code   RO         2160    i.__scatterload_copy  mc_w.l(handlers.o)
    0x00000ef4   0x00000ef4   0x0000000e   Code   RO         2162    i.__scatterload_zeroinit  mc_w.l(handlers.o)
    0x00000f02   0x00000f02   0x00000046   Code   RO         1722    i._init_box         RTX_CM3.lib(rt_membox.o)
    0x00000f48   0x00000f48   0x00000154   Code   RO         1914    i._printf_core      mc_w.l(printf1.o)
    0x0000109c   0x0000109c   0x00000030   Code   RO         1775    i.dbg_init          RTX_CM3.lib(hal_cm.o)
    0x000010cc   0x000010cc   0x00000020   Code   RO         1776    i.dbg_task_notify   RTX_CM3.lib(hal_cm.o)
    0x000010ec   0x000010ec   0x00000010   Code   RO         1777    i.dbg_task_switch   RTX_CM3.lib(hal_cm.o)
    0x000010fc   0x000010fc   0x0000000c   Code   RO            5    i.delay             main.o
    0x00001108   0x00001108   0x0000000e   Code   RO          230    i.delay             glcd_spi_lpc1700.o
    0x00001116   0x00001116   0x0000000e   Code   RO          394    i.fputc             retarget.o
    0x00001124   0x00001124   0x00000048   Code   RO          468    i.getFrequency      uart.o
    0x0000116c   0x0000116c   0x0000002a   Code   RO          652    i.isrMessageGet     RTX_CM3.lib(rt_cmsis.o)
    0x00001196   0x00001196   0x0000002c   Code   RO          653    i.isrMessagePut     RTX_CM3.lib(rt_cmsis.o)
    0x000011c2   0x000011c2   0x00000002   PAD
    0x000011c4   0x000011c4   0x00000056   Code   RO         1568    i.isr_mbx_receive   RTX_CM3.lib(rt_mailbox.o)
    0x0000121a   0x0000121a   0x0000000e   Code   RO         1569    i.isr_mbx_send      RTX_CM3.lib(rt_mailbox.o)
    0x00001228   0x00001228   0x00000148   Code   RO            6    i.joystick          main.o
    0x00001370   0x00001370   0x00000044   Code   RO            7    i.main              main.o
    0x000013b4   0x000013b4   0x00000024   Code   RO          657    i.osKernelInitialize  RTX_CM3.lib(rt_cmsis.o)
    0x000013d8   0x000013d8   0x0000006c   Code   RO          659    i.osKernelStart     RTX_CM3.lib(rt_cmsis.o)
    0x00001444   0x00001444   0x00000018   Code   RO          668    i.osMessageGet      RTX_CM3.lib(rt_cmsis.o)
    0x0000145c   0x0000145c   0x0000002c   Code   RO          685    i.osThreadCreate    RTX_CM3.lib(rt_cmsis.o)
    0x00001488   0x00001488   0x00000018   Code   RO          686    i.osThreadExit      RTX_CM3.lib(rt_cmsis.o)
    0x000014a0   0x000014a0   0x00000018   Code   RO          691    i.osThreadYield     RTX_CM3.lib(rt_cmsis.o)
    0x000014b8   0x000014b8   0x0000000c   Code   RO          692    i.osTimerCall       RTX_CM3.lib(rt_cmsis.o)
    0x000014c4   0x000014c4   0x0000002c   Code   RO          697    i.osTimerThread     RTX_CM3.lib(rt_cmsis.o)
    0x000014f0   0x000014f0   0x00000022   Code   RO          566    i.os_error          rtx_conf_cm.o
    0x00001512   0x00001512   0x00000002   PAD
    0x00001514   0x00001514   0x00000028   Code   RO         1356    i.os_tick_init      RTX_CM3.lib(rt_system.o)
    0x0000153c   0x0000153c   0x00000078   Code   RO            8    i.potentiometer     main.o
    0x000015b4   0x000015b4   0x0000008c   Code   RO          231    i.rd_id_man         glcd_spi_lpc1700.o
    0x00001640   0x00001640   0x00000048   Code   RO          232    i.rd_reg            glcd_spi_lpc1700.o
    0x00001688   0x00001688   0x0000001a   Code   RO         1723    i.rt_alloc_box      RTX_CM3.lib(rt_membox.o)
    0x000016a2   0x000016a2   0x0000003e   Code   RO         1751    i.rt_alloc_mem      RTX_CM3.lib(rt_memory.o)
    0x000016e0   0x000016e0   0x00000038   Code   RO         1271    i.rt_block          RTX_CM3.lib(rt_task.o)
    0x00001718   0x00001718   0x00000048   Code   RO         1823    i.rt_chk_robin      RTX_CM3.lib(rt_robin.o)
    0x00001760   0x00001760   0x00000070   Code   RO         1492    i.rt_dec_dly        RTX_CM3.lib(rt_list.o)
    0x000017d0   0x000017d0   0x00000044   Code   RO         1272    i.rt_dispatch       RTX_CM3.lib(rt_task.o)
    0x00001814   0x00001814   0x00000050   Code   RO         1449    i.rt_evt_psh        RTX_CM3.lib(rt_event.o)
    0x00001864   0x00001864   0x0000002c   Code   RO         1724    i.rt_free_box       RTX_CM3.lib(rt_membox.o)
    0x00001890   0x00001890   0x00000028   Code   RO         1752    i.rt_free_mem       RTX_CM3.lib(rt_memory.o)
    0x000018b8   0x000018b8   0x00000028   Code   RO         1493    i.rt_get_first      RTX_CM3.lib(rt_list.o)
    0x000018e0   0x000018e0   0x00000024   Code   RO         1494    i.rt_get_same_rdy_prio  RTX_CM3.lib(rt_list.o)
    0x00001904   0x00001904   0x00000008   Code   RO          702    i.rt_id2obj         RTX_CM3.lib(rt_cmsis.o)
    0x0000190c   0x0000190c   0x00000048   Code   RO         1273    i.rt_init_context   RTX_CM3.lib(rt_task.o)
    0x00001954   0x00001954   0x0000001a   Code   RO         1753    i.rt_init_mem       RTX_CM3.lib(rt_memory.o)
    0x0000196e   0x0000196e   0x00000002   PAD
    0x00001970   0x00001970   0x00000018   Code   RO         1824    i.rt_init_robin     RTX_CM3.lib(rt_robin.o)
    0x00001988   0x00001988   0x00000080   Code   RO         1778    i.rt_init_stack     RTX_CM3.lib(hal_cm.o)
    0x00001a08   0x00001a08   0x00000008   Code   RO         1570    i.rt_mbx_check      RTX_CM3.lib(rt_mailbox.o)
    0x00001a10   0x00001a10   0x0000001a   Code   RO         1571    i.rt_mbx_init       RTX_CM3.lib(rt_mailbox.o)
    0x00001a2a   0x00001a2a   0x00000002   PAD
    0x00001a2c   0x00001a2c   0x000000f0   Code   RO         1572    i.rt_mbx_psh        RTX_CM3.lib(rt_mailbox.o)
    0x00001b1c   0x00001b1c   0x000000b4   Code   RO         1574    i.rt_mbx_wait       RTX_CM3.lib(rt_mailbox.o)
    0x00001bd0   0x00001bd0   0x00000044   Code   RO          703    i.rt_ms2tick        RTX_CM3.lib(rt_cmsis.o)
    0x00001c14   0x00001c14   0x0000007c   Code   RO         1360    i.rt_pop_req        RTX_CM3.lib(rt_system.o)
    0x00001c90   0x00001c90   0x00000020   Code   RO         1361    i.rt_psh_req        RTX_CM3.lib(rt_system.o)
    0x00001cb0   0x00001cb0   0x0000005c   Code   RO         1495    i.rt_psq_enq        RTX_CM3.lib(rt_list.o)
    0x00001d0c   0x00001d0c   0x00000048   Code   RO         1496    i.rt_put_dly        RTX_CM3.lib(rt_list.o)
    0x00001d54   0x00001d54   0x00000036   Code   RO         1497    i.rt_put_prio       RTX_CM3.lib(rt_list.o)
    0x00001d8a   0x00001d8a   0x00000002   PAD
    0x00001d8c   0x00001d8c   0x00000014   Code   RO         1498    i.rt_put_rdy_first  RTX_CM3.lib(rt_list.o)
    0x00001da0   0x00001da0   0x00000034   Code   RO         1499    i.rt_resort_prio    RTX_CM3.lib(rt_list.o)
    0x00001dd4   0x00001dd4   0x00000006   Code   RO         1779    i.rt_ret_val        RTX_CM3.lib(hal_cm.o)
    0x00001dda   0x00001dda   0x00000008   Code   RO         1780    i.rt_ret_val2       RTX_CM3.lib(hal_cm.o)
    0x00001de2   0x00001de2   0x00000028   Code   RO         1500    i.rt_rmv_dly        RTX_CM3.lib(rt_list.o)
    0x00001e0a   0x00001e0a   0x00000002   PAD
    0x00001e0c   0x00001e0c   0x00000030   Code   RO         1501    i.rt_rmv_list       RTX_CM3.lib(rt_list.o)
    0x00001e3c   0x00001e3c   0x00000034   Code   RO         1619    i.rt_sem_psh        RTX_CM3.lib(rt_semaphore.o)
    0x00001e70   0x00001e70   0x00000024   Code   RO         1363    i.rt_stk_check      RTX_CM3.lib(rt_system.o)
    0x00001e94   0x00001e94   0x00000028   Code   RO         1274    i.rt_switch_req     RTX_CM3.lib(rt_task.o)
    0x00001ebc   0x00001ebc   0x000000cc   Code   RO         1275    i.rt_sys_init       RTX_CM3.lib(rt_task.o)
    0x00001f88   0x00001f88   0x00000078   Code   RO         1276    i.rt_sys_start      RTX_CM3.lib(rt_task.o)
    0x00002000   0x00002000   0x00000040   Code   RO         1365    i.rt_systick        RTX_CM3.lib(rt_system.o)
    0x00002040   0x00002040   0x00000012   Code   RO          704    i.rt_tid2ptcb       RTX_CM3.lib(rt_cmsis.o)
    0x00002052   0x00002052   0x00000002   PAD
    0x00002054   0x00002054   0x00000034   Code   RO          705    i.rt_timer_insert   RTX_CM3.lib(rt_cmsis.o)
    0x00002088   0x00002088   0x00000088   Code   RO         1277    i.rt_tsk_create     RTX_CM3.lib(rt_task.o)
    0x00002110   0x00002110   0x0000017c   Code   RO         1278    i.rt_tsk_delete     RTX_CM3.lib(rt_task.o)
    0x0000228c   0x0000228c   0x00000030   Code   RO         1279    i.rt_tsk_pass       RTX_CM3.lib(rt_task.o)
    0x000022bc   0x000022bc   0x0000007c   Code   RO         1280    i.rt_tsk_prio       RTX_CM3.lib(rt_task.o)
    0x00002338   0x00002338   0x00000010   Code   RO         1281    i.rt_tsk_self       RTX_CM3.lib(rt_task.o)
    0x00002348   0x00002348   0x00000044   Code   RO          396    i.sendchar          retarget.o
    0x0000238c   0x0000238c   0x00000020   Code   RO          233    i.spi_tran          glcd_spi_lpc1700.o
    0x000023ac   0x000023ac   0x00000080   Code   RO          234    i.spi_tran_man      glcd_spi_lpc1700.o
    0x0000242c   0x0000242c   0x00000070   Code   RO          708    i.svcKernelInitialize  RTX_CM3.lib(rt_cmsis.o)
    0x0000249c   0x0000249c   0x00000048   Code   RO          710    i.svcKernelStart    RTX_CM3.lib(rt_cmsis.o)
    0x000024e4   0x000024e4   0x00000024   Code   RO          713    i.svcMessageCreate  RTX_CM3.lib(rt_cmsis.o)
    0x00002508   0x00002508   0x0000003a   Code   RO          714    i.svcMessageGet     RTX_CM3.lib(rt_cmsis.o)
    0x00002542   0x00002542   0x00000002   PAD
    0x00002544   0x00002544   0x0000006c   Code   RO          728    i.svcThreadCreate   RTX_CM3.lib(rt_cmsis.o)
    0x000025b0   0x000025b0   0x0000001c   Code   RO          729    i.svcThreadGetId    RTX_CM3.lib(rt_cmsis.o)
    0x000025cc   0x000025cc   0x00000038   Code   RO          732    i.svcThreadTerminate  RTX_CM3.lib(rt_cmsis.o)
    0x00002604   0x00002604   0x0000000a   Code   RO          733    i.svcThreadYield    RTX_CM3.lib(rt_cmsis.o)
    0x0000260e   0x0000260e   0x00000018   Code   RO          734    i.svcTimerCall      RTX_CM3.lib(rt_cmsis.o)
    0x00002626   0x00002626   0x00000002   PAD
    0x00002628   0x00002628   0x0000005c   Code   RO          743    i.sysTimerTick      RTX_CM3.lib(rt_cmsis.o)
    0x00002684   0x00002684   0x00000028   Code   RO          235    i.wr_cmd            glcd_spi_lpc1700.o
    0x000026ac   0x000026ac   0x00000028   Code   RO          236    i.wr_dat            glcd_spi_lpc1700.o
    0x000026d4   0x000026d4   0x00000012   Code   RO          237    i.wr_dat_only       glcd_spi_lpc1700.o
    0x000026e6   0x000026e6   0x00000002   PAD
    0x000026e8   0x000026e8   0x00000014   Code   RO          238    i.wr_dat_start      glcd_spi_lpc1700.o
    0x000026fc   0x000026fc   0x0000000c   Code   RO          239    i.wr_dat_stop       glcd_spi_lpc1700.o
    0x00002708   0x00002708   0x00000014   Code   RO          240    i.wr_reg            glcd_spi_lpc1700.o
    0x0000271c   0x0000271c   0x00000030   Data   RO            9    .constdata          main.o
    0x0000274c   0x0000274c   0x00001880   Data   RO          241    .constdata          glcd_spi_lpc1700.o
    0x00003fcc   0x00003fcc   0x00000068   Data   RO          569    .constdata          rtx_conf_cm.o
    0x00004034   0x00004034   0x00000020   Data   RO         2158    Region$$Table       anon$$obj.o


    Execution Region ER_RW (Exec base: 0x10000000, Load base: 0x00004054, Size: 0x00000070, Max: 0xffffffff, ABSOLUTE)

    Exec Addr    Load Addr    Size         Type   Attr      Idx    E Section Name        Object

    0x10000000   0x00004054   0x00000005   Data   RW          242    .data               glcd_spi_lpc1700.o
    0x10000005   0x00004059   0x00000003   PAD
    0x10000008   0x0000405c   0x0000000c   Data   RW          397    .data               retarget.o
    0x10000014   0x00004068   0x00000020   Data   RW          470    .data               uart.o
    0x10000034   0x00004088   0x00000010   Data   RW          570    .data               rtx_conf_cm.o
    0x10000044   0x00004098   0x00000004   Data   RW          618    .data               system_lpc17xx.o
    0x10000048   0x0000409c   0x00000008   Data   RW          746    .data               RTX_CM3.lib(rt_cmsis.o)
    0x10000050   0x000040a4   0x00000008   Data   RW         1283    .data               RTX_CM3.lib(rt_task.o)
    0x10000058   0x000040ac   0x00000008   Data   RW         1368    .data               RTX_CM3.lib(rt_system.o)
    0x10000060   0x000040b4   0x00000004   Data   RW         1662    .data               RTX_CM3.lib(rt_time.o)
    0x10000064   0x000040b8   0x00000001   Data   RW         1781    .data               RTX_CM3.lib(hal_cm.o)
    0x10000065   0x000040b9   0x00000003   PAD
    0x10000068   0x000040bc   0x00000008   Data   RW         1825    .data               RTX_CM3.lib(rt_robin.o)


    Execution Region ER_ZI (Exec base: 0x10000070, Load base: 0x000040c4, Size: 0x00003218, Max: 0xffffffff, ABSOLUTE)

    Exec Addr    Load Addr    Size         Type   Attr      Idx    E Section Name        Object

    0x10000070        -       0x00000080   Zero   RW          469    .bss                uart.o
    0x100000f0        -       0x00001130   Zero   RW          568    .bss                rtx_conf_cm.o
    0x10001220        -       0x00000034   Zero   RW         1282    .bss                RTX_CM3.lib(rt_task.o)
    0x10001254        -       0x00000030   Zero   RW         1502    .bss                RTX_CM3.lib(rt_list.o)
    0x10001284   0x000040c4   0x00000004   PAD
    0x10001288        -       0x00002000   Zero   RW          603    STACK               startup_lpc17xx.o


==============================================================================

Image component sizes


      Code (inc. data)   RO Data    RW Data    ZI Data      Debug   Object Name

      2686         94       6272          5          0      13304   glcd_spi_lpc1700.o
       616        118         48          0          0      28945   main.o
        82          4          0         12          0       2766   retarget.o
        62          6        104         16       4400       7520   rtx_conf_cm.o
        40         12        204          0       8192        952   startup_lpc17xx.o
       320         18          0          4          0        767   system_lpc17xx.o
       616         86          0         32        128      32095   uart.o

    ----------------------------------------------------------------------
      4430        338       6660         72      12720      86349   Object Totals
         0          0         32          0          0          0   (incl. Generated)
         8          0          0          3          0          0   (incl. Padding)

    ----------------------------------------------------------------------

      Code (inc. data)   RO Data    RW Data    ZI Data      Debug   Library Member Name

       238         24          0          1          0       3312   hal_cm.o
       304         36          0          0          0        768   hal_cm3.o
      1144        144          0          8          0      32802   rt_cmsis.o
        80          4          0          0          0        661   rt_event.o
       566         44          0          0         48       8792   rt_list.o
       554         10          0          0          0       3949   rt_mailbox.o
       140          0          0          0          0       1925   rt_membox.o
       128          0          0          0          0       2307   rt_memory.o
        96         22          0          8          0       1158   rt_robin.o
        52          4          0          0          0        573   rt_semaphore.o
       298         52          0          8          0       6223   rt_system.o
      1264        184          0          8         52      10147   rt_task.o
         0          0          0          4          0        214   rt_time.o
         4          4          0          0          0        208   svc_table.o
         0          0          0          0          0          0   entry.o
         0          0          0          0          0          0   entry10a.o
         0          0          0          0          0          0   entry11a.o
         8          4          0          0          0          0   entry2.o
         4          0          0          0          0          0   entry5.o
         0          0          0          0          0          0   entry7b.o
         0          0          0          0          0          0   entry8b.o
        30          0          0          0          0          0   handlers.o
        36          8          0          0          0         68   init.o
       372         14          0          0          0        184   printf1.o
        44          0          0          0          0         80   uidiv.o

    ----------------------------------------------------------------------
      5378        554          0         40        104      73371   Library Totals
        16          0          0          3          4          0   (incl. Padding)

    ----------------------------------------------------------------------

      Code (inc. data)   RO Data    RW Data    ZI Data      Debug   Library Name

      4868        528          0         37        100      73039   RTX_CM3.lib
       494         26          0          0          0        332   mc_w.l

    ----------------------------------------------------------------------
      5378        554          0         40        104      73371   Library Totals

    ----------------------------------------------------------------------

==============================================================================


      Code (inc. data)   RO Data    RW Data    ZI Data      Debug   

      9808        892       6660        112      12824     154204   Grand Totals
      9808        892       6660        112      12824     154204   ELF Image Totals
      9808        892       6660        112          0          0   ROM Totals

==============================================================================

    Total RO  Size (Code + RO Data)                16468 (  16.08kB)
    Total RW  Size (RW Data + ZI Data)             12936 (  12.63kB)
    Total ROM Size (Code + RO Data + RW Data)      16580 (  16.19kB)

==============================================================================

